Create an approximate solution
Approximate Fourier order m_app = 200
alpha = 1
beta = 5
tilde{omega} = 1
omega = tilde{omega}/n = [0.5,0.5]
tau = 0.1
gamma = 1
mu = 0.1
k = 0.1
n = 2
i = 0, 0.51743687129825422 <= 7.1054273576010019e-15
i = 1, 0.25417979988294315 <= 7.1054273576010019e-15
i = 2, 0.19625742758514891 <= 7.1054273576010019e-15
i = 3, 0.04769642418154748 <= 7.1054273576010019e-15
i = 4, 0.0044746975984718117 <= 7.1054273576010019e-15
i = 5, 0.00036261929772761882 <= 7.1054273576010019e-15
i = 6, 2.354764672780751e-07 <= 7.1054273576010019e-15
i = 7, 6.6014493191850562e-14 <= 7.1054273576010019e-15
i = 8, 1.1691776352041071e-14 <= 7.1054273576010019e-15
i = 9, 1.1943569837274615e-14 <= 7.1054273576010019e-15
Convergence : i = 10, 2.4903387594453984e-15 <= 7.1054273576010019e-15

========================================================
Approximation: 

========================================================
Compute the constant M
Verification Fourier order m_verify = 800

Compute || xh ||_{Linf} and || yh ||_{Linf}
|| xh ||_{Linf} = [2.9924438919242586,2.9924438919244434]
|| yh ||_{Linf} = [4.7961053424100148,4.7961053424104386]

Compute K0 ( ||N'[zh]|| )
K0 = [56.349266919798637,56.349266919812387]
------------------------------ bdab method -----------------------------
A size: 3202, 3202
clist size: 3202

 Mninf: 

Check BDAB || DFinv ||_2 in [23.204078505386192,23.204417407633777]

Check BDAB || DFinv L^1/2 ||_2 in [23.131067762320473,23.131283915004215]
Linear solver Check || I - RA || < 1: 9.8220121152600577e-11 < 1 ?
(kk1): || A^{-1}*B ||_{inf} <= [0.19569435067898943,0.19569435067908345]
Linear solver Check || I - RA || < 1: 9.6503065605862126e-16 < 1 ?
(kk2): || Dd^{-1}*[C, Df] ||_{inf} <= [0.47554361144782036,0.47554361144801261]
(kk): max( || A^{-1}*B ||_{inf}, || Dd^{-1}*[C, Df] ||_{inf}) <= [0.47554361144782036,0.47554361144801261]
Linear solver Check || I - RA || < 1: 9.8220121152600577e-11 < 1 ?
|| norm_invA || <= [64.821591604834793,64.821591605963576]
Linear solver Check || I - RA || < 1: 9.6503065605862126e-16 < 1 ?
|| Ddinv || <= [0.0050149158238921428,0.0050149158238942324]
kk < 1 !!
ninvM2 <= [123.59767755672119,123.59767755891882]
ninvM3 <= [0.0095621217194748579,0.0095621217194823486]
Mninf = [123.59767755672119,123.59767755891882]

 Mnone: 

Check BDAB || DFinv ||_2 in [23.20408402406208,23.204412144472322]

Check BDAB || DFinv L^1/2 ||_2 in [23.201456847474322,23.201653622269785]
Linear solver Check || I - RA || < 1: 1.005216545400361e-10 < 1 ?
(kk1): || A^{-1}*B ||_{inf} <= [0.18917772127364115,0.18917772127373409]
Linear solver Check || I - RA || < 1: 7.164562133812522e-16 < 1 ?
(kk2): || Dd^{-1}*[C, Df] ||_{inf} <= [0.46868696986070246,0.46868696986089282]
(kk): max( || A^{-1}*B ||_{inf}, || Dd^{-1}*[C, Df] ||_{inf}) <= [0.46868696986070246,0.46868696986089282]
Linear solver Check || I - RA || < 1: 1.005216545400361e-10 < 1 ?
|| norm_invA || <= [66.58638664990876,66.58638665102582]
Linear solver Check || I - RA || < 1: 7.164562133812522e-16 < 1 ?
|| Ddinv || <= [0.0050041437971520578,0.0050041437971541404]
kk < 1 !!
ninvM2 <= [125.3242116656755,125.32421166782288]
ninvM3 <= [0.0094184473432546746,0.0094184473432619709]
Mnone = [125.3242116656755,125.32421166782288]

 Mn: 
Mn = [124.4579507444359,124.45795074660866]
|| DF^{-1} ||_{L(Z,D(L))} <= (1+Mn*K0+sigman(1+Mn*K0)+Mn)/(1-sigman*K0(1+M_n*K0)) := M
M = [7015.218386454283,7015.2183865784501]

========================================================
Compute Residual norm || F(zh) ||_Z <= r 
|| F(zh) ||_Z <= [8.6048745629768248e-12,8.6048745629768249e-12]

========================================================
Compute eta = M*r
eta = [6.0365074247327772e-08,6.0365074248396239e-08]
Compute r0 = 2*eta = 2*M*r
r0 = [1.2073014849465554e-07,1.2073014849679248e-07]
Compute b(r0)
tilde_b(r0) = [3.5816216834609817e-06,3.5816216835246134e-06]
b(r0)
b(r0) = [0.02512585828713882,0.025125858288029931]
eta + r0*br0 = [6.3398522849389707e-08,6.3398522850619468e-08]
Sufficient condition
6.3398522850619467e-08 < 1.2073014849465555e-07?
48253 [msec]
Verification Success!!
