Create an approximate solution
Approximate Fourier order m_app = 110
alpha = 1
beta = 5
tilde{omega} = 1
omega = tilde{omega}/n = [0.5,0.5]
tau = 0.1
gamma = 1
mu = 0.1
k = 0.1
n = 2
i = 0, 0.51743484179712884 <= 7.1054273576010019e-15
i = 1, 0.25416994476683646 <= 7.1054273576010019e-15
i = 2, 0.1962505335071757 <= 7.1054273576010019e-15
i = 3, 0.047691025071458636 <= 7.1054273576010019e-15
i = 4, 0.0044742213679127372 <= 7.1054273576010019e-15
i = 5, 0.00036247881687457607 <= 7.1054273576010019e-15
i = 6, 2.3529507362344978e-07 <= 7.1054273576010019e-15
i = 7, 8.3529103823306828e-14 <= 7.1054273576010019e-15
Convergence : i = 8, 1.6300152030706816e-15 <= 7.1054273576010019e-15

========================================================
Approximation: 

========================================================
Compute the constant M
Verification Fourier order m_verify = 440

Compute || xh ||_{Linf} and || yh ||_{Linf}
|| xh ||_{Linf} = [2.9924438919242968,2.9924438919244012]
|| yh ||_{Linf} = [4.7961053424101338,4.7961053424103977]

Compute K0 ( ||N'[zh]|| )
K0 = [56.3492669198015,56.34926691980904]
------------------------------ bdab method -----------------------------
A size: 1762, 1762
clist size: 1762

 Mninf: 

Check BDAB || DFinv ||_2 in [23.204188908817208,23.204307121372353]

Check BDAB || DFinv L^1/2 ||_2 in [23.131118376605794,23.13123351141277]
Linear solver Check || I - RA || < 1: 5.3333189509645696e-11 < 1 ?
(kk1): || A^{-1}*B ||_{inf} <= [0.35675087284116047,0.35675087284126034]
Linear solver Check || I - RA || < 1: 9.673665203514553e-16 < 1 ?
(kk2): || Dd^{-1}*[C, Df] ||_{inf} <= [0.83338435200358373,0.8333843520037888]
(kk): max( || A^{-1}*B ||_{inf}, || Dd^{-1}*[C, Df] ||_{inf}) <= [0.83338435200358373,0.8333843520037888]
Linear solver Check || I - RA || < 1: 5.3333189509645696e-11 < 1 ?
|| norm_invA || <= [64.821591605057008,64.821591605671401]
Linear solver Check || I - RA || < 1: 9.673665203514553e-16 < 1 ?
|| Ddinv || <= [0.0091438149066566908,0.0091438149066589876]
kk < 1 !!
ninvM2 <= [389.04864209663702,389.04864210080337]
ninvM3 <= [0.054879688772409687,0.054879688772491019]
Mninf = [389.04864209663702,389.04864210080337]

 Mnone: 

Check BDAB || DFinv ||_2 in [23.20419043015816,23.204305697490782]

Check BDAB || DFinv L^1/2 ||_2 in [23.20150270621081,23.201607831388458]
Linear solver Check || I - RA || < 1: 5.5526706144259439e-11 < 1 ?
(kk1): || A^{-1}*B ||_{inf} <= [0.34455003660854233,0.34455003660864081]
Linear solver Check || I - RA || < 1: 6.9386664416974814e-16 < 1 ?
(kk2): || Dd^{-1}*[C, Df] ||_{inf} <= [0.82221843924685766,0.8222184392470604]
(kk): max( || A^{-1}*B ||_{inf}, || Dd^{-1}*[C, Df] ||_{inf}) <= [0.82221843924685766,0.8222184392470604]
Linear solver Check || I - RA || < 1: 5.5526706144259439e-11 < 1 ?
|| norm_invA || <= [66.586386650112913,66.586386650720585]
Linear solver Check || I - RA || < 1: 6.9386664416974814e-16 < 1 ?
|| Ddinv || <= [0.0091179550144439795,0.0091179550144462711]
kk < 1 !!
ninvM2 <= [374.5404549719928,374.54045497583804]
ninvM3 <= [0.051287405599417974,0.051287405599489356]
Mnone = [374.5404549719928,374.54045497583804]

 Mn: 
Mn = [381.7256284520472,381.72562845605075]
|| DF^{-1} ||_{L(Z,D(L))} <= (1+Mn*K0+sigman(1+Mn*K0)+Mn)/(1-sigman*K0(1+M_n*K0)) := M
M = [21514.346042967179,21514.346043195703]

========================================================
Compute Residual norm || F(zh) ||_Z <= r 
|| F(zh) ||_Z <= [1.2992071173575777e-11,1.2992071173575778e-11]

========================================================
Compute eta = M*r
eta = [2.7951591504316793e-07,2.79515915046137e-07]
Compute r0 = 2*eta = 2*M*r
r0 = [5.5903183008633586e-07,5.5903183009227399e-07]
Compute b(r0)
tilde_b(r0) = [1.6584429479354839e-05,1.6584429479531653e-05]
b(r0)
b(r0) = [0.35680315474402601,0.35680315475162]
eta + r0*br0 = [4.7898023562029882e-07,4.7898023562963207e-07]
Sufficient condition
4.7898023562963207e-07 < 5.5903183008633586e-07?
17232 [msec]
Verification Success!!
