Create an approximate solution
Approximate Fourier order m_app = 60
alpha = 1
beta = 5
tilde{omega} = 1
omega = tilde{omega}/n = [0.5,0.5]
tau = 0.1
gamma = 1
mu = 0.1
k = 0.1
n = 2
i = 0, 0.51743371087984613 <= 7.1054273576010019e-15
i = 1, 0.25416444921124642 <= 7.1054273576010019e-15
i = 2, 0.19624668639786375 <= 7.1054273576010019e-15
i = 3, 0.047688012202910274 <= 7.1054273576010019e-15
i = 4, 0.004473954939533527 <= 7.1054273576010019e-15
i = 5, 0.0003624004138713747 <= 7.1054273576010019e-15
i = 6, 2.3519385204332259e-07 <= 7.1054273576010019e-15
i = 7, 6.5981612051197805e-14 <= 7.1054273576010019e-15
Convergence : i = 8, 2.768363555779367e-15 <= 7.1054273576010019e-15

========================================================
Approximation: 

========================================================
Compute the constant M
Verification Fourier order m_verify = 240

Compute || xh ||_{Linf} and || yh ||_{Linf}
|| xh ||_{Linf} = [2.992443902654498,2.9924439026545562]
|| yh ||_{Linf} = [4.796105516191079,4.7961055161912532]

Compute K0 ( ||N'[zh]|| )
K0 = [56.349267356072346,56.349267356076368]
------------------------------ bdab method -----------------------------
A size: 962, 962
clist size: 962

 Mninf: 

Check BDAB || DFinv ||_2 in [23.204225387700994,23.204270683164552]

Check BDAB || DFinv L^1/2 ||_2 in [23.131142757558695,23.131209100959577]
Linear solver Check || I - RA || < 1: 2.8648419468615748e-11 < 1 ?
(kk1): || A^{-1}*B ||_{inf} <= [0.66111785784219612,0.66111785784230115]
Linear solver Check || I - RA || < 1: 9.5992644918913919e-16 < 1 ?
(kk2): || Dd^{-1}*[C, Df] ||_{inf} <= [1.5739962091416079,1.5739962091418241]
(kk): max( || A^{-1}*B ||_{inf}, || Dd^{-1}*[C, Df] ||_{inf}) <= [1.5739962091416079,1.5739962091418241]
Linear solver Check || I - RA || < 1: 2.8648419468615748e-11 < 1 ?
|| norm_invA || <= [64.82157637462609,64.821576374953282]
Linear solver Check || I - RA || < 1: 9.5992644918913919e-16 < 1 ?
|| Ddinv || <= [0.016821029553468969,0.016821029553471496]
kk >= 1...
Verification Failure... (bijectivity is not verified: kk >= 1)
