Create an approximate solution
Approximate Fourier order m_app = 70
alpha = 1
beta = 5
tilde{omega} = 1
omega = tilde{omega}/n = [0.5,0.5]
tau = 0.1
gamma = 1
mu = 0.1
k = 0.1
n = 2
i = 0, 0.51743394008648724 <= 7.1054273576010019e-15
i = 1, 0.25416556620531211 <= 7.1054273576010019e-15
i = 2, 0.1962474705434846 <= 7.1054273576010019e-15
i = 3, 0.047688626881617631 <= 7.1054273576010019e-15
i = 4, 0.0044740097117618675 <= 7.1054273576010019e-15
i = 5, 0.00036241642180878311 <= 7.1054273576010019e-15
i = 6, 2.3521452295613219e-07 <= 7.1054273576010019e-15
i = 7, 7.3649754992883573e-14 <= 7.1054273576010019e-15
Convergence : i = 8, 1.7910607291120036e-15 <= 7.1054273576010019e-15

========================================================
Approximation: 

========================================================
Compute the constant M
Verification Fourier order m_verify = 280

Compute || xh ||_{Linf} and || yh ||_{Linf}
|| xh ||_{Linf} = [2.992443892434673,2.9924438924347419]
|| yh ||_{Linf} = [4.796105356222081,4.796105356222272]

Compute K0 ( ||N'[zh]|| )
K0 = [56.34926694679968,56.349266946804413]
------------------------------ bdab method -----------------------------
A size: 1122, 1122
clist size: 1122

 Mninf: 

Check BDAB || DFinv ||_2 in [23.204218909237265,23.204277145486476]

Check BDAB || DFinv L^1/2 ||_2 in [23.131136693751461,23.131215151358401]
Linear solver Check || I - RA || < 1: 3.318756258128456e-11 < 1 ?
(kk1): || A^{-1}*B ||_{inf} <= [0.56446335248275614,0.5644633524828735]
Linear solver Check || I - RA || < 1: 9.6126878712585743e-16 < 1 ?
(kk2): || Dd^{-1}*[C, Df] ||_{inf} <= [1.3502032477993155,1.3502032477995572]
(kk): max( || A^{-1}*B ||_{inf}, || Dd^{-1}*[C, Df] ||_{inf}) <= [1.3502032477993155,1.3502032477995572]
Linear solver Check || I - RA || < 1: 3.318756258128456e-11 < 1 ?
|| norm_invA || <= [64.821590931103983,64.821590931487137]
Linear solver Check || I - RA || < 1: 9.6126878712585743e-16 < 1 ?
|| Ddinv || <= [0.014401272091681606,0.014401272091683088]
kk >= 1...
Verification Failure... (bijectivity is not verified: kk >= 1)
