Create an approximate solution
Approximate Fourier order m_app = 90
alpha = 1
beta = 5
tilde{omega} = 1
omega = tilde{omega}/n = [0.5,0.5]
tau = 0.1
gamma = 1
mu = 0.1
k = 0.1
n = 2
i = 0, 0.51743439112621059 <= 7.1054273576010019e-15
i = 1, 0.25416775622605148 <= 7.1054273576010019e-15
i = 2, 0.19624900249425445 <= 7.1054273576010019e-15
i = 3, 0.047689826220390648 <= 7.1054273576010019e-15
i = 4, 0.0044741155717886944 <= 7.1054273576010019e-15
i = 5, 0.00036244762607653405 <= 7.1054273576010019e-15
i = 6, 2.3525480128148521e-07 <= 7.1054273576010019e-15
i = 7, 8.8761535806656282e-14 <= 7.1054273576010019e-15
Convergence : i = 8, 4.1199607325660255e-15 <= 7.1054273576010019e-15

========================================================
Approximation: 

========================================================
Compute the constant M
Verification Fourier order m_verify = 360

Compute || xh ||_{Linf} and || yh ||_{Linf}
|| xh ||_{Linf} = [2.9924438919243532,2.992443891924439]
|| yh ||_{Linf} = [4.7961053423535791,4.7961053423538065]

Compute K0 ( ||N'[zh]|| )
K0 = [56.349266919852794,56.34926691985892]
------------------------------ bdab method -----------------------------
A size: 1442, 1442
clist size: 1442

 Mninf: 

Check BDAB || DFinv ||_2 in [23.20420545263699,23.204290580789163]

Check BDAB || DFinv L^1/2 ||_2 in [23.131124015577,23.131227847548584]
Linear solver Check || I - RA || < 1: 4.320739085741666e-11 < 1 ?
(kk1): || A^{-1}*B ||_{inf} <= [0.43703223905917149,0.43703223905925793]
Linear solver Check || I - RA || < 1: 9.6280204262328458e-16 < 1 ?
(kk2): || Dd^{-1}*[C, Df] ||_{inf} <= [1.0427924684420348,1.0427924684423271]
(kk): max( || A^{-1}*B ||_{inf}, || Dd^{-1}*[C, Df] ||_{inf}) <= [1.0427924684420348,1.0427924684423271]
Linear solver Check || I - RA || < 1: 4.320739085741666e-11 < 1 ?
|| norm_invA || <= [64.821591603614251,64.821591604112613]
Linear solver Check || I - RA || < 1: 9.6280204262328458e-16 < 1 ?
|| Ddinv || <= [0.011266361171525126,0.011266361171527011]
kk >= 1...
Verification Failure... (bijectivity is not verified: kk >= 1)
