Create an approximate solution
Approximate Fourier order m_app = 80
alpha = 1
beta = 5
tilde{omega} = 1
omega = tilde{omega}/n = [0.5,0.5]
tau = 0.1
gamma = 1
mu = 0.1
k = 0.1
n = 2
i = 0, 0.5174341657072804 <= 7.1054273576010019e-15
i = 1, 0.25416666157334933 <= 7.1054273576010019e-15
i = 2, 0.19624823674354117 <= 7.1054273576010019e-15
i = 3, 0.047689226610467157 <= 7.1054273576010019e-15
i = 4, 0.0044740626589189966 <= 7.1054273576010019e-15
i = 5, 0.00036243202677014571 <= 7.1054273576010019e-15
i = 6, 2.3523465575852705e-07 <= 7.1054273576010019e-15
i = 7, 8.5241962551203076e-14 <= 7.1054273576010019e-15
i = 8, 1.6002369355244738e-14 <= 7.1054273576010019e-15
i = 9, 9.037655145819611e-15 <= 7.1054273576010019e-15
Convergence : i = 10, 1.1654309612850287e-15 <= 7.1054273576010019e-15

========================================================
Approximation: 

========================================================
Compute the constant M
Verification Fourier order m_verify = 320

Compute || xh ||_{Linf} and || yh ||_{Linf}
|| xh ||_{Linf} = [2.9924438919409515,2.9924438919410279]
|| yh ||_{Linf} = [4.7961053418223356,4.7961053418225462]

Compute K0 ( ||N'[zh]|| )
K0 = [56.349266921267954,56.349266921273376]
------------------------------ bdab method -----------------------------
A size: 1282, 1282
clist size: 1282

 Mninf: 

Check BDAB || DFinv ||_2 in [23.20421167211575,23.204284391781631]

Check BDAB || DFinv L^1/2 ||_2 in [23.131129987476914,23.131221881153707]
Linear solver Check || I - RA || < 1: 3.8546744881224794e-11 < 1 ?
(kk1): || A^{-1}*B ||_{inf} <= [0.49258922619256478,0.49258922619264445]
Linear solver Check || I - RA || < 1: 9.3844832369675682e-16 < 1 ?
(kk2): || Dd^{-1}*[C, Df] ||_{inf} <= [1.1777367391775155,1.1777367391777823]
(kk): max( || A^{-1}*B ||_{inf}, || Dd^{-1}*[C, Df] ||_{inf}) <= [1.1777367391775155,1.1777367391777823]
Linear solver Check || I - RA || < 1: 3.8546744881224794e-11 < 1 ?
|| norm_invA || <= [64.821591575093947,64.821591575536389]
Linear solver Check || I - RA || < 1: 9.3844832369675682e-16 < 1 ?
|| Ddinv || <= [0.012635346390590038,0.012635346390591713]
kk >= 1...
Verification Failure... (bijectivity is not verified: kk >= 1)
