Create an approximate solution
Approximate Fourier order m_app = 55
alpha = 1
beta = 5
tilde{omega} = 1
omega = tilde{omega}/n = [0.5,0.5]
tau = 0.1
gamma = 1
mu = 0.1
k = 0.1
n = 2
i = 0, 0.5174335905574784 <= 7.1054273576010019e-15
i = 1, 0.25416385390755997 <= 7.1054273576010019e-15
i = 2, 0.1962462671413967 <= 7.1054273576010019e-15
i = 3, 0.04768767791965358 <= 7.1054273576010019e-15
i = 4, 0.0044739259819819577 <= 7.1054273576010019e-15
i = 5, 0.00036239181192873073 <= 7.1054273576010019e-15
i = 6, 2.3518270587492499e-07 <= 7.1054273576010019e-15
i = 7, 5.787480776363e-14 <= 7.1054273576010019e-15
Convergence : i = 8, 4.1124588182338154e-15 <= 7.1054273576010019e-15

========================================================
Approximation: 

========================================================
Compute the constant M
Verification Fourier order m_verify = 220

Compute || xh ||_{Linf} and || yh ||_{Linf}
|| xh ||_{Linf} = [2.9924439343532349,2.9924439343532888]
|| yh ||_{Linf} = [4.7961051341834508,4.7961051341836161]

Compute K0 ( ||N'[zh]|| )
K0 = [56.349268167258124,56.349268167261848]
------------------------------ bdab method -----------------------------
A size: 882, 882
clist size: 882

 Mninf: 

Check BDAB || DFinv ||_2 in [23.204228732882913,23.204267354269483]

Check BDAB || DFinv L^1/2 ||_2 in [23.131146119186489,23.131205724929839]
Linear solver Check || I - RA || < 1: 2.6123582552125102e-11 < 1 ?
(kk1): || A^{-1}*B ||_{inf} <= [0.7231601688500302,0.72316016885012813]
Linear solver Check || I - RA || < 1: 9.3264556941947656e-16 < 1 ?
(kk2): || Dd^{-1}*[C, Df] ||_{inf} <= [1.7130270587745608,1.7130270587747652]
(kk): max( || A^{-1}*B ||_{inf}, || Dd^{-1}*[C, Df] ||_{inf}) <= [1.7130270587745608,1.7130270587747652]
Linear solver Check || I - RA || < 1: 2.6123582552125102e-11 < 1 ?
|| norm_invA || <= [64.821526205330712,64.821526205629852]
Linear solver Check || I - RA || < 1: 9.3264556941947656e-16 < 1 ?
|| Ddinv || <= [0.018364773613097861,0.018364773613100173]
kk >= 1...
Verification Failure... (bijectivity is not verified: kk >= 1)
