Create an approximate solution
Approximate Fourier order m_app = 100
alpha = 1
beta = 5
tilde{omega} = 1
omega = tilde{omega}/n = [0.5,0.5]
tau = 0.1
gamma = 1
mu = 0.1
k = 0.1
n = 2
i = 0, 0.51743461647645184 <= 7.1054273576010019e-15
i = 1, 0.25416885056785604 <= 7.1054273576010019e-15
i = 2, 0.19624976804947572 <= 7.1054273576010019e-15
i = 3, 0.047690425675659509 <= 7.1054273576010019e-15
i = 4, 0.0044741684744817409 <= 7.1054273576010019e-15
i = 5, 0.00036246322214041299 <= 7.1054273576010019e-15
i = 6, 2.3527493696568829e-07 <= 7.1054273576010019e-15
i = 7, 9.8955125970589608e-14 <= 7.1054273576010019e-15
i = 8, 1.2876146981658167e-14 <= 7.1054273576010019e-15
Convergence : i = 9, 4.5061771462588697e-15 <= 7.1054273576010019e-15

========================================================
Approximation: 

========================================================
Compute the constant M
Verification Fourier order m_verify = 400

Compute || xh ||_{Linf} and || yh ||_{Linf}
|| xh ||_{Linf} = [2.9924438919242803,2.9924438919243755]
|| yh ||_{Linf} = [4.7961053424098913,4.7961053424101375]

Compute K0 ( ||N'[zh]|| )
K0 = [56.349266919803454,56.349266919810255]
------------------------------ bdab method -----------------------------
A size: 1602, 1602
clist size: 1602

 Mninf: 

Check BDAB || DFinv ||_2 in [23.20419825071578,23.204297794453332]

Check BDAB || DFinv L^1/2 ||_2 in [23.131123948949195,23.131227925438218]
Linear solver Check || I - RA || < 1: 4.8551272359683121e-11 < 1 ?
(kk1): || A^{-1}*B ||_{inf} <= [0.39280038217736651,0.39280038217745944]
Linear solver Check || I - RA || < 1: 9.4901257329272311e-16 < 1 ?
(kk2): || Dd^{-1}*[C, Df] ||_{inf} <= [0.92898882480983258,0.9289888248100231]
(kk): max( || A^{-1}*B ||_{inf}, || Dd^{-1}*[C, Df] ||_{inf}) <= [0.92898882480983258,0.9289888248100231]
Linear solver Check || I - RA || < 1: 4.8551272359683121e-11 < 1 ?
|| norm_invA || <= [64.821591605023314,64.821591605579571]
Linear solver Check || I - RA || < 1: 9.4901257329272311e-16 < 1 ?
|| Ddinv || <= [0.010117618213363996,0.010117618213366084]
kk < 1 !!
ninvM2 <= [912.83648568597197,912.8364856962545]
ninvM3 <= [0.14247923916579449,0.14247923916620617]
Mninf = [912.83648568597197,912.8364856962545]

 Mnone: 

Check BDAB || DFinv ||_2 in [23.204199518722507,23.204296627795316]

Check BDAB || DFinv L^1/2 ||_2 in [23.201507832787402,23.201602654035309]
Linear solver Check || I - RA || < 1: 5.0282538794106543e-11 < 1 ?
(kk1): || A^{-1}*B ||_{inf} <= [0.37934875623854463,0.37934875623863685]
Linear solver Check || I - RA || < 1: 6.9121490414204913e-16 < 1 ?
(kk2): || Dd^{-1}*[C, Df] ||_{inf} <= [0.91721276654014005,0.91721276654032935]
(kk): max( || A^{-1}*B ||_{inf}, || Dd^{-1}*[C, Df] ||_{inf}) <= [0.91721276654014005,0.91721276654032935]
Linear solver Check || I - RA || < 1: 5.0282538794106543e-11 < 1 ?
|| norm_invA || <= [66.586386649821221,66.586386650370529]
Linear solver Check || I - RA || < 1: 6.9121490414204913e-16 < 1 ?
|| Ddinv || <= [0.010086565221808318,0.010086565221810406]
kk < 1 !!
ninvM2 <= [804.3074260007271,804.30742600920144]
ninvM3 <= [0.1218372060554345,0.12183720605573831]
Mnone = [804.3074260007271,804.30742600920144]

 Mn: 
Mn = [856.85539279485976,856.85539280419994]
|| DF^{-1} ||_{L(Z,D(L))} <= (1+Mn*K0+sigman(1+Mn*K0)+Mn)/(1-sigman*K0(1+M_n*K0)) := M
M = [48291.775559204928,48291.77555973718]

========================================================
Compute Residual norm || F(zh) ||_Z <= r 
|| F(zh) ||_Z <= [2.0628710829387664e-10,2.0628710829387665e-10]

========================================================
Compute eta = M*r
eta = [9.961970734485291e-06,9.9619707345950903e-06]
Compute r0 = 2*eta = 2*M*r
r0 = [1.9923941468970582e-05,1.9923941469190181e-05]
Compute b(r0)
tilde_b(r0) = [0.00059107188862455662,0.00059107188863109252]
b(r0)
b(r0) = [28.543910984812459,28.543910985442694]
eta + r0*br0 = [0.00057866918249139512,0.00057866918251032996]
Sufficient condition
0.00057866918251032995 < 1.9923941468970582e-05?
15806 [msec]
Verification Failure...
