Create an approximate solution
Approximate Fourier order m_app = 110
alpha = 1
beta = 5
tilde{omega} = 1
omega = tilde{omega}/n = [0.5,0.5]
tau = 0.1
gamma = 1
mu = 0.1
k = 0.1
n = 2
xh = 
-0.47774278935593201
-0.0081370115117902226
-0.11971581532179038
0.49278440134620966
1.8350720000984755
0.15808412731422933
-0.064500708811348617
0.53317431208748189
0.59922509933395884
0.54600798879236268
-0.14974383768187557
0.0035424470562290689
0.24645463516311433
-0.0060804576466267088
-0.080901631700664348
0.14014202332322667
0.10307586987669962
0.10789464657862152
-0.056675278159343701
0.038412604447235349
0.033653762529269438
0.033070812780829843
-0.072133058717313403
0.014061463781271606
0.0018973195280181235
0.014785221485881626
-0.020128315419498576
0.0038420366345540378
0.0026164130128581873
0.0078222774861315993
-0.019462702614632496
0.001220541110986036
-0.0017331278508203535
0.0013143710058806381
-0.0088210904152340348
-0.0025768864050558465
-0.00086970455568852341
0.00053598754746637858
-0.0043304000118214829
-0.0010463820479049576
-0.00022414401677144324
-0.00019525135943367243
-0.0020628688446298641
-0.0011065743288576958
-0.00027383093019707055
-0.00026787701712943797
-0.00092021398389563849
-0.0006322635845833677
8.8685582154197524e-05
-0.00023755465783838027
-0.00031127942763496897
-0.00030635788457043068
6.2172262599881632e-05
-0.00015605642874776926
-0.0001371119690257364
-0.00014411900108160224
0.00010560356404081038
-0.00012492322606584252
-6.1744427187789547e-05
-4.0991605413618571e-05
0.00010949286121711924
-7.1271062639849243e-05
-5.4343432526896438e-05
-3.7823783527951808e-06
0.00011049913187653014
-3.8825672939405407e-05
-6.9709678381602716e-05
-1.5592625671933784e-06
0.00010773948434300878
-4.3382047870465825e-06
-7.7907015475240594e-05
-1.7863357303872495e-05
0.00010097484542224436
2.7202670965701038e-05
-7.9306134676509761e-05
-4.1047392361301132e-05
8.6470028373845012e-05
5.4320262892987343e-05
-6.8695659232049827e-05
-6.3957655247044826e-05
6.5275808412405432e-05
7.5169972208011563e-05
-4.8381572401131061e-05
-8.0532558276274067e-05
3.7968660429798516e-05
8.7149711561614347e-05
-2.1094081699066591e-05
-8.8008082954144857e-05
7.0054120660497346e-06
8.8807950894809052e-05
9.3792319827736309e-06
-8.4795698139553143e-05
-2.4242200997342481e-05
7.9829508743374912e-05
3.9020698034391555e-05
-7.1146280184166991e-05
-5.2273067275485657e-05
6.1208617803041107e-05
6.3977653817876237e-05
-4.8689238663360668e-05
-7.3734509561987897e-05
3.5152177867909107e-05
8.1089265371222537e-05
-2.0187501474357799e-05
-8.6045199561617116e-05
4.8309835153663219e-06
8.819142007888434e-05
1.0826347296340625e-05
-8.7706517914877167e-05
-2.6044773036914236e-05
8.4386980220753119e-05
4.0509028540079969e-05
-7.8521059414980534e-05
-5.3674566768227051e-05
7.0140788969069251e-05
6.5183142157756164e-05
-5.9625906428466721e-05
-7.465150755485207e-05
4.7213226450568072e-05
8.1792796007948431e-05
-3.3357934782265963e-05
-8.6385869862664179e-05
1.8441718175284198e-05
8.8281264449753847e-05
-2.9657108587711007e-06
-8.74284429947044e-05
-1.2612991613351695e-05
8.3845196706226321e-05
2.779127385622635e-05
-7.765152056747024e-05
-4.2107552107170605e-05
6.903336935839714e-05
5.5107953977687725e-05
-5.8265465077042577e-05
-6.6391826011725783e-05
4.5678721541602202e-05
7.5604617291776454e-05
-3.1669379210119284e-05
-8.2460552703176337e-05
1.6671353460664031e-05
8.674522404521345e-05
-1.1544373308985836e-06
-8.8325207157644112e-05
-1.4399137745558365e-05
8.7151355009111781e-05
2.9503289619349792e-05
-8.3260022339594434e-05
-4.3687870029600952e-05
7.6772841376618621e-05
5.6510071703446301e-05
-6.7891778937261295e-05
-6.7570464437464864e-05
5.6894018241524239e-05
7.6523961872215109e-05
-4.4122226253692128e-05
-8.3091540527066839e-05
2.9974816878859499e-05
8.7068346161958311e-05
-1.4892741266723919e-05
-8.8330426605946806e-05
-6.5362784355336204e-07
8.6838413704500288e-05
1.6179656843286287e-05
-8.2638830418072702e-05
-3.1201184162494196e-05
7.5862622805233926e-05
4.5249897968652018e-05
-6.6721059819703946e-05
-5.7887731944249388e-05
5.5499180556038855e-05
6.8720671122060383e-05
-4.2546866270333172e-05
-7.7410934104150278e-05
2.8267971653485375e-05
8.3687575080842552e-05
-1.3107696181524084e-05
-8.7354885192717118e-05
-2.4612654019919169e-06
8.8298524423806397e-05
1.7953487437127627e-05
-8.6489068403390392e-05
-3.2885927842537944e-05
8.198293627950903e-05
4.6793005243591467e-05
-7.4920626239764385e-05
-5.9241103230465575e-05
6.5522337018577298e-05
6.9842099387059183e-05
-5.4081101966324476e-05
-7.8265460062354597e-05
4.095365165971424e-05
8.4248550938678221e-05
-2.6549292526318116e-05
-8.7604822511276329e-05
1.1317143487768935e-05
8.8229628819496675e-05
4.2678659149096558e-06
-8.610348876417281e-05
-1.9719804781789558e-05
8.1292694446953223e-05
3.4556890828040192e-05
-7.3947243649310365e-05
-4.8316512930225586e-05
6.4296163303759291e-05
6.0569654372256809e-05
-5.2640368410410791e-05
-7.0934269856288596e-05
3.9343279739534575e-05
7.9087197037198593e-05
-2.4819492590046475e-05
-8.477423282291012e-05
9.5218499199671477e-06
8.7818059051794384e-05
6.0726769779661979e-06
-8.8123771311041332e-05
-2.1477860204630042e-05
8.5681837887994008e-05
3.6213375499888941e-05
-8.0568397025581077e-05
-4.9819778503710795e-05
7.294288292606579e-05

yh = 
0
0.11971581532179038
-0.0081370115117902226
-3.670144000196951
0.98556880269241931
0.19350212643404585
0.47425238194268798
-2.3969003973358354
2.1326972483499276
0.7487191884093779
2.7300399439618133
-1.4787278109786861
0.021254682337374414
0.56631142190465045
-0.042563203526386963
-0.82460695901359693
1.1211361865858134
0.5100775034340933
0.97105181920759365
-0.33653762529269438
0.38412604447235349
0.79346364589044738
0.3637789405891283
-0.022767834336217482
0.16873756537525927
0.26166810045348149
0.19220787931646113
-0.036629782180014621
0.05378851288375653
0.29194053921948743
0.11733416229197399
0.027730045613125656
0.019528657775776576
0.1499585370589786
0.022344307099970848
0.015654682002393422
-0.046383955291005238
0.082277600224608172
0.010183763401861192
0.0044828803354288651
-0.020927640958099153
0.043320245737227148
-0.0041002785481071211
0.0060242804643355517
-0.024344635234869308
0.021164921629599685
-0.0061611713939770732
-0.0021284539717007405
-0.015174326030000825
0.0077819856908742241
-0.0059388664459595064
-0.0016164788275969224
-0.0079653049988311977
0.0037020231636948828
-0.0042135235761897698
-0.0029568997931426907
-0.0040353320302848623
0.0017905883884458968
-0.0036227735559094328
-0.0032847858365135773
-0.0012297481624085572
0.0016846464083337897
-0.0022094029418353264
-0.0035359722200489644
-0.00012103610728944579
0.0023004193865928898
-0.0012812472070003783
-0.0036631424676622985
-5.3014927284574868e-05
0.0027267455416334209
-0.0001518371675466304
-0.003635094435200797
-0.00064308086293940979
0.0029343269830308613
0.0010064988257309385
-0.0032858610782061106
-0.0015598009097294431
0.0026791307100499434
0.0021184902528265065
-0.0026110323364962173
-0.0025583062098817931
0.0019836444684463734
0.003081968860528474
-0.0015946837380515376
-0.003382367447603511
0.00090704551305986346
0.0037474375971494169
-0.0003082381309061883
-0.0038723556499823735
-0.00042206543922481337
0.0039963577902664077
0.0011151412458777542
-0.0039006021144194448
-0.0018339728076164031
0.0037519869109386211
0.0025091072292233113
-0.0034150214488400154
-0.0031349050370759355
0.0029992222723490142
0.0036867254780993948
-0.0024344619331680335
-0.0041355525339323495
0.0017927610712633645
0.0044743503772040902
-0.0010497500766666055
-0.0046741452641808701
0.00025604212631441504
0.0047361519674033667
0.00058462275400239375
-0.0046412839121414218
-0.001432462517030283
0.0043971793272389098
0.0022685055982444783
-0.003998024971236947
-0.0030594503057889419
0.0034583025728510699
0.0037806222451498574
-0.0027855803605835163
-0.0044044389457362724
0.0020014760869359579
0.0049075677604769061
-0.0011249448086923361
-0.0052695380616225151
0.00018387407324380826
0.0054734383958847388
0.00079461847164115677
-0.0055079919086663768
-0.0017786415267984864
0.0053660925891984845
0.0027369908869660895
-0.0050473488368855653
-0.0036371249625273896
0.0045562023776542114
0.0044482523427856278
-0.0039037861601618528
-0.0051411139758407989
0.0031061530648289499
0.005689778136519167
-0.0021851871654982305
-0.0060721656831649413
0.0011669947422464821
0.0062710897081927324
-8.1965050493799441e-05
-0.0062748975606560483
-0.0010367379176802023
0.0060779816307903935
0.0021537401422125346
-0.0056811902618697776
-0.0032329023821904704
0.005091883420294597
0.0042382553777584727
-0.0043239453863558423
-0.0051353552972473295
0.0033974114215342939
0.0058923450641605634
-0.0023380357165510408
-0.0064811401611112136
0.0011765265600711895
0.0068783993467947061
5.229022748426896e-05
-0.0070664341284757447
-0.0013105522043061891
0.0070339115100645231
0.0025584971013245241
-0.0067763840942819615
-0.0037557415313981177
0.0062965976928344158
0.0048625694833169487
-0.0056045690248551312
-0.0058412570453751323
0.0047174303472633031
0.0066573403329569236
-0.0036590304992486526
-0.0072808190320333022
0.0024593135338532275
0.0076872298969591062
-0.0011534772639741194
-0.0078585686737187698
-0.00021905262077728062
0.007784016156305135
0.0016158138693414864
-0.0074604472014353218
-0.0029926194336709531
0.006892697614058323
0.004304956482410415
-0.0060935773427276884
-0.0055094226004332985
0.0050836235848345009
0.0065651573423835636
-0.0038905969076728527
-0.0074352187059236871
0.0025487320825265392
0.0080878608901131088
-0.0010977629183135868
-0.0084976677835938031
-0.00041825085966114625
0.0086465036243106742
0.0019522606733971663
-0.008524245387653109
-0.0034556890828040194
0.008129269444695322
0.0048799678059527844
-0.0074686716085803472
-0.0061781047459701947
0.0065582086569834479
0.0073062297951977254
-0.0054219579462723112
-0.0082250684918686538
0.0040917010929115956
0.0089012944464055624
-0.0026060467219548799
-0.0093087142594902045
0.0010093160915165176
0.0094292435302814233
0.00064977643664238319
-0.0092536384919033529
-0.0023196089021000443
0.0087819552757883376
0.0039472579294878947
-0.0080237171218672364
-0.0054801756354081873

i = 0, 0.51743484179712884 <= 7.1054273576010019e-15
i = 1, 0.25416994476683646 <= 7.1054273576010019e-15
i = 2, 0.1962505335071757 <= 7.1054273576010019e-15
i = 3, 0.047691025071458636 <= 7.1054273576010019e-15
i = 4, 0.0044742213679127372 <= 7.1054273576010019e-15
i = 5, 0.00036247881687457607 <= 7.1054273576010019e-15
i = 6, 2.3529507362344978e-07 <= 7.1054273576010019e-15
i = 7, 8.3529103823306828e-14 <= 7.1054273576010019e-15
Convergence : i = 8, 1.6300152030706816e-15 <= 7.1054273576010019e-15
zh:
-0.95573776728740578
-0.0082421287226811853
-0.11949488910835325
0.49325418092601675
1.8352083557594516
0.15764721113007263
-0.064246104719657873
0.53372340916891625
0.59921143133524724
0.54456256890586219
-0.14925747058206384
0.0035830749915540844
0.24684548293101871
-0.0062203203284279659
-0.080716477800446135
0.14054322011631637
0.10323131452672131
0.10757784172207838
-0.056551261566936267
0.038622688414869363
0.033702135374660054
0.03290524071289104
-0.072064236236044091
0.014285726187496408
0.0020884653879900024
0.014701257048292487
-0.020156716646584093
0.0039878947910254765
0.0026997782756852376
0.007779563331955076
-0.019535102024896639
0.0012943821684149614
-0.0016263087771472148
0.001296737232299981
-0.0089089254310269223
-0.0025428359827904556
-0.00077537220851986292
0.00055978618796185316
-0.0044236234667045515
-0.00106390330229899
-0.00014212523714548296
-0.0001483861675129254
-0.0021448941818965296
-0.0011573594855201048
-0.00020964651891861499
-0.00019738367538314083
-0.00097764501521558603
-0.00070666691895542239
0.00012777762025158082
-0.00015346509607360318
-0.00034069500242554383
-0.00039224568148357887
7.1548509733716879e-05
-6.8649491795113625e-05
-0.00013379372101108707
-0.00022939942686188962
8.4386153775291561e-05
-4.4587797270065232e-05
-2.7423107639417072e-05
-0.00011411702302810849
6.0036802314698889e-05
-8.1934199797199932e-06
6.3516614812734367e-06
-5.5556403153903139e-05
3.8819098483115057e-05
-7.8945267808276538e-07
9.5292590407089421e-06
-2.5346699949679218e-05
2.2674756177127191e-05
3.8678194499996837e-06
9.860464620236826e-06
-1.0707878206047567e-05
1.2970929203161458e-05
4.5119918579688123e-06
6.0129801992154324e-06
-3.8330284957714608e-06
6.4218378887766939e-06
3.4996720405715079e-06
3.5627627580126545e-06
-1.2936847507008873e-06
3.077872315299188e-06
2.4864576122125136e-06
1.8427605441168668e-06
-1.8567808359722624e-07
1.3214897062794729e-06
1.5799716677044063e-06
8.6796701988757279e-07
7.2849673596216525e-08
4.4798649925436329e-07
9.3354959215233882e-07
3.5654323417579303e-07
1.1501096524182633e-07
1.0539002332488017e-07
5.198570459310219e-07
1.2746433688096856e-07
8.4367178530984415e-08
-3.0409887561093887e-08
2.7589304066921191e-07
2.6621171687258432e-08
4.5551314236566769e-08
-5.9421904819969123e-08
1.357651162295702e-07
-5.8972541718390511e-09
2.0192285531604215e-08
-5.3335483895832162e-08
6.3730629511826932e-08
-1.2515144702706588e-08
6.0876263202014401e-09
-3.8183538819122316e-08
2.7063073943585716e-08
-1.0746232948354911e-08
-2.6767084342001157e-10
-2.4356570082423274e-08
1.0156850750715089e-08
-6.8073149807909997e-09
-2.3456885836487436e-09
-1.4213002793799297e-08
2.9421434666307245e-09
-3.7539851687613218e-09
-2.4542891427824363e-09
-7.804168921697529e-09
2.2031560066783977e-10
-1.7457102514325011e-09
-1.9384772065750304e-09
-4.014674518154264e-09
-5.525048702470687e-10
-6.4480336385432588e-10
-1.3026886579458024e-09
-1.9364825639472312e-09
-6.041146060083027e-10
-1.2034382069866213e-10
-7.9856949486276773e-10
-8.7069276711694196e-10
-4.5095225119877534e-10
8.2226735816663275e-11
-4.503801488862879e-10
-3.5359852621494701e-10
-2.8540393140891538e-10
1.3163156167283686e-10
-2.3499253677385791e-10
-1.2343601571233563e-10
-1.6191114071446671e-10
1.174211895605124e-10
-1.1269737152977578e-10
-3.0163430296003143e-11
-8.4294710300805178e-11
8.6267960109508065e-11
-4.8258615868115841e-11
1.7536635070031207e-12
-4.0033140713899662e-11
5.6675853027841848e-11
-1.7081938925713041e-11
9.074838182999101e-12
-1.7110528287196395e-11
3.4332085400608283e-11
-3.5563740746038831e-12
8.0887522175488353e-12
-6.2135514924847446e-12
1.9487513470282271e-11
1.3612087693776979e-12
5.3496953411224495e-12
-1.5703968045025832e-12
1.0395483266466807e-11
2.500969767534942e-12
2.9866556951706862e-12
1.0130893798805035e-13
5.2060459971115056e-12
2.2267765878013449e-12
1.4431303319316793e-12
5.1218502699766361e-13
2.4227696070737246e-12
1.6024954479407358e-12
5.8149549074064496e-13
4.7101112584972105e-13
1.0230572216767164e-12
1.0256506014232799e-12
1.6173575157268264e-13
3.2131518232762568e-13
3.6880460885752834e-13
6.04781713002297e-13
-1.0397518051917739e-14
1.8589587316319702e-13
9.1471896483552323e-14
3.3323045927843752e-13
-6.1616895726634627e-14
9.3676039444414924e-14
-9.2100419771357073e-15
1.7226308058220352e-13
-6.2234913910744278e-14
3.9987815068620313e-14
-3.4561901990047824e-14
8.3270656559689091e-14
-4.703255202608227e-14
1.2623917544755652e-14
-3.2409431958638823e-14
3.7161028202576395e-14
-3.073313087489317e-14
6.2733758007811665e-16
-2.3224517559450901e-14
1.4843306708297956e-14
-1.8149492595526067e-14
-3.4408310594868544e-15
-1.4517356652243623e-14
4.8843896414773729e-15
-9.8229034696471635e-15
-3.9592222028287811e-15
-8.2513781768607003e-15
9.1585633486545023e-16
-4.8606986034167275e-15
-3.2086873938583445e-15
-4.3224346528422353e-15
-3.7759098401829057e-16
-2.1507304323810536e-15
-2.224176109516783e-15
-2.0844233319355675e-15
-6.0803507888457091e-16
-7.9627147712827932e-16
-1.3969809280468894e-15
-9.1173687753675704e-16
-4.942847610089633e-16
-1.8852816499034172e-16
0
0.059747444554176625
-0.0041210643613405927
-1.8352083557594516
0.49325418092601675
0.096369157079486817
0.23647081669510897
-1.1984228626704945
1.0674468183378325
0.37314367645515961
1.3614064222646556
-0.74053644879305613
0.010749224974662254
0.28250767230156143
-0.02177112114949788
-0.41292525810688524
0.56217288046526548
0.25448067705121319
0.48410028774935271
-0.16851067687330026
0.1931134420743468
0.39635329929824253
0.18097882392090073
-0.012530792327940014
0.085714357124978435
0.1310186582027966
0.095558170813901167
-0.018898447929796666
0.027915263537178332
0.14651326518672481
0.058346724989663069
0.013010470217177718
0.010355057347319691
0.075725866163728839
0.011022266474549838
0.0069783498766787661
-0.022885523845114102
0.042024422933693233
0.0053179687856376046
0.0014212523714548296
-0.010639033022989903
0.022521388909913561
-0.0015580547588857168
0.0023061117081047649
-0.01273095434072115
0.011242917674979239
-0.0022699122669061194
-0.0015333314430189698
-0.0084800030274650683
0.0042586875303192977
-0.0019183137009200397
-0.00093013062653831942
-0.0050991938592865249
0.0018062152336496752
-0.00092676813923403393
-0.0011814061528540819
-0.0032115919760664548
0.00039763506077154754
-0.00064652306041594588
-0.00090055203472048332
-0.0017117553454216274
-9.8450752959738268e-05
-0.0001269980096856599
-0.00062110557572984091
-0.00088890245046245023
-0.00015723277417169752
-1.3025969188365628e-05
-0.0003854708550111623
-0.0004308938991445467
-0.00017255813085414445
6.7686840374994476e-05
-0.00023347672565690627
-0.0001927418077088562
-0.0001112401336854855
8.3471849372423023e-05
-0.00012201491988675719
-7.2827541419657763e-05
-6.947387378124677e-05
6.8243604791144401e-05
-6.1557446305983754e-05
-2.5873695014017744e-05
-3.7776591154395772e-05
5.097238105035653e-05
-2.7751283831868933e-05
-3.8992397555417506e-06
-1.8661290927582816e-05
3.3969390855644731e-05
-9.8557029835959917e-06
1.6026928191167635e-06
-8.0222227689553418e-06
2.1004865823427623e-05
-2.423970536472244e-06
2.6452522005620057e-06
-2.9954119167027614e-06
1.2216640579379015e-05
7.2983730146625339e-07
2.0248122847436261e-06
-6.5221870633783164e-07
6.7593794963956916e-06
1.485547620499228e-06
1.1387828559141692e-06
1.5037998138189583e-07
3.4620104638540405e-06
1.3867225812916365e-06
5.249994238217096e-07
3.3165133462172462e-07
1.6888616820634135e-06
1.0309555481163026e-06
1.6436591064543889e-07
2.9552140607976007e-07
7.442345334486072e-07
6.8198396230785163e-07
-7.4947836157603226e-09
1.9400847695254351e-07
2.8947024639538005e-07
4.1217708102017964e-07
-6.8024968925813568e-08
1.10742562478459e-07
8.6793232265606367e-08
2.3412506765092589e-07
-7.3628674283473101e-08
5.3244162668691287e-08
6.7196258203691123e-09
1.2445491006278216e-07
-6.0092793403825933e-08
2.0311305961411264e-08
-1.7403903412782664e-08
6.1967442046311398e-08
-4.1686037054265677e-08
3.9111741727065193e-09
-1.9633724695269836e-08
2.8732861314859086e-08
-2.6352793330471335e-08
-2.7545956498582194e-09
-1.5106900415158974e-08
1.2022349891308199e-08
-1.531292506213379e-08
-4.541288877712871e-09
-9.8464356336075815e-09
4.3202605499317472e-09
-8.2247387870850259e-09
-4.1684522293981891e-09
-5.7478454953635683e-09
1.0858834906561133e-09
-4.0571053750719279e-09
-3.1487805439970445e-09
-3.0767569259793892e-09
-6.4885549759115466e-11
-1.7855687871202859e-09
-2.125344488544069e-09
-1.5012427767712372e-09
-3.448438509539658e-10
-6.491136791770956e-10
-1.3217852879234189e-09
-6.5875533905706118e-10
-3.1546133648440458e-10
-1.3869858890955145e-10
-7.6975678207614968e-10
-2.4543528395314743e-10
-2.1398781364489797e-10
5.444835077510792e-11
-4.2101707229190565e-10
-6.3601070582354631e-11
-1.2245288350199812e-10
1.0253976046893262e-10
-2.1605090888012749e-10
4.2043209265040895e-12
-6.0611473941130521e-11
9.3524616687656497e-11
-1.029677083006333e-10
2.1767863647400703e-11
-2.5004306101847736e-11
6.8907304261451634e-11
-4.4502989142937167e-11
2.0488983974462867e-11
-7.1163730691980361e-12
4.5128626462624311e-11
-1.6411805094160011e-11
1.4298525613579343e-11
4.6788831233629828e-13
2.7215177085103364e-11
-4.1619712900016311e-12
8.4582622289254632e-12
2.8343772034251928e-12
1.5328601126808126e-11
4.2826695193681034e-13
4.3559358341652934e-12
2.9250409538049811e-12
8.0963647873635657e-12
1.6416903445272715e-12
1.8994212157594651e-12
2.2575624972519486e-12
3.9969915148650762e-12
1.5718574499939828e-12
6.1226000092064915e-13
1.5059234128697655e-12
1.8208903819262431e-12
1.1496136191928196e-12
3.1053210213866774e-14
9.0747462977630324e-13
7.4216533541489789e-13
7.3312651093830303e-13
-1.7376196850408614e-13
5.0096807695200542e-13
2.4910387171534605e-13
4.2494597610832607e-13
-2.0389994344568224e-13
2.5275632737766981e-13
4.7624529413003408e-14
2.2692781927421736e-13
-1.6845608817756309e-13
1.1398871291619584e-13
-2.00123221529694e-14
1.1151664825855286e-13
-1.1899342185914787e-13
4.2998659764927081e-14
-3.2833894259766832e-14
4.9689659825753259e-14
-7.6135460578555461e-14
1.0369049074468795e-14
-2.7185661855492983e-14


========================================================
Approximation: 
x = 
-0.47786888364370289 - 0.11949488910835325*cos(1t) - 0.0082421287226811853*sin(1t) + 1.8352083557594516*cos(2t) + 0.49325418092601675*sin(2t) - 0.064246104719657873*cos(3t) + 0.15764721113007263*sin(3t) + 0.59921143133524724*cos(4t) + 0.53372340916891625*sin(4t) - 0.14925747058206384*cos(5t) + 0.54456256890586219*sin(5t) + 0.24684548293101871*cos(6t) + 0.0035830749915540844*sin(6t) - 0.080716477800446135*cos(7t) - 0.0062203203284279659*sin(7t) + 0.10323131452672131*cos(8t) + 0.14054322011631637*sin(8t) - 0.056551261566936267*cos(9t) + 0.10757784172207838*sin(9t) + 0.033702135374660054*cos(10t) + 0.038622688414869363*sin(10t) - 0.072064236236044091*cos(11t) + 0.03290524071289104*sin(11t) + 0.0020884653879900024*cos(12t) + 0.014285726187496408*sin(12t) - 0.020156716646584093*cos(13t) + 0.014701257048292487*sin(13t) + 0.0026997782756852376*cos(14t) + 0.0039878947910254765*sin(14t) - 0.019535102024896639*cos(15t) + 0.007779563331955076*sin(15t) - 0.0016263087771472148*cos(16t) + 0.0012943821684149614*sin(16t) - 0.0089089254310269223*cos(17t) + 0.001296737232299981*sin(17t) - 0.00077537220851986292*cos(18t) - 0.0025428359827904556*sin(18t) - 0.0044236234667045515*cos(19t) + 0.00055978618796185316*sin(19t) - 0.00014212523714548296*cos(20t) - 0.00106390330229899*sin(20t) - 0.0021448941818965296*cos(21t) - 0.0001483861675129254*sin(21t) - 0.00020964651891861499*cos(22t) - 0.0011573594855201048*sin(22t) - 0.00097764501521558603*cos(23t) - 0.00019738367538314083*sin(23t) + 0.00012777762025158082*cos(24t) - 0.00070666691895542239*sin(24t) - 0.00034069500242554383*cos(25t) - 0.00015346509607360318*sin(25t) + 7.1548509733716879e-05*cos(26t) - 0.00039224568148357887*sin(26t) - 0.00013379372101108707*cos(27t) - 6.8649491795113625e-05*sin(27t) + 8.4386153775291561e-05*cos(28t) - 0.00022939942686188962*sin(28t) - 2.7423107639417072e-05*cos(29t) - 4.4587797270065232e-05*sin(29t) + 6.0036802314698889e-05*cos(30t) - 0.00011411702302810849*sin(30t) + 6.3516614812734367e-06*cos(31t) - 8.1934199797199932e-06*sin(31t) + 3.8819098483115057e-05*cos(32t) - 5.5556403153903139e-05*sin(32t) + 9.5292590407089421e-06*cos(33t) - 7.8945267808276538e-07*sin(33t) + 2.2674756177127191e-05*cos(34t) - 2.5346699949679218e-05*sin(34t) + 9.860464620236826e-06*cos(35t) + 3.8678194499996837e-06*sin(35t) + 1.2970929203161458e-05*cos(36t) - 1.0707878206047567e-05*sin(36t) + 6.0129801992154324e-06*cos(37t) + 4.5119918579688123e-06*sin(37t) + 6.4218378887766939e-06*cos(38t) - 3.8330284957714608e-06*sin(38t) + 3.5627627580126545e-06*cos(39t) + 3.4996720405715079e-06*sin(39t) + 3.077872315299188e-06*cos(40t) - 1.2936847507008873e-06*sin(40t) + 1.8427605441168668e-06*cos(41t) + 2.4864576122125136e-06*sin(41t) + 1.3214897062794729e-06*cos(42t) - 1.8567808359722624e-07*sin(42t) + 8.6796701988757279e-07*cos(43t) + 1.5799716677044063e-06*sin(43t) + 4.4798649925436329e-07*cos(44t) + 7.2849673596216525e-08*sin(44t) + 3.5654323417579303e-07*cos(45t) + 9.3354959215233882e-07*sin(45t) + 1.0539002332488017e-07*cos(46t) + 1.1501096524182633e-07*sin(46t) + 1.2746433688096856e-07*cos(47t) + 5.198570459310219e-07*sin(47t) - 3.0409887561093887e-08*cos(48t) + 8.4367178530984415e-08*sin(48t) + 2.6621171687258432e-08*cos(49t) + 2.7589304066921191e-07*sin(49t) - 5.9421904819969123e-08*cos(50t) + 4.5551314236566769e-08*sin(50t) - 5.8972541718390511e-09*cos(51t) + 1.357651162295702e-07*sin(51t) - 5.3335483895832162e-08*cos(52t) + 2.0192285531604215e-08*sin(52t) - 1.2515144702706588e-08*cos(53t) + 6.3730629511826932e-08*sin(53t) - 3.8183538819122316e-08*cos(54t) + 6.0876263202014401e-09*sin(54t) - 1.0746232948354911e-08*cos(55t) + 2.7063073943585716e-08*sin(55t) - 2.4356570082423274e-08*cos(56t) - 2.6767084342001157e-10*sin(56t) - 6.8073149807909997e-09*cos(57t) + 1.0156850750715089e-08*sin(57t) - 1.4213002793799297e-08*cos(58t) - 2.3456885836487436e-09*sin(58t) - 3.7539851687613218e-09*cos(59t) + 2.9421434666307245e-09*sin(59t) - 7.804168921697529e-09*cos(60t) - 2.4542891427824363e-09*sin(60t) - 1.7457102514325011e-09*cos(61t) + 2.2031560066783977e-10*sin(61t) - 4.014674518154264e-09*cos(62t) - 1.9384772065750304e-09*sin(62t) - 6.4480336385432588e-10*cos(63t) - 5.525048702470687e-10*sin(63t) - 1.9364825639472312e-09*cos(64t) - 1.3026886579458024e-09*sin(64t) - 1.2034382069866213e-10*cos(65t) - 6.041146060083027e-10*sin(65t) - 8.7069276711694196e-10*cos(66t) - 7.9856949486276773e-10*sin(66t) + 8.2226735816663275e-11*cos(67t) - 4.5095225119877534e-10*sin(67t) - 3.5359852621494701e-10*cos(68t) - 4.503801488862879e-10*sin(68t) + 1.3163156167283686e-10*cos(69t) - 2.8540393140891538e-10*sin(69t) - 1.2343601571233563e-10*cos(70t) - 2.3499253677385791e-10*sin(70t) + 1.174211895605124e-10*cos(71t) - 1.6191114071446671e-10*sin(71t) - 3.0163430296003143e-11*cos(72t) - 1.1269737152977578e-10*sin(72t) + 8.6267960109508065e-11*cos(73t) - 8.4294710300805178e-11*sin(73t) + 1.7536635070031207e-12*cos(74t) - 4.8258615868115841e-11*sin(74t) + 5.6675853027841848e-11*cos(75t) - 4.0033140713899662e-11*sin(75t) + 9.074838182999101e-12*cos(76t) - 1.7081938925713041e-11*sin(76t) + 3.4332085400608283e-11*cos(77t) - 1.7110528287196395e-11*sin(77t) + 8.0887522175488353e-12*cos(78t) - 3.5563740746038831e-12*sin(78t) + 1.9487513470282271e-11*cos(79t) - 6.2135514924847446e-12*sin(79t) + 5.3496953411224495e-12*cos(80t) + 1.3612087693776979e-12*sin(80t) + 1.0395483266466807e-11*cos(81t) - 1.5703968045025832e-12*sin(81t) + 2.9866556951706862e-12*cos(82t) + 2.500969767534942e-12*sin(82t) + 5.2060459971115056e-12*cos(83t) + 1.0130893798805035e-13*sin(83t) + 1.4431303319316793e-12*cos(84t) + 2.2267765878013449e-12*sin(84t) + 2.4227696070737246e-12*cos(85t) + 5.1218502699766361e-13*sin(85t) + 5.8149549074064496e-13*cos(86t) + 1.6024954479407358e-12*sin(86t) + 1.0230572216767164e-12*cos(87t) + 4.7101112584972105e-13*sin(87t) + 1.6173575157268264e-13*cos(88t) + 1.0256506014232799e-12*sin(88t) + 3.6880460885752834e-13*cos(89t) + 3.2131518232762568e-13*sin(89t) - 1.0397518051917739e-14*cos(90t) + 6.04781713002297e-13*sin(90t) + 9.1471896483552323e-14*cos(91t) + 1.8589587316319702e-13*sin(91t) - 6.1616895726634627e-14*cos(92t) + 3.3323045927843752e-13*sin(92t) - 9.2100419771357073e-15*cos(93t) + 9.3676039444414924e-14*sin(93t) - 6.2234913910744278e-14*cos(94t) + 1.7226308058220352e-13*sin(94t) - 3.4561901990047824e-14*cos(95t) + 3.9987815068620313e-14*sin(95t) - 4.703255202608227e-14*cos(96t) + 8.3270656559689091e-14*sin(96t) - 3.2409431958638823e-14*cos(97t) + 1.2623917544755652e-14*sin(97t) - 3.073313087489317e-14*cos(98t) + 3.7161028202576395e-14*sin(98t) - 2.3224517559450901e-14*cos(99t) + 6.2733758007811665e-16*sin(99t) - 1.8149492595526067e-14*cos(100t) + 1.4843306708297956e-14*sin(100t) - 1.4517356652243623e-14*cos(101t) - 3.4408310594868544e-15*sin(101t) - 9.8229034696471635e-15*cos(102t) + 4.8843896414773729e-15*sin(102t) - 8.2513781768607003e-15*cos(103t) - 3.9592222028287811e-15*sin(103t) - 4.8606986034167275e-15*cos(104t) + 9.1585633486545023e-16*sin(104t) - 4.3224346528422353e-15*cos(105t) - 3.2086873938583445e-15*sin(105t) - 2.1507304323810536e-15*cos(106t) - 3.7759098401829057e-16*sin(106t) - 2.0844233319355675e-15*cos(107t) - 2.224176109516783e-15*sin(107t) - 7.9627147712827932e-16*cos(108t) - 6.0803507888457091e-16*sin(108t) - 9.1173687753675704e-16*cos(109t) - 1.3969809280468894e-15*sin(109t) - 1.8852816499034172e-16*cos(110t) - 4.942847610089633e-16*sin(110t)


y = 
0 - 0.0041210643613405927*cos(1t) + 0.059747444554176625*sin(1t) + 0.49325418092601675*cos(2t) - 1.8352083557594516*sin(2t) + 0.23647081669510897*cos(3t) + 0.096369157079486817*sin(3t) + 1.0674468183378325*cos(4t) - 1.1984228626704945*sin(4t) + 1.3614064222646556*cos(5t) + 0.37314367645515961*sin(5t) + 0.010749224974662254*cos(6t) - 0.74053644879305613*sin(6t) - 0.02177112114949788*cos(7t) + 0.28250767230156143*sin(7t) + 0.56217288046526548*cos(8t) - 0.41292525810688524*sin(8t) + 0.48410028774935271*cos(9t) + 0.25448067705121319*sin(9t) + 0.1931134420743468*cos(10t) - 0.16851067687330026*sin(10t) + 0.18097882392090073*cos(11t) + 0.39635329929824253*sin(11t) + 0.085714357124978435*cos(12t) - 0.012530792327940014*sin(12t) + 0.095558170813901167*cos(13t) + 0.1310186582027966*sin(13t) + 0.027915263537178332*cos(14t) - 0.018898447929796666*sin(14t) + 0.058346724989663069*cos(15t) + 0.14651326518672481*sin(15t) + 0.010355057347319691*cos(16t) + 0.013010470217177718*sin(16t) + 0.011022266474549838*cos(17t) + 0.075725866163728839*sin(17t) - 0.022885523845114102*cos(18t) + 0.0069783498766787661*sin(18t) + 0.0053179687856376046*cos(19t) + 0.042024422933693233*sin(19t) - 0.010639033022989903*cos(20t) + 0.0014212523714548296*sin(20t) - 0.0015580547588857168*cos(21t) + 0.022521388909913561*sin(21t) - 0.01273095434072115*cos(22t) + 0.0023061117081047649*sin(22t) - 0.0022699122669061194*cos(23t) + 0.011242917674979239*sin(23t) - 0.0084800030274650683*cos(24t) - 0.0015333314430189698*sin(24t) - 0.0019183137009200397*cos(25t) + 0.0042586875303192977*sin(25t) - 0.0050991938592865249*cos(26t) - 0.00093013062653831942*sin(26t) - 0.00092676813923403393*cos(27t) + 0.0018062152336496752*sin(27t) - 0.0032115919760664548*cos(28t) - 0.0011814061528540819*sin(28t) - 0.00064652306041594588*cos(29t) + 0.00039763506077154754*sin(29t) - 0.0017117553454216274*cos(30t) - 0.00090055203472048332*sin(30t) - 0.0001269980096856599*cos(31t) - 9.8450752959738268e-05*sin(31t) - 0.00088890245046245023*cos(32t) - 0.00062110557572984091*sin(32t) - 1.3025969188365628e-05*cos(33t) - 0.00015723277417169752*sin(33t) - 0.0004308938991445467*cos(34t) - 0.0003854708550111623*sin(34t) + 6.7686840374994476e-05*cos(35t) - 0.00017255813085414445*sin(35t) - 0.0001927418077088562*cos(36t) - 0.00023347672565690627*sin(36t) + 8.3471849372423023e-05*cos(37t) - 0.0001112401336854855*sin(37t) - 7.2827541419657763e-05*cos(38t) - 0.00012201491988675719*sin(38t) + 6.8243604791144401e-05*cos(39t) - 6.947387378124677e-05*sin(39t) - 2.5873695014017744e-05*cos(40t) - 6.1557446305983754e-05*sin(40t) + 5.097238105035653e-05*cos(41t) - 3.7776591154395772e-05*sin(41t) - 3.8992397555417506e-06*cos(42t) - 2.7751283831868933e-05*sin(42t) + 3.3969390855644731e-05*cos(43t) - 1.8661290927582816e-05*sin(43t) + 1.6026928191167635e-06*cos(44t) - 9.8557029835959917e-06*sin(44t) + 2.1004865823427623e-05*cos(45t) - 8.0222227689553418e-06*sin(45t) + 2.6452522005620057e-06*cos(46t) - 2.423970536472244e-06*sin(46t) + 1.2216640579379015e-05*cos(47t) - 2.9954119167027614e-06*sin(47t) + 2.0248122847436261e-06*cos(48t) + 7.2983730146625339e-07*sin(48t) + 6.7593794963956916e-06*cos(49t) - 6.5221870633783164e-07*sin(49t) + 1.1387828559141692e-06*cos(50t) + 1.485547620499228e-06*sin(50t) + 3.4620104638540405e-06*cos(51t) + 1.5037998138189583e-07*sin(51t) + 5.249994238217096e-07*cos(52t) + 1.3867225812916365e-06*sin(52t) + 1.6888616820634135e-06*cos(53t) + 3.3165133462172462e-07*sin(53t) + 1.6436591064543889e-07*cos(54t) + 1.0309555481163026e-06*sin(54t) + 7.442345334486072e-07*cos(55t) + 2.9552140607976007e-07*sin(55t) - 7.4947836157603226e-09*cos(56t) + 6.8198396230785163e-07*sin(56t) + 2.8947024639538005e-07*cos(57t) + 1.9400847695254351e-07*sin(57t) - 6.8024968925813568e-08*cos(58t) + 4.1217708102017964e-07*sin(58t) + 8.6793232265606367e-08*cos(59t) + 1.10742562478459e-07*sin(59t) - 7.3628674283473101e-08*cos(60t) + 2.3412506765092589e-07*sin(60t) + 6.7196258203691123e-09*cos(61t) + 5.3244162668691287e-08*sin(61t) - 6.0092793403825933e-08*cos(62t) + 1.2445491006278216e-07*sin(62t) - 1.7403903412782664e-08*cos(63t) + 2.0311305961411264e-08*sin(63t) - 4.1686037054265677e-08*cos(64t) + 6.1967442046311398e-08*sin(64t) - 1.9633724695269836e-08*cos(65t) + 3.9111741727065193e-09*sin(65t) - 2.6352793330471335e-08*cos(66t) + 2.8732861314859086e-08*sin(66t) - 1.5106900415158974e-08*cos(67t) - 2.7545956498582194e-09*sin(67t) - 1.531292506213379e-08*cos(68t) + 1.2022349891308199e-08*sin(68t) - 9.8464356336075815e-09*cos(69t) - 4.541288877712871e-09*sin(69t) - 8.2247387870850259e-09*cos(70t) + 4.3202605499317472e-09*sin(70t) - 5.7478454953635683e-09*cos(71t) - 4.1684522293981891e-09*sin(71t) - 4.0571053750719279e-09*cos(72t) + 1.0858834906561133e-09*sin(72t) - 3.0767569259793892e-09*cos(73t) - 3.1487805439970445e-09*sin(73t) - 1.7855687871202859e-09*cos(74t) - 6.4885549759115466e-11*sin(74t) - 1.5012427767712372e-09*cos(75t) - 2.125344488544069e-09*sin(75t) - 6.491136791770956e-10*cos(76t) - 3.448438509539658e-10*sin(76t) - 6.5875533905706118e-10*cos(77t) - 1.3217852879234189e-09*sin(77t) - 1.3869858890955145e-10*cos(78t) - 3.1546133648440458e-10*sin(78t) - 2.4543528395314743e-10*cos(79t) - 7.6975678207614968e-10*sin(79t) + 5.444835077510792e-11*cos(80t) - 2.1398781364489797e-10*sin(80t) - 6.3601070582354631e-11*cos(81t) - 4.2101707229190565e-10*sin(81t) + 1.0253976046893262e-10*cos(82t) - 1.2245288350199812e-10*sin(82t) + 4.2043209265040895e-12*cos(83t) - 2.1605090888012749e-10*sin(83t) + 9.3524616687656497e-11*cos(84t) - 6.0611473941130521e-11*sin(84t) + 2.1767863647400703e-11*cos(85t) - 1.029677083006333e-10*sin(85t) + 6.8907304261451634e-11*cos(86t) - 2.5004306101847736e-11*sin(86t) + 2.0488983974462867e-11*cos(87t) - 4.4502989142937167e-11*sin(87t) + 4.5128626462624311e-11*cos(88t) - 7.1163730691980361e-12*sin(88t) + 1.4298525613579343e-11*cos(89t) - 1.6411805094160011e-11*sin(89t) + 2.7215177085103364e-11*cos(90t) + 4.6788831233629828e-13*sin(90t) + 8.4582622289254632e-12*cos(91t) - 4.1619712900016311e-12*sin(91t) + 1.5328601126808126e-11*cos(92t) + 2.8343772034251928e-12*sin(92t) + 4.3559358341652934e-12*cos(93t) + 4.2826695193681034e-13*sin(93t) + 8.0963647873635657e-12*cos(94t) + 2.9250409538049811e-12*sin(94t) + 1.8994212157594651e-12*cos(95t) + 1.6416903445272715e-12*sin(95t) + 3.9969915148650762e-12*cos(96t) + 2.2575624972519486e-12*sin(96t) + 6.1226000092064915e-13*cos(97t) + 1.5718574499939828e-12*sin(97t) + 1.8208903819262431e-12*cos(98t) + 1.5059234128697655e-12*sin(98t) + 3.1053210213866774e-14*cos(99t) + 1.1496136191928196e-12*sin(99t) + 7.4216533541489789e-13*cos(100t) + 9.0747462977630324e-13*sin(100t) - 1.7376196850408614e-13*cos(101t) + 7.3312651093830303e-13*sin(101t) + 2.4910387171534605e-13*cos(102t) + 5.0096807695200542e-13*sin(102t) - 2.0389994344568224e-13*cos(103t) + 4.2494597610832607e-13*sin(103t) + 4.7624529413003408e-14*cos(104t) + 2.5275632737766981e-13*sin(104t) - 1.6845608817756309e-13*cos(105t) + 2.2692781927421736e-13*sin(105t) - 2.00123221529694e-14*cos(106t) + 1.1398871291619584e-13*sin(106t) - 1.1899342185914787e-13*cos(107t) + 1.1151664825855286e-13*sin(107t) - 3.2833894259766832e-14*cos(108t) + 4.2998659764927081e-14*sin(108t) - 7.6135460578555461e-14*cos(109t) + 4.9689659825753259e-14*sin(109t) - 2.7185661855492983e-14*cos(110t) + 1.0369049074468795e-14*sin(110t)


Create matrix and vector
Linear solver Check || I - RA || < 1: 6.2147857199885051e-11 < 1 ?

Compute Mm ( ||Fminv'|| )
Mm = [23.128342686382616,23.128470647090194]
Verification Fourier order m_verify = 331
Linear solver Check || I - RA || < 1: 2.2204460492503131e-16 < 1 ?

Compute K0 ( ||N'[zh]|| )
K0 = [56.3492669198015,56.34926691980904]

Compute KmN ( || C Finv B || )
Linear solver Check || I - RA || < 1: 5.3333189509645696e-11 < 1 ?
KmN = [0.00064045331229320055,0.00064045331229693574]

Compute kappa
sigmam = [0.0090090090090090089,0.0090090090090090107]
sigmam*K0 = [0.50765105333154503,0.50765105333161309]
kappa = [0.50829150664383815,0.5082915066439101]
(Old) kappa = [662.1115799866119,662.11524040068196]
|| Sinv ||  = [2.0337252935666998,2.0337252935669979]

Compute CFinv ( || C Finv || )
Linear solver Check || I - RA || < 1: 5.3333189509645696e-11 < 1 ?
|| C Finv || = [0.0011570017556627029,0.0011570017556695974]

Compute FinvB ( || Finv B || )
Linear solver Check || I - RA || < 1: 5.3333189509645696e-11 < 1 ?
|| Finv B || = [0.13129661874010906,0.13129661874031121]

Compute Bnorm ( || B || )
|| B || = [13.953876233871676,13.953876233891931]

========================================================
Compute Residual norms || F(zh) ||_Z, || (I - Pm)F(zh) ||_Z, || Dinv F(zh) ||_Z, || C Dinv F(zh) ||_Z 
|| F(zh) ||_Z <= [1.2262520196318227e-11,1.2992071173575778e-11]
|| (I - Pm)F(zh) ||_Z <= [1.2262520195889575e-11,1.2262520195891326e-11]
|| DFinv F(zh) ||_Z <= [0,2.0918309128955225e-11]
Linear solver Check || I - RA || < 1: 2.2204460492503131e-16 < 1 ?
|| C DFinv F(zh) ||_Z <= [0,1.2360161310120959e-23]

========================================================
Compute Newton term norms || F'[zh]^-1 F(zh) ||_Z
|| F'[zh]^-1 F(zh) ||_Z <= [2.2660031318436992e-13,2.0949012615113965e-11]
|| F'[zh]^-1 F(zh) ||_D <= [2.5032307377690742e-11,1.1936374224039591e-09]
|| DFinv ||_{B(Z)} <= [23.128651868599138,23.128779842796459]
|| DFinv ||_{B(Z, D)} <= [1304.4876300178254,1304.4948424056586]

========================================================
Compute r0 = 2*eta
r0 = [5.0064614755381484e-11,2.3872748448079181e-09]
Compute b(r0)
tilde_b(r0) = [1.485233881687425e-09,7.082170716315147e-08]
b(r0) = [1.9374692263446043e-06,9.238655172469499e-05]
12828 [msec]
Verification Success!!

|| u* - u^ || <= [2.5032355877109915e-11,1.1937477086383895e-09]

Check minimal period
q = 2 : || zh(.+2pi/q) - zh ||_Z >= 6.2224132551745504 , 2*rho <= 2.3874954172767789e-09
  -> z* is not (2pi/2)-periodic
Minimal period of z* is 2*pi (1/2 subharmonic of (1.2))

========================================================
