Create an approximate solution
Approximate Fourier order m_app = 100
alpha = 1
beta = 5
tilde{omega} = 1
omega = tilde{omega}/n = [0.5,0.5]
tau = 0.1
gamma = 1
mu = 0.1
k = 0.1
n = 2
xh = 
-0.47774278935593201
-0.0081370115117902226
-0.11971581532179038
0.49278440134620966
1.8350720000984755
0.15808412731422933
-0.064500708811348617
0.53317431208748189
0.59922509933395884
0.54600798879236268
-0.14974383768187557
0.0035424470562290689
0.24645463516311433
-0.0060804576466267088
-0.080901631700664348
0.14014202332322667
0.10307586987669962
0.10789464657862152
-0.056675278159343701
0.038412604447235349
0.033653762529269438
0.033070812780829843
-0.072133058717313403
0.014061463781271606
0.0018973195280181235
0.014785221485881626
-0.020128315419498576
0.0038420366345540378
0.0026164130128581873
0.0078222774861315993
-0.019462702614632496
0.001220541110986036
-0.0017331278508203535
0.0013143710058806381
-0.0088210904152340348
-0.0025768864050558465
-0.00086970455568852341
0.00053598754746637858
-0.0043304000118214829
-0.0010463820479049576
-0.00022414401677144324
-0.00019525135943367243
-0.0020628688446298641
-0.0011065743288576958
-0.00027383093019707055
-0.00026787701712943797
-0.00092021398389563849
-0.0006322635845833677
8.8685582154197524e-05
-0.00023755465783838027
-0.00031127942763496897
-0.00030635788457043068
6.2172262599881632e-05
-0.00015605642874776926
-0.0001371119690257364
-0.00014411900108160224
0.00010560356404081038
-0.00012492322606584252
-6.1744427187789547e-05
-4.0991605413618571e-05
0.00010949286121711924
-7.1271062639849243e-05
-5.4343432526896438e-05
-3.7823783527951808e-06
0.00011049913187653014
-3.8825672939405407e-05
-6.9709678381602716e-05
-1.5592625671933784e-06
0.00010773948434300878
-4.3382047870465825e-06
-7.7907015475240594e-05
-1.7863357303872495e-05
0.00010097484542224436
2.7202670965701038e-05
-7.9306134676509761e-05
-4.1047392361301132e-05
8.6470028373845012e-05
5.4320262892987343e-05
-6.8695659232049827e-05
-6.3957655247044826e-05
6.5275808412405432e-05
7.5169972208011563e-05
-4.8381572401131061e-05
-8.0532558276274067e-05
3.7968660429798516e-05
8.7149711561614347e-05
-2.1094081699066591e-05
-8.8008082954144857e-05
7.0054120660497346e-06
8.8807950894809052e-05
9.3792319827736309e-06
-8.4795698139553143e-05
-2.4242200997342481e-05
7.9829508743374912e-05
3.9020698034391555e-05
-7.1146280184166991e-05
-5.2273067275485657e-05
6.1208617803041107e-05
6.3977653817876237e-05
-4.8689238663360668e-05
-7.3734509561987897e-05
3.5152177867909107e-05
8.1089265371222537e-05
-2.0187501474357799e-05
-8.6045199561617116e-05
4.8309835153663219e-06
8.819142007888434e-05
1.0826347296340625e-05
-8.7706517914877167e-05
-2.6044773036914236e-05
8.4386980220753119e-05
4.0509028540079969e-05
-7.8521059414980534e-05
-5.3674566768227051e-05
7.0140788969069251e-05
6.5183142157756164e-05
-5.9625906428466721e-05
-7.465150755485207e-05
4.7213226450568072e-05
8.1792796007948431e-05
-3.3357934782265963e-05
-8.6385869862664179e-05
1.8441718175284198e-05
8.8281264449753847e-05
-2.9657108587711007e-06
-8.74284429947044e-05
-1.2612991613351695e-05
8.3845196706226321e-05
2.779127385622635e-05
-7.765152056747024e-05
-4.2107552107170605e-05
6.903336935839714e-05
5.5107953977687725e-05
-5.8265465077042577e-05
-6.6391826011725783e-05
4.5678721541602202e-05
7.5604617291776454e-05
-3.1669379210119284e-05
-8.2460552703176337e-05
1.6671353460664031e-05
8.674522404521345e-05
-1.1544373308985836e-06
-8.8325207157644112e-05
-1.4399137745558365e-05
8.7151355009111781e-05
2.9503289619349792e-05
-8.3260022339594434e-05
-4.3687870029600952e-05
7.6772841376618621e-05
5.6510071703446301e-05
-6.7891778937261295e-05
-6.7570464437464864e-05
5.6894018241524239e-05
7.6523961872215109e-05
-4.4122226253692128e-05
-8.3091540527066839e-05
2.9974816878859499e-05
8.7068346161958311e-05
-1.4892741266723919e-05
-8.8330426605946806e-05
-6.5362784355336204e-07
8.6838413704500288e-05
1.6179656843286287e-05
-8.2638830418072702e-05
-3.1201184162494196e-05
7.5862622805233926e-05
4.5249897968652018e-05
-6.6721059819703946e-05
-5.7887731944249388e-05
5.5499180556038855e-05
6.8720671122060383e-05
-4.2546866270333172e-05
-7.7410934104150278e-05
2.8267971653485375e-05
8.3687575080842552e-05
-1.3107696181524084e-05
-8.7354885192717118e-05
-2.4612654019919169e-06
8.8298524423806397e-05
1.7953487437127627e-05
-8.6489068403390392e-05
-3.2885927842537944e-05
8.198293627950903e-05
4.6793005243591467e-05
-7.4920626239764385e-05
-5.9241103230465575e-05
6.5522337018577298e-05
6.9842099387059183e-05
-5.4081101966324476e-05
-7.8265460062354597e-05
4.095365165971424e-05
8.4248550938678221e-05
-2.6549292526318116e-05
-8.7604822511276329e-05
1.1317143487768935e-05
8.8229628819496675e-05
4.2678659149096558e-06
-8.610348876417281e-05
-1.9719804781789558e-05
8.1292694446953223e-05
3.4556890828040192e-05

yh = 
0
0.11971581532179038
-0.0081370115117902226
-3.670144000196951
0.98556880269241931
0.19350212643404585
0.47425238194268798
-2.3969003973358354
2.1326972483499276
0.7487191884093779
2.7300399439618133
-1.4787278109786861
0.021254682337374414
0.56631142190465045
-0.042563203526386963
-0.82460695901359693
1.1211361865858134
0.5100775034340933
0.97105181920759365
-0.33653762529269438
0.38412604447235349
0.79346364589044738
0.3637789405891283
-0.022767834336217482
0.16873756537525927
0.26166810045348149
0.19220787931646113
-0.036629782180014621
0.05378851288375653
0.29194053921948743
0.11733416229197399
0.027730045613125656
0.019528657775776576
0.1499585370589786
0.022344307099970848
0.015654682002393422
-0.046383955291005238
0.082277600224608172
0.010183763401861192
0.0044828803354288651
-0.020927640958099153
0.043320245737227148
-0.0041002785481071211
0.0060242804643355517
-0.024344635234869308
0.021164921629599685
-0.0061611713939770732
-0.0021284539717007405
-0.015174326030000825
0.0077819856908742241
-0.0059388664459595064
-0.0016164788275969224
-0.0079653049988311977
0.0037020231636948828
-0.0042135235761897698
-0.0029568997931426907
-0.0040353320302848623
0.0017905883884458968
-0.0036227735559094328
-0.0032847858365135773
-0.0012297481624085572
0.0016846464083337897
-0.0022094029418353264
-0.0035359722200489644
-0.00012103610728944579
0.0023004193865928898
-0.0012812472070003783
-0.0036631424676622985
-5.3014927284574868e-05
0.0027267455416334209
-0.0001518371675466304
-0.003635094435200797
-0.00064308086293940979
0.0029343269830308613
0.0010064988257309385
-0.0032858610782061106
-0.0015598009097294431
0.0026791307100499434
0.0021184902528265065
-0.0026110323364962173
-0.0025583062098817931
0.0019836444684463734
0.003081968860528474
-0.0015946837380515376
-0.003382367447603511
0.00090704551305986346
0.0037474375971494169
-0.0003082381309061883
-0.0038723556499823735
-0.00042206543922481337
0.0039963577902664077
0.0011151412458777542
-0.0039006021144194448
-0.0018339728076164031
0.0037519869109386211
0.0025091072292233113
-0.0034150214488400154
-0.0031349050370759355
0.0029992222723490142
0.0036867254780993948
-0.0024344619331680335
-0.0041355525339323495
0.0017927610712633645
0.0044743503772040902
-0.0010497500766666055
-0.0046741452641808701
0.00025604212631441504
0.0047361519674033667
0.00058462275400239375
-0.0046412839121414218
-0.001432462517030283
0.0043971793272389098
0.0022685055982444783
-0.003998024971236947
-0.0030594503057889419
0.0034583025728510699
0.0037806222451498574
-0.0027855803605835163
-0.0044044389457362724
0.0020014760869359579
0.0049075677604769061
-0.0011249448086923361
-0.0052695380616225151
0.00018387407324380826
0.0054734383958847388
0.00079461847164115677
-0.0055079919086663768
-0.0017786415267984864
0.0053660925891984845
0.0027369908869660895
-0.0050473488368855653
-0.0036371249625273896
0.0045562023776542114
0.0044482523427856278
-0.0039037861601618528
-0.0051411139758407989
0.0031061530648289499
0.005689778136519167
-0.0021851871654982305
-0.0060721656831649413
0.0011669947422464821
0.0062710897081927324
-8.1965050493799441e-05
-0.0062748975606560483
-0.0010367379176802023
0.0060779816307903935
0.0021537401422125346
-0.0056811902618697776
-0.0032329023821904704
0.005091883420294597
0.0042382553777584727
-0.0043239453863558423
-0.0051353552972473295
0.0033974114215342939
0.0058923450641605634
-0.0023380357165510408
-0.0064811401611112136
0.0011765265600711895
0.0068783993467947061
5.229022748426896e-05
-0.0070664341284757447
-0.0013105522043061891
0.0070339115100645231
0.0025584971013245241
-0.0067763840942819615
-0.0037557415313981177
0.0062965976928344158
0.0048625694833169487
-0.0056045690248551312
-0.0058412570453751323
0.0047174303472633031
0.0066573403329569236
-0.0036590304992486526
-0.0072808190320333022
0.0024593135338532275
0.0076872298969591062
-0.0011534772639741194
-0.0078585686737187698
-0.00021905262077728062
0.007784016156305135
0.0016158138693414864
-0.0074604472014353218
-0.0029926194336709531
0.006892697614058323
0.004304956482410415
-0.0060935773427276884
-0.0055094226004332985
0.0050836235848345009
0.0065651573423835636
-0.0038905969076728527
-0.0074352187059236871
0.0025487320825265392
0.0080878608901131088
-0.0010977629183135868
-0.0084976677835938031
-0.00041825085966114625
0.0086465036243106742
0.0019522606733971663
-0.008524245387653109
-0.0034556890828040194
0.008129269444695322

i = 0, 0.51743461647645184 <= 7.1054273576010019e-15
i = 1, 0.25416885056785604 <= 7.1054273576010019e-15
i = 2, 0.19624976804947572 <= 7.1054273576010019e-15
i = 3, 0.047690425675659509 <= 7.1054273576010019e-15
i = 4, 0.0044741684744817409 <= 7.1054273576010019e-15
i = 5, 0.00036246322214041299 <= 7.1054273576010019e-15
i = 6, 2.3527493696568829e-07 <= 7.1054273576010019e-15
i = 7, 9.8955125970589608e-14 <= 7.1054273576010019e-15
i = 8, 1.2876146981658167e-14 <= 7.1054273576010019e-15
Convergence : i = 9, 4.5061771462588697e-15 <= 7.1054273576010019e-15
zh:
-0.95573776728740589
-0.0082421287226814733
-0.11949488910835332
0.49325418092601647
1.8352083557594521
0.15764721113007238
-0.06424610471965736
0.53372340916891547
0.59921143133524746
0.54456256890586097
-0.14925747058206268
0.0035830749915541798
0.24684548293101952
-0.0062203203284279963
-0.080716477800445871
0.14054322011631645
0.1032313145267216
0.10757784172207829
-0.056551261566935983
0.038622688414869349
0.033702135374660241
0.032905240712891096
-0.072064236236043772
0.014285726187496597
0.0020884653879901464
0.014701257048292556
-0.020156716646584021
0.0039878947910255624
0.0026997782756852705
0.0077795633319551185
-0.019535102024896604
0.0012943821684150176
-0.0016263087771471922
0.0012967372323000174
-0.008908925431026905
-0.0025428359827904083
-0.00077537220851986682
0.0005597861879618742
-0.004423623466704555
-0.0010639033022989703
-0.00014212523714549007
-0.00014838616751291608
-0.0021448941818965352
-0.0011573594855200935
-0.00020964651891862063
-0.00019738367538313598
-0.00097764501521559102
-0.00070666691895541697
0.00012777762025157545
-0.00015346509607360194
-0.00034069500242554849
-0.00039224568148357714
7.1548509733713301e-05
-6.8649491795113801e-05
-0.00013379372101108956
-0.00022939942686188918
8.438615377528969e-05
-4.4587797270065625e-05
-2.742310763941864e-05
-0.00011411702302810857
6.0036802314697859e-05
-8.1934199797205285e-06
6.351661481272604e-06
-5.5556403153903397e-05
3.8819098483114549e-05
-7.8945267808316751e-07
9.5292590407085728e-06
-2.5346699949679425e-05
2.2674756177127001e-05
3.8678194499994127e-06
9.8604646202366685e-06
-1.0707878206047716e-05
1.2970929203161394e-05
4.5119918579686446e-06
6.0129801992153858e-06
-3.8330284957715548e-06
6.4218378887766973e-06
3.4996720405714143e-06
3.5627627580126507e-06
-1.2936847507009375e-06
3.0778723152992079e-06
2.4864576122124649e-06
1.8427605441168778e-06
-1.8567808359725165e-07
1.3214897062794935e-06
1.5799716677043834e-06
8.6796701988758517e-07
7.2849673596205645e-08
4.4798649925437949e-07
9.3354959215232929e-07
3.5654323417580277e-07
1.1501096524182263e-07
1.0539002332489098e-07
5.1985704593101894e-07
1.2746433688097476e-07
8.4367178530983925e-08
-3.0409887561087495e-08
2.758930406692116e-07
2.6621171687262051e-08
4.5551314236567418e-08
-5.9421904819965682e-08
1.3576511622957099e-07
-5.8972541718374711e-09
2.0192285531604983e-08
-5.3335483895830865e-08
6.3730629511827845e-08
-1.2515144702706333e-08
6.0876263202017338e-09
-3.8183538819122508e-08
2.7063073943586285e-08
-1.074623294835546e-08
-2.676708434205679e-10
-2.4356570082424584e-08
1.0156850750714868e-08
-6.8073149807921454e-09
-2.3456885836509158e-09
-1.4213002793801675e-08
2.9421434666291314e-09
-3.7539851687625684e-09
-2.4542891427873076e-09
-7.8041689217006375e-09
2.203156006638419e-10
-1.7457102514329176e-09
-1.9384772065842647e-09
-4.0146745181575015e-09
-5.5250487025472116e-10
-6.4480336385135848e-10
-1.3026886579616897e-09
-1.936482563948402e-09
-6.0411460602065292e-10
-1.2034382068778189e-10
-7.9856949488644205e-10
-8.7069276711273574e-10
-4.509522512156917e-10
8.2226735844648372e-11
-4.5038014891997974e-10
-3.5359852619854887e-10
-2.8540393142686272e-10
1.3163156173241971e-10
-2.3499253680859769e-10
-1.2343601567192599e-10
-1.6191114071884185e-10
1.1742118967783884e-10
-1.1269737155354782e-10
-3.0163430225478124e-11
-8.4294710262181065e-11
8.6267960306859245e-11
-4.8258615838903609e-11
1.7536636266094068e-12
-4.003314058212031e-11
5.6675853367426179e-11
-1.7081938764917023e-11
9.074838324580291e-12
-1.7110527910635676e-11
3.4332085869544546e-11
-3.5563736460004571e-12
8.088752328693464e-12
-6.2135508306231544e-12
1.9487514090449714e-11
1.361209610629907e-12
5.3496951918923995e-12
-1.570395405660217e-12
1.0395484005101265e-11
2.5009714370547034e-12
2.9866550448402179e-12
1.0131095851284782e-13
5.2060462666256189e-12
2.2267791129711866e-12
1.4431277804577795e-12
5.1218807085658119e-13
2.4227694086538249e-12
1.6024985261964635e-12
5.8149116931355561e-13
4.710145713173859e-13
1.0230551288683805e-12
1.0256560166673143e-12
1.6172489759985641e-13
3.2131826370309083e-13
3.6879979458892566e-13
6.0478139918292324e-13
-1.0413995551707499e-14
1.8589229002696358e-13
9.1462284166367876e-14
3.3323136294427067e-13
-6.1642127236845243e-14
9.3669880541631547e-14
-9.2164994350377003e-15
1.7224710281043182e-13
-6.2278485472580204e-14
3.9957687807054317e-14
-3.4587822330761459e-14
8.3249361884391967e-14
-4.7073141260476309e-14
1.2580125513071821e-14
-3.2396202830280819e-14
3.7119051777825818e-14
-3.076455131617778e-14
6.0460225435401728e-16
-2.3223271443065462e-14
1.4816186785513644e-14
-1.8167298486712806e-14
0
0.05974744455417666
-0.0041210643613407366
-1.8352083557594521
0.49325418092601647
0.09636915707948604
0.23647081669510858
-1.1984228626704949
1.0674468183378309
0.37314367645515673
1.3614064222646522
-0.74053644879305858
0.01074922497466254
0.2825076723015606
-0.021771121149497988
-0.41292525810688641
0.56217288046526581
0.25448067705121191
0.48410028774935232
-0.16851067687330121
0.19311344207434675
0.39635329929824076
0.18097882392090103
-0.01253079232794088
0.085714357124979573
0.13101865820279615
0.095558170813901611
-0.018898447929796895
0.027915263537178936
0.14651326518672453
0.058346724989663389
0.013010470217177538
0.010355057347320141
0.075725866163728686
0.011022266474550147
0.0069783498766788016
-0.022885523845113675
0.042024422933693274
0.0053179687856378041
0.0014212523714549007
-0.010639033022989703
0.022521388909913616
-0.001558054758885619
0.0023061117081048265
-0.012730954340721027
0.011242917674979296
-0.0022699122669060639
-0.0015333314430189056
-0.0084800030274650041
0.0042586875303193559
-0.0019183137009200241
-0.0009301306265382728
-0.0050991938592865023
0.0018062152336497093
-0.00092676813923403632
-0.0011814061528540557
-0.0032115919760664488
0.00039763506077157031
-0.00064652306041595151
-0.00090055203472046792
-0.0017117553454216287
-9.8450752959725353e-05
-0.00012699800968566819
-0.00062110557572983278
-0.00088890245046245435
-0.00015723277417169148
-1.3025969188372266e-05
-0.00038547085501115899
-0.00043089389914455022
-0.00017255813085414169
6.7686840374989732e-05
-0.00023347672565690507
-0.00019274180770885891
-0.00011124013368548462
8.3471849372419919e-05
-0.00012201491988675726
-7.2827541419659539e-05
-6.9473873781246689e-05
6.8243604791142572e-05
-6.1557446305984161e-05
-2.587369501401875e-05
-3.7776591154395996e-05
5.0972381050355534e-05
-2.7751283831869363e-05
-3.8992397555422842e-06
-1.866129092758308e-05
3.3969390855644243e-05
-9.8557029835963492e-06
1.6026928191165242e-06
-8.022222768955562e-06
2.1004865823427407e-05
-2.4239705364724926e-06
2.6452522005619205e-06
-2.9954119167029071e-06
1.2216640579378946e-05
7.2983730146609987e-07
2.0248122847436142e-06
-6.5221870633792026e-07
6.7593794963956849e-06
1.4855476204991421e-06
1.1387828559141855e-06
1.5037998138185551e-07
3.4620104638540599e-06
1.3867225812916026e-06
5.2499942382172961e-07
3.3165133462171785e-07
1.6888616820634379e-06
1.0309555481163076e-06
1.6436591064544683e-07
2.9552140607977516e-07
7.4423453344862276e-07
6.8198396230788837e-07
-7.4947836157759017e-09
1.9400847695257614e-07
2.8947024639537375e-07
4.1217708102024856e-07
-6.8024968925876552e-08
1.1074256247849575e-07
8.679323226555937e-08
2.3412506765101909e-07
-7.3628674283619227e-08
5.3244162668703986e-08
6.7196258202471784e-09
1.2445491006288254e-07
-6.0092793404112204e-08
2.0311305961317789e-08
-1.7403903413023714e-08
6.1967442046348866e-08
-4.1686037054774069e-08
3.911174172352912e-09
-1.963372469567122e-08
2.8732861314720282e-08
-2.6352793331252587e-08
-2.7545956507957207e-09
-1.5106900415725672e-08
1.2022349890750662e-08
-1.5312925063279309e-08
-4.5412888797684793e-09
-9.8464356342267642e-09
4.3202605485174098e-09
-8.2247387883009186e-09
-4.1684522335632784e-09
-5.7478454955188863e-09
1.0858834881172127e-09
-4.0571053759277207e-09
-3.1487805512003625e-09
-3.0767569245696087e-09
-6.4885554184548054e-11
-1.7855687860394336e-09
-2.1253445012784819e-09
-1.5012427718295116e-09
-3.4484385633405102e-10
-6.4911367306684683e-10
-1.321785305977465e-09
-6.5875532455947356e-10
-3.1546134081904512e-10
-1.3869857219401782e-10
-7.6975680657276365e-10
-2.4543525780961458e-10
-2.1398780767569599e-10
5.4448384425196278e-11
-4.2101710220660124e-10
-6.3601013929238779e-11
-1.2245285683844893e-10
1.0253982891924284e-10
-2.1605092006496318e-10
4.2044047782831853e-12
-6.061136677922674e-11
9.3524722744789833e-11
-1.0296769986778755e-10
2.1767993011404702e-11
-2.5004120280482894e-11
6.8907436626447935e-11
-4.4502898105774558e-11
2.0489133852306284e-11
-7.1158954943936818e-12
4.5128864733361827e-11
-1.6411590859207193e-11
1.4298662734787541e-11
4.6862979982683741e-13
2.7215162963231544e-11
-4.1615339295697385e-12
8.4580991962268435e-12
2.8355378528948807e-12
1.532864269543645e-11
4.2856722372925305e-13
4.355649445185867e-12
2.9270888172112693e-12
8.0956138320902952e-12
1.6429215607111693e-12
1.89799017083508e-12
2.259510780502863e-12
3.9959693704508148e-12
1.5712158372686195e-12
6.101360873839833e-13
1.5074630144927111e-12
1.8188335371134652e-12
1.1495519364317405e-12
2.9927811590523857e-14
9.0836492433564037e-13
7.408093392756822e-13


========================================================
Approximation: 
x = 
-0.47786888364370295 - 0.11949488910835332*cos(1t) - 0.0082421287226814733*sin(1t) + 1.8352083557594521*cos(2t) + 0.49325418092601647*sin(2t) - 0.06424610471965736*cos(3t) + 0.15764721113007238*sin(3t) + 0.59921143133524746*cos(4t) + 0.53372340916891547*sin(4t) - 0.14925747058206268*cos(5t) + 0.54456256890586097*sin(5t) + 0.24684548293101952*cos(6t) + 0.0035830749915541798*sin(6t) - 0.080716477800445871*cos(7t) - 0.0062203203284279963*sin(7t) + 0.1032313145267216*cos(8t) + 0.14054322011631645*sin(8t) - 0.056551261566935983*cos(9t) + 0.10757784172207829*sin(9t) + 0.033702135374660241*cos(10t) + 0.038622688414869349*sin(10t) - 0.072064236236043772*cos(11t) + 0.032905240712891096*sin(11t) + 0.0020884653879901464*cos(12t) + 0.014285726187496597*sin(12t) - 0.020156716646584021*cos(13t) + 0.014701257048292556*sin(13t) + 0.0026997782756852705*cos(14t) + 0.0039878947910255624*sin(14t) - 0.019535102024896604*cos(15t) + 0.0077795633319551185*sin(15t) - 0.0016263087771471922*cos(16t) + 0.0012943821684150176*sin(16t) - 0.008908925431026905*cos(17t) + 0.0012967372323000174*sin(17t) - 0.00077537220851986682*cos(18t) - 0.0025428359827904083*sin(18t) - 0.004423623466704555*cos(19t) + 0.0005597861879618742*sin(19t) - 0.00014212523714549007*cos(20t) - 0.0010639033022989703*sin(20t) - 0.0021448941818965352*cos(21t) - 0.00014838616751291608*sin(21t) - 0.00020964651891862063*cos(22t) - 0.0011573594855200935*sin(22t) - 0.00097764501521559102*cos(23t) - 0.00019738367538313598*sin(23t) + 0.00012777762025157545*cos(24t) - 0.00070666691895541697*sin(24t) - 0.00034069500242554849*cos(25t) - 0.00015346509607360194*sin(25t) + 7.1548509733713301e-05*cos(26t) - 0.00039224568148357714*sin(26t) - 0.00013379372101108956*cos(27t) - 6.8649491795113801e-05*sin(27t) + 8.438615377528969e-05*cos(28t) - 0.00022939942686188918*sin(28t) - 2.742310763941864e-05*cos(29t) - 4.4587797270065625e-05*sin(29t) + 6.0036802314697859e-05*cos(30t) - 0.00011411702302810857*sin(30t) + 6.351661481272604e-06*cos(31t) - 8.1934199797205285e-06*sin(31t) + 3.8819098483114549e-05*cos(32t) - 5.5556403153903397e-05*sin(32t) + 9.5292590407085728e-06*cos(33t) - 7.8945267808316751e-07*sin(33t) + 2.2674756177127001e-05*cos(34t) - 2.5346699949679425e-05*sin(34t) + 9.8604646202366685e-06*cos(35t) + 3.8678194499994127e-06*sin(35t) + 1.2970929203161394e-05*cos(36t) - 1.0707878206047716e-05*sin(36t) + 6.0129801992153858e-06*cos(37t) + 4.5119918579686446e-06*sin(37t) + 6.4218378887766973e-06*cos(38t) - 3.8330284957715548e-06*sin(38t) + 3.5627627580126507e-06*cos(39t) + 3.4996720405714143e-06*sin(39t) + 3.0778723152992079e-06*cos(40t) - 1.2936847507009375e-06*sin(40t) + 1.8427605441168778e-06*cos(41t) + 2.4864576122124649e-06*sin(41t) + 1.3214897062794935e-06*cos(42t) - 1.8567808359725165e-07*sin(42t) + 8.6796701988758517e-07*cos(43t) + 1.5799716677043834e-06*sin(43t) + 4.4798649925437949e-07*cos(44t) + 7.2849673596205645e-08*sin(44t) + 3.5654323417580277e-07*cos(45t) + 9.3354959215232929e-07*sin(45t) + 1.0539002332489098e-07*cos(46t) + 1.1501096524182263e-07*sin(46t) + 1.2746433688097476e-07*cos(47t) + 5.1985704593101894e-07*sin(47t) - 3.0409887561087495e-08*cos(48t) + 8.4367178530983925e-08*sin(48t) + 2.6621171687262051e-08*cos(49t) + 2.758930406692116e-07*sin(49t) - 5.9421904819965682e-08*cos(50t) + 4.5551314236567418e-08*sin(50t) - 5.8972541718374711e-09*cos(51t) + 1.3576511622957099e-07*sin(51t) - 5.3335483895830865e-08*cos(52t) + 2.0192285531604983e-08*sin(52t) - 1.2515144702706333e-08*cos(53t) + 6.3730629511827845e-08*sin(53t) - 3.8183538819122508e-08*cos(54t) + 6.0876263202017338e-09*sin(54t) - 1.074623294835546e-08*cos(55t) + 2.7063073943586285e-08*sin(55t) - 2.4356570082424584e-08*cos(56t) - 2.676708434205679e-10*sin(56t) - 6.8073149807921454e-09*cos(57t) + 1.0156850750714868e-08*sin(57t) - 1.4213002793801675e-08*cos(58t) - 2.3456885836509158e-09*sin(58t) - 3.7539851687625684e-09*cos(59t) + 2.9421434666291314e-09*sin(59t) - 7.8041689217006375e-09*cos(60t) - 2.4542891427873076e-09*sin(60t) - 1.7457102514329176e-09*cos(61t) + 2.203156006638419e-10*sin(61t) - 4.0146745181575015e-09*cos(62t) - 1.9384772065842647e-09*sin(62t) - 6.4480336385135848e-10*cos(63t) - 5.5250487025472116e-10*sin(63t) - 1.936482563948402e-09*cos(64t) - 1.3026886579616897e-09*sin(64t) - 1.2034382068778189e-10*cos(65t) - 6.0411460602065292e-10*sin(65t) - 8.7069276711273574e-10*cos(66t) - 7.9856949488644205e-10*sin(66t) + 8.2226735844648372e-11*cos(67t) - 4.509522512156917e-10*sin(67t) - 3.5359852619854887e-10*cos(68t) - 4.5038014891997974e-10*sin(68t) + 1.3163156173241971e-10*cos(69t) - 2.8540393142686272e-10*sin(69t) - 1.2343601567192599e-10*cos(70t) - 2.3499253680859769e-10*sin(70t) + 1.1742118967783884e-10*cos(71t) - 1.6191114071884185e-10*sin(71t) - 3.0163430225478124e-11*cos(72t) - 1.1269737155354782e-10*sin(72t) + 8.6267960306859245e-11*cos(73t) - 8.4294710262181065e-11*sin(73t) + 1.7536636266094068e-12*cos(74t) - 4.8258615838903609e-11*sin(74t) + 5.6675853367426179e-11*cos(75t) - 4.003314058212031e-11*sin(75t) + 9.074838324580291e-12*cos(76t) - 1.7081938764917023e-11*sin(76t) + 3.4332085869544546e-11*cos(77t) - 1.7110527910635676e-11*sin(77t) + 8.088752328693464e-12*cos(78t) - 3.5563736460004571e-12*sin(78t) + 1.9487514090449714e-11*cos(79t) - 6.2135508306231544e-12*sin(79t) + 5.3496951918923995e-12*cos(80t) + 1.361209610629907e-12*sin(80t) + 1.0395484005101265e-11*cos(81t) - 1.570395405660217e-12*sin(81t) + 2.9866550448402179e-12*cos(82t) + 2.5009714370547034e-12*sin(82t) + 5.2060462666256189e-12*cos(83t) + 1.0131095851284782e-13*sin(83t) + 1.4431277804577795e-12*cos(84t) + 2.2267791129711866e-12*sin(84t) + 2.4227694086538249e-12*cos(85t) + 5.1218807085658119e-13*sin(85t) + 5.8149116931355561e-13*cos(86t) + 1.6024985261964635e-12*sin(86t) + 1.0230551288683805e-12*cos(87t) + 4.710145713173859e-13*sin(87t) + 1.6172489759985641e-13*cos(88t) + 1.0256560166673143e-12*sin(88t) + 3.6879979458892566e-13*cos(89t) + 3.2131826370309083e-13*sin(89t) - 1.0413995551707499e-14*cos(90t) + 6.0478139918292324e-13*sin(90t) + 9.1462284166367876e-14*cos(91t) + 1.8589229002696358e-13*sin(91t) - 6.1642127236845243e-14*cos(92t) + 3.3323136294427067e-13*sin(92t) - 9.2164994350377003e-15*cos(93t) + 9.3669880541631547e-14*sin(93t) - 6.2278485472580204e-14*cos(94t) + 1.7224710281043182e-13*sin(94t) - 3.4587822330761459e-14*cos(95t) + 3.9957687807054317e-14*sin(95t) - 4.7073141260476309e-14*cos(96t) + 8.3249361884391967e-14*sin(96t) - 3.2396202830280819e-14*cos(97t) + 1.2580125513071821e-14*sin(97t) - 3.076455131617778e-14*cos(98t) + 3.7119051777825818e-14*sin(98t) - 2.3223271443065462e-14*cos(99t) + 6.0460225435401728e-16*sin(99t) - 1.8167298486712806e-14*cos(100t) + 1.4816186785513644e-14*sin(100t)


y = 
0 - 0.0041210643613407366*cos(1t) + 0.05974744455417666*sin(1t) + 0.49325418092601647*cos(2t) - 1.8352083557594521*sin(2t) + 0.23647081669510858*cos(3t) + 0.09636915707948604*sin(3t) + 1.0674468183378309*cos(4t) - 1.1984228626704949*sin(4t) + 1.3614064222646522*cos(5t) + 0.37314367645515673*sin(5t) + 0.01074922497466254*cos(6t) - 0.74053644879305858*sin(6t) - 0.021771121149497988*cos(7t) + 0.2825076723015606*sin(7t) + 0.56217288046526581*cos(8t) - 0.41292525810688641*sin(8t) + 0.48410028774935232*cos(9t) + 0.25448067705121191*sin(9t) + 0.19311344207434675*cos(10t) - 0.16851067687330121*sin(10t) + 0.18097882392090103*cos(11t) + 0.39635329929824076*sin(11t) + 0.085714357124979573*cos(12t) - 0.01253079232794088*sin(12t) + 0.095558170813901611*cos(13t) + 0.13101865820279615*sin(13t) + 0.027915263537178936*cos(14t) - 0.018898447929796895*sin(14t) + 0.058346724989663389*cos(15t) + 0.14651326518672453*sin(15t) + 0.010355057347320141*cos(16t) + 0.013010470217177538*sin(16t) + 0.011022266474550147*cos(17t) + 0.075725866163728686*sin(17t) - 0.022885523845113675*cos(18t) + 0.0069783498766788016*sin(18t) + 0.0053179687856378041*cos(19t) + 0.042024422933693274*sin(19t) - 0.010639033022989703*cos(20t) + 0.0014212523714549007*sin(20t) - 0.001558054758885619*cos(21t) + 0.022521388909913616*sin(21t) - 0.012730954340721027*cos(22t) + 0.0023061117081048265*sin(22t) - 0.0022699122669060639*cos(23t) + 0.011242917674979296*sin(23t) - 0.0084800030274650041*cos(24t) - 0.0015333314430189056*sin(24t) - 0.0019183137009200241*cos(25t) + 0.0042586875303193559*sin(25t) - 0.0050991938592865023*cos(26t) - 0.0009301306265382728*sin(26t) - 0.00092676813923403632*cos(27t) + 0.0018062152336497093*sin(27t) - 0.0032115919760664488*cos(28t) - 0.0011814061528540557*sin(28t) - 0.00064652306041595151*cos(29t) + 0.00039763506077157031*sin(29t) - 0.0017117553454216287*cos(30t) - 0.00090055203472046792*sin(30t) - 0.00012699800968566819*cos(31t) - 9.8450752959725353e-05*sin(31t) - 0.00088890245046245435*cos(32t) - 0.00062110557572983278*sin(32t) - 1.3025969188372266e-05*cos(33t) - 0.00015723277417169148*sin(33t) - 0.00043089389914455022*cos(34t) - 0.00038547085501115899*sin(34t) + 6.7686840374989732e-05*cos(35t) - 0.00017255813085414169*sin(35t) - 0.00019274180770885891*cos(36t) - 0.00023347672565690507*sin(36t) + 8.3471849372419919e-05*cos(37t) - 0.00011124013368548462*sin(37t) - 7.2827541419659539e-05*cos(38t) - 0.00012201491988675726*sin(38t) + 6.8243604791142572e-05*cos(39t) - 6.9473873781246689e-05*sin(39t) - 2.587369501401875e-05*cos(40t) - 6.1557446305984161e-05*sin(40t) + 5.0972381050355534e-05*cos(41t) - 3.7776591154395996e-05*sin(41t) - 3.8992397555422842e-06*cos(42t) - 2.7751283831869363e-05*sin(42t) + 3.3969390855644243e-05*cos(43t) - 1.866129092758308e-05*sin(43t) + 1.6026928191165242e-06*cos(44t) - 9.8557029835963492e-06*sin(44t) + 2.1004865823427407e-05*cos(45t) - 8.022222768955562e-06*sin(45t) + 2.6452522005619205e-06*cos(46t) - 2.4239705364724926e-06*sin(46t) + 1.2216640579378946e-05*cos(47t) - 2.9954119167029071e-06*sin(47t) + 2.0248122847436142e-06*cos(48t) + 7.2983730146609987e-07*sin(48t) + 6.7593794963956849e-06*cos(49t) - 6.5221870633792026e-07*sin(49t) + 1.1387828559141855e-06*cos(50t) + 1.4855476204991421e-06*sin(50t) + 3.4620104638540599e-06*cos(51t) + 1.5037998138185551e-07*sin(51t) + 5.2499942382172961e-07*cos(52t) + 1.3867225812916026e-06*sin(52t) + 1.6888616820634379e-06*cos(53t) + 3.3165133462171785e-07*sin(53t) + 1.6436591064544683e-07*cos(54t) + 1.0309555481163076e-06*sin(54t) + 7.4423453344862276e-07*cos(55t) + 2.9552140607977516e-07*sin(55t) - 7.4947836157759017e-09*cos(56t) + 6.8198396230788837e-07*sin(56t) + 2.8947024639537375e-07*cos(57t) + 1.9400847695257614e-07*sin(57t) - 6.8024968925876552e-08*cos(58t) + 4.1217708102024856e-07*sin(58t) + 8.679323226555937e-08*cos(59t) + 1.1074256247849575e-07*sin(59t) - 7.3628674283619227e-08*cos(60t) + 2.3412506765101909e-07*sin(60t) + 6.7196258202471784e-09*cos(61t) + 5.3244162668703986e-08*sin(61t) - 6.0092793404112204e-08*cos(62t) + 1.2445491006288254e-07*sin(62t) - 1.7403903413023714e-08*cos(63t) + 2.0311305961317789e-08*sin(63t) - 4.1686037054774069e-08*cos(64t) + 6.1967442046348866e-08*sin(64t) - 1.963372469567122e-08*cos(65t) + 3.911174172352912e-09*sin(65t) - 2.6352793331252587e-08*cos(66t) + 2.8732861314720282e-08*sin(66t) - 1.5106900415725672e-08*cos(67t) - 2.7545956507957207e-09*sin(67t) - 1.5312925063279309e-08*cos(68t) + 1.2022349890750662e-08*sin(68t) - 9.8464356342267642e-09*cos(69t) - 4.5412888797684793e-09*sin(69t) - 8.2247387883009186e-09*cos(70t) + 4.3202605485174098e-09*sin(70t) - 5.7478454955188863e-09*cos(71t) - 4.1684522335632784e-09*sin(71t) - 4.0571053759277207e-09*cos(72t) + 1.0858834881172127e-09*sin(72t) - 3.0767569245696087e-09*cos(73t) - 3.1487805512003625e-09*sin(73t) - 1.7855687860394336e-09*cos(74t) - 6.4885554184548054e-11*sin(74t) - 1.5012427718295116e-09*cos(75t) - 2.1253445012784819e-09*sin(75t) - 6.4911367306684683e-10*cos(76t) - 3.4484385633405102e-10*sin(76t) - 6.5875532455947356e-10*cos(77t) - 1.321785305977465e-09*sin(77t) - 1.3869857219401782e-10*cos(78t) - 3.1546134081904512e-10*sin(78t) - 2.4543525780961458e-10*cos(79t) - 7.6975680657276365e-10*sin(79t) + 5.4448384425196278e-11*cos(80t) - 2.1398780767569599e-10*sin(80t) - 6.3601013929238779e-11*cos(81t) - 4.2101710220660124e-10*sin(81t) + 1.0253982891924284e-10*cos(82t) - 1.2245285683844893e-10*sin(82t) + 4.2044047782831853e-12*cos(83t) - 2.1605092006496318e-10*sin(83t) + 9.3524722744789833e-11*cos(84t) - 6.061136677922674e-11*sin(84t) + 2.1767993011404702e-11*cos(85t) - 1.0296769986778755e-10*sin(85t) + 6.8907436626447935e-11*cos(86t) - 2.5004120280482894e-11*sin(86t) + 2.0489133852306284e-11*cos(87t) - 4.4502898105774558e-11*sin(87t) + 4.5128864733361827e-11*cos(88t) - 7.1158954943936818e-12*sin(88t) + 1.4298662734787541e-11*cos(89t) - 1.6411590859207193e-11*sin(89t) + 2.7215162963231544e-11*cos(90t) + 4.6862979982683741e-13*sin(90t) + 8.4580991962268435e-12*cos(91t) - 4.1615339295697385e-12*sin(91t) + 1.532864269543645e-11*cos(92t) + 2.8355378528948807e-12*sin(92t) + 4.355649445185867e-12*cos(93t) + 4.2856722372925305e-13*sin(93t) + 8.0956138320902952e-12*cos(94t) + 2.9270888172112693e-12*sin(94t) + 1.89799017083508e-12*cos(95t) + 1.6429215607111693e-12*sin(95t) + 3.9959693704508148e-12*cos(96t) + 2.259510780502863e-12*sin(96t) + 6.101360873839833e-13*cos(97t) + 1.5712158372686195e-12*sin(97t) + 1.8188335371134652e-12*cos(98t) + 1.5074630144927111e-12*sin(98t) + 2.9927811590523857e-14*cos(99t) + 1.1495519364317405e-12*sin(99t) + 7.408093392756822e-13*cos(100t) + 9.0836492433564037e-13*sin(100t)


Create matrix and vector
Linear solver Check || I - RA || < 1: 5.6260158350184549e-11 < 1 ?

Compute Mm ( ||Fminv'|| )
Mm = [23.128348871069107,23.128464456417892]
Verification Fourier order m_verify = 301
Linear solver Check || I - RA || < 1: 2.2204460492503131e-16 < 1 ?

Compute K0 ( ||N'[zh]|| )
K0 = [56.349266919803454,56.349266919810255]

Compute KmN ( || C Finv B || )
Linear solver Check || I - RA || < 1: 4.8551272359683121e-11 < 1 ?
KmN = [0.00079793410374969311,0.00079793410375395523]

Compute kappa
sigmam = [0.0099009900990098993,0.0099009900990099012]
sigmam*K0 = [0.55791353385943998,0.55791353385950749]
kappa = [0.5587114679631896,0.55871146796326155]
(Old) kappa = [727.66737639982375,727.67101017434914]
|| Sinv ||  = [2.2660910660524127,2.2660910660527827]

Compute CFinv ( || C Finv || )
Linear solver Check || I - RA || < 1: 4.8551272359683121e-11 < 1 ?
|| C Finv || = [0.001402675137152717,0.0014026751371603146]

Compute FinvB ( || Finv B || )
Linear solver Check || I - RA || < 1: 4.8551272359683121e-11 < 1 ?
|| Finv B || = [0.14507595446772578,0.1450759544679286]

Compute Bnorm ( || B || )
|| B || = [13.953876233872604,13.953876233891024]

========================================================
Compute Residual norms || F(zh) ||_Z, || (I - Pm)F(zh) ||_Z, || Dinv F(zh) ||_Z, || C Dinv F(zh) ||_Z 
|| F(zh) ||_Z <= [2.0625219139715194e-10,2.0628710829387665e-10]
|| (I - Pm)F(zh) ||_Z <= [2.0625219139715183e-10,2.0625219139717891e-10]
|| DFinv F(zh) ||_Z <= [0,1.8817611870238078e-11]
Linear solver Check || I - RA || < 1: 2.2204460492503131e-16 < 1 ?
|| C DFinv F(zh) ||_Z <= [0,2.1276836742593225e-22]

========================================================
Compute Newton term norms || F'[zh]^-1 F(zh) ||_Z
|| F'[zh]^-1 F(zh) ||_Z <= [4.6760315216751833e-12,2.0030832556669185e-11]
|| F'[zh]^-1 F(zh) ||_D <= [4.6976641280660019e-10,1.3351601040925053e-09]
|| DFinv ||_{B(Z)} <= [23.128810447602504,23.128926049367643]
|| DFinv ||_{B(Z, D)} <= [1304.4965672354555,1304.5030823360133]

========================================================
Compute r0 = 2*eta
r0 = [9.3953282561320039e-10,2.6703202081850105e-09]
Compute b(r0)
tilde_b(r0) = [2.7872500218588247e-08,7.9218627144629963e-08]
b(r0) = [3.635958085541785e-05,0.00010334094328859716]
12038 [msec]
Verification Success!!

|| u* - u^ || <= [4.6978349393753247e-10,1.3352980950572201e-09]

Check minimal period
q = 2 : || zh(.+2pi/q) - zh ||_Z >= 6.2224132551745335 , 2*rho <= 2.6705961901144401e-09
  -> z* is not (2pi/2)-periodic
Minimal period of z* is 2*pi (1/2 subharmonic of (1.2))

========================================================
