Create an approximate solution
Approximate Fourier order m_app = 90
alpha = 1
beta = 5
tilde{omega} = 1
omega = tilde{omega}/n = [0.5,0.5]
tau = 0.1
gamma = 1
mu = 0.1
k = 0.1
n = 2
xh = 
-0.47774278935593201
-0.0081370115117902226
-0.11971581532179038
0.49278440134620966
1.8350720000984755
0.15808412731422933
-0.064500708811348617
0.53317431208748189
0.59922509933395884
0.54600798879236268
-0.14974383768187557
0.0035424470562290689
0.24645463516311433
-0.0060804576466267088
-0.080901631700664348
0.14014202332322667
0.10307586987669962
0.10789464657862152
-0.056675278159343701
0.038412604447235349
0.033653762529269438
0.033070812780829843
-0.072133058717313403
0.014061463781271606
0.0018973195280181235
0.014785221485881626
-0.020128315419498576
0.0038420366345540378
0.0026164130128581873
0.0078222774861315993
-0.019462702614632496
0.001220541110986036
-0.0017331278508203535
0.0013143710058806381
-0.0088210904152340348
-0.0025768864050558465
-0.00086970455568852341
0.00053598754746637858
-0.0043304000118214829
-0.0010463820479049576
-0.00022414401677144324
-0.00019525135943367243
-0.0020628688446298641
-0.0011065743288576958
-0.00027383093019707055
-0.00026787701712943797
-0.00092021398389563849
-0.0006322635845833677
8.8685582154197524e-05
-0.00023755465783838027
-0.00031127942763496897
-0.00030635788457043068
6.2172262599881632e-05
-0.00015605642874776926
-0.0001371119690257364
-0.00014411900108160224
0.00010560356404081038
-0.00012492322606584252
-6.1744427187789547e-05
-4.0991605413618571e-05
0.00010949286121711924
-7.1271062639849243e-05
-5.4343432526896438e-05
-3.7823783527951808e-06
0.00011049913187653014
-3.8825672939405407e-05
-6.9709678381602716e-05
-1.5592625671933784e-06
0.00010773948434300878
-4.3382047870465825e-06
-7.7907015475240594e-05
-1.7863357303872495e-05
0.00010097484542224436
2.7202670965701038e-05
-7.9306134676509761e-05
-4.1047392361301132e-05
8.6470028373845012e-05
5.4320262892987343e-05
-6.8695659232049827e-05
-6.3957655247044826e-05
6.5275808412405432e-05
7.5169972208011563e-05
-4.8381572401131061e-05
-8.0532558276274067e-05
3.7968660429798516e-05
8.7149711561614347e-05
-2.1094081699066591e-05
-8.8008082954144857e-05
7.0054120660497346e-06
8.8807950894809052e-05
9.3792319827736309e-06
-8.4795698139553143e-05
-2.4242200997342481e-05
7.9829508743374912e-05
3.9020698034391555e-05
-7.1146280184166991e-05
-5.2273067275485657e-05
6.1208617803041107e-05
6.3977653817876237e-05
-4.8689238663360668e-05
-7.3734509561987897e-05
3.5152177867909107e-05
8.1089265371222537e-05
-2.0187501474357799e-05
-8.6045199561617116e-05
4.8309835153663219e-06
8.819142007888434e-05
1.0826347296340625e-05
-8.7706517914877167e-05
-2.6044773036914236e-05
8.4386980220753119e-05
4.0509028540079969e-05
-7.8521059414980534e-05
-5.3674566768227051e-05
7.0140788969069251e-05
6.5183142157756164e-05
-5.9625906428466721e-05
-7.465150755485207e-05
4.7213226450568072e-05
8.1792796007948431e-05
-3.3357934782265963e-05
-8.6385869862664179e-05
1.8441718175284198e-05
8.8281264449753847e-05
-2.9657108587711007e-06
-8.74284429947044e-05
-1.2612991613351695e-05
8.3845196706226321e-05
2.779127385622635e-05
-7.765152056747024e-05
-4.2107552107170605e-05
6.903336935839714e-05
5.5107953977687725e-05
-5.8265465077042577e-05
-6.6391826011725783e-05
4.5678721541602202e-05
7.5604617291776454e-05
-3.1669379210119284e-05
-8.2460552703176337e-05
1.6671353460664031e-05
8.674522404521345e-05
-1.1544373308985836e-06
-8.8325207157644112e-05
-1.4399137745558365e-05
8.7151355009111781e-05
2.9503289619349792e-05
-8.3260022339594434e-05
-4.3687870029600952e-05
7.6772841376618621e-05
5.6510071703446301e-05
-6.7891778937261295e-05
-6.7570464437464864e-05
5.6894018241524239e-05
7.6523961872215109e-05
-4.4122226253692128e-05
-8.3091540527066839e-05
2.9974816878859499e-05
8.7068346161958311e-05
-1.4892741266723919e-05
-8.8330426605946806e-05
-6.5362784355336204e-07
8.6838413704500288e-05
1.6179656843286287e-05
-8.2638830418072702e-05
-3.1201184162494196e-05
7.5862622805233926e-05
4.5249897968652018e-05
-6.6721059819703946e-05
-5.7887731944249388e-05
5.5499180556038855e-05
6.8720671122060383e-05
-4.2546866270333172e-05
-7.7410934104150278e-05
2.8267971653485375e-05
8.3687575080842552e-05
-1.3107696181524084e-05
-8.7354885192717118e-05
-2.4612654019919169e-06
8.8298524423806397e-05
1.7953487437127627e-05
-8.6489068403390392e-05

yh = 
0
0.11971581532179038
-0.0081370115117902226
-3.670144000196951
0.98556880269241931
0.19350212643404585
0.47425238194268798
-2.3969003973358354
2.1326972483499276
0.7487191884093779
2.7300399439618133
-1.4787278109786861
0.021254682337374414
0.56631142190465045
-0.042563203526386963
-0.82460695901359693
1.1211361865858134
0.5100775034340933
0.97105181920759365
-0.33653762529269438
0.38412604447235349
0.79346364589044738
0.3637789405891283
-0.022767834336217482
0.16873756537525927
0.26166810045348149
0.19220787931646113
-0.036629782180014621
0.05378851288375653
0.29194053921948743
0.11733416229197399
0.027730045613125656
0.019528657775776576
0.1499585370589786
0.022344307099970848
0.015654682002393422
-0.046383955291005238
0.082277600224608172
0.010183763401861192
0.0044828803354288651
-0.020927640958099153
0.043320245737227148
-0.0041002785481071211
0.0060242804643355517
-0.024344635234869308
0.021164921629599685
-0.0061611713939770732
-0.0021284539717007405
-0.015174326030000825
0.0077819856908742241
-0.0059388664459595064
-0.0016164788275969224
-0.0079653049988311977
0.0037020231636948828
-0.0042135235761897698
-0.0029568997931426907
-0.0040353320302848623
0.0017905883884458968
-0.0036227735559094328
-0.0032847858365135773
-0.0012297481624085572
0.0016846464083337897
-0.0022094029418353264
-0.0035359722200489644
-0.00012103610728944579
0.0023004193865928898
-0.0012812472070003783
-0.0036631424676622985
-5.3014927284574868e-05
0.0027267455416334209
-0.0001518371675466304
-0.003635094435200797
-0.00064308086293940979
0.0029343269830308613
0.0010064988257309385
-0.0032858610782061106
-0.0015598009097294431
0.0026791307100499434
0.0021184902528265065
-0.0026110323364962173
-0.0025583062098817931
0.0019836444684463734
0.003081968860528474
-0.0015946837380515376
-0.003382367447603511
0.00090704551305986346
0.0037474375971494169
-0.0003082381309061883
-0.0038723556499823735
-0.00042206543922481337
0.0039963577902664077
0.0011151412458777542
-0.0039006021144194448
-0.0018339728076164031
0.0037519869109386211
0.0025091072292233113
-0.0034150214488400154
-0.0031349050370759355
0.0029992222723490142
0.0036867254780993948
-0.0024344619331680335
-0.0041355525339323495
0.0017927610712633645
0.0044743503772040902
-0.0010497500766666055
-0.0046741452641808701
0.00025604212631441504
0.0047361519674033667
0.00058462275400239375
-0.0046412839121414218
-0.001432462517030283
0.0043971793272389098
0.0022685055982444783
-0.003998024971236947
-0.0030594503057889419
0.0034583025728510699
0.0037806222451498574
-0.0027855803605835163
-0.0044044389457362724
0.0020014760869359579
0.0049075677604769061
-0.0011249448086923361
-0.0052695380616225151
0.00018387407324380826
0.0054734383958847388
0.00079461847164115677
-0.0055079919086663768
-0.0017786415267984864
0.0053660925891984845
0.0027369908869660895
-0.0050473488368855653
-0.0036371249625273896
0.0045562023776542114
0.0044482523427856278
-0.0039037861601618528
-0.0051411139758407989
0.0031061530648289499
0.005689778136519167
-0.0021851871654982305
-0.0060721656831649413
0.0011669947422464821
0.0062710897081927324
-8.1965050493799441e-05
-0.0062748975606560483
-0.0010367379176802023
0.0060779816307903935
0.0021537401422125346
-0.0056811902618697776
-0.0032329023821904704
0.005091883420294597
0.0042382553777584727
-0.0043239453863558423
-0.0051353552972473295
0.0033974114215342939
0.0058923450641605634
-0.0023380357165510408
-0.0064811401611112136
0.0011765265600711895
0.0068783993467947061
5.229022748426896e-05
-0.0070664341284757447
-0.0013105522043061891
0.0070339115100645231
0.0025584971013245241
-0.0067763840942819615
-0.0037557415313981177
0.0062965976928344158
0.0048625694833169487
-0.0056045690248551312
-0.0058412570453751323
0.0047174303472633031
0.0066573403329569236
-0.0036590304992486526
-0.0072808190320333022
0.0024593135338532275
0.0076872298969591062
-0.0011534772639741194
-0.0078585686737187698
-0.00021905262077728062
0.007784016156305135
0.0016158138693414864

i = 0, 0.51743439112621059 <= 7.1054273576010019e-15
i = 1, 0.25416775622605148 <= 7.1054273576010019e-15
i = 2, 0.19624900249425445 <= 7.1054273576010019e-15
i = 3, 0.047689826220390648 <= 7.1054273576010019e-15
i = 4, 0.0044741155717886944 <= 7.1054273576010019e-15
i = 5, 0.00036244762607653405 <= 7.1054273576010019e-15
i = 6, 2.3525480128148521e-07 <= 7.1054273576010019e-15
i = 7, 8.8761535806656282e-14 <= 7.1054273576010019e-15
Convergence : i = 8, 4.1199607325660255e-15 <= 7.1054273576010019e-15
zh:
-0.955737767287407
-0.0082421287226809997
-0.11949488910835293
0.49325418092601642
1.8352083557594527
0.15764721113007216
-0.064246104719657443
0.53372340916891647
0.59921143133524857
0.5445625689058593
-0.14925747058206193
0.0035830749915539725
0.24684548293101949
-0.0062203203284278774
-0.080716477800445857
0.1405432201163169
0.10323131452672209
0.10757784172207793
-0.056551261566935788
0.038622688414869565
0.033702135374660221
0.03290524071289111
-0.072064236236043744
0.014285726187496753
0.0020884653879903493
0.014701257048292501
-0.020156716646584021
0.0039878947910256838
0.0026997782756852714
0.0077795633319551402
-0.019535102024896608
0.0012943821684150679
-0.0016263087771471597
0.0012967372323000061
-0.0089089254310269293
-0.0025428359827903667
-0.00077537220851986444
0.0005597861879618794
-0.0044236234667045671
-0.0010639033022989553
-0.00014212523714548776
-0.00014838616751291819
-0.0021448941818965495
-0.0011573594855200837
-0.00020964651891862117
-0.00019738367538313693
-0.00097764501521559752
-0.00070666691895541383
0.00012777762025157515
-0.00015346509607360302
-0.00034069500242555381
-0.00039224568148357546
7.1548509733713287e-05
-6.8649491795114899e-05
-0.00013379372101109216
-0.00022939942686188905
8.4386153775289514e-05
-4.4587797270066296e-05
-2.742310763942024e-05
-0.00011411702302810859
6.0036802314697927e-05
-8.1934199797210655e-06
6.3516614812718349e-06
-5.5556403153903586e-05
3.8819098483114664e-05
-7.894526780834501e-07
9.5292590407081814e-06
-2.5346699949679554e-05
2.267475617712714e-05
3.8678194499992331e-06
9.8604646202364974e-06
-1.0707878206047816e-05
1.2970929203161502e-05
4.511991857968565e-06
6.0129801992153113e-06
-3.8330284957716116e-06
6.4218378887767829e-06
3.4996720405713757e-06
3.5627627580126303e-06
-1.2936847507009612e-06
3.0778723152992655e-06
2.4864576122124594e-06
1.8427605441168721e-06
-1.8567808359725261e-07
1.3214897062795333e-06
1.5799716677044014e-06
8.6796701988758359e-07
7.284967359622514e-08
4.4798649925440437e-07
9.3354959215236709e-07
3.5654323417579287e-07
1.150109652418608e-07
1.0539002332489609e-07
5.1985704593107749e-07
1.2746433688093601e-07
8.4367178531037831e-08
-3.0409887561114447e-08
2.7589304066928788e-07
2.6621171687170135e-08
4.5551314236623858e-08
-5.9421904820045905e-08
1.357651162296536e-07
-5.8972541720211135e-09
2.0192285531633878e-08
-5.3335483895998419e-08
6.3730629511876232e-08
-1.2515144703039233e-08
6.0876263201148252e-09
-3.8183538819419612e-08
2.7063073943511395e-08
-1.0746232948892633e-08
-2.6767084376651603e-10
-2.4356570082855383e-08
1.0156850750370017e-08
-6.8073149815748874e-09
-2.3456885845233899e-09
-1.4213002794371437e-08
2.9421434657367457e-09
-3.7539851697966922e-09
-2.4542891446929824e-09
-7.804168922162512e-09
2.20315598799341e-10
-1.7457102523866066e-09
-1.9384772100105076e-09
-4.0146745179870626e-09
-5.5250487328410699e-10
-6.4480336421583318e-10
-1.3026886638072344e-09
-1.9364825621824223e-09
-6.0411461106501185e-10
-1.2034381932345617e-10
-7.9856950409376711e-10
-8.7069276132898592e-10
-4.509522570351732e-10
8.2226742490919289e-11
-4.503801605566532e-10
-3.5359851279364699e-10
-2.8540393588745511e-10
1.3163157498129158e-10
-2.3499255010858505e-10
-1.2343599154939665e-10
-1.6191114075186894e-10
1.1742121782765414e-10
-1.1269738404409921e-10
-3.0163382446478073e-11
-8.4294684990240959e-11
8.6268009737962396e-11
-4.8258601488347843e-11
1.7537307908409398e-12
-4.0033075790214086e-11
5.6675918901076082e-11
-1.7081908576589784e-11
9.0749233103005451e-12
-1.7110396812692582e-11
3.4332172373862088e-11
-3.5562574842759898e-12
8.0888926987643281e-12
-6.2132365113862747e-12
1.9487609353944711e-11
1.3614264423056824e-12
5.3496935820171368e-12
-1.5699475142122515e-12
1.0395423394429818e-11
2.5012514300247531e-12
2.986602401602576e-12
1.018875341490353e-13
5.2059587685681851e-12
2.2272956885544286e-12
1.4428997279210733e-12
5.1348712789943952e-13
2.4221331153641158e-12
1.6028128178250729e-12
5.8048190089897605e-13
4.7150822810945923e-13
1.022293989956853e-12
1.0254878295535724e-12
1.6052146293016988e-13
3.2173047104340783e-13
3.6830615423548767e-13
6.0475877200080066e-13
-1.1117102689608834e-14
0
0.059747444554176465
-0.0041210643613404999
-1.8352083557594527
0.49325418092601642
0.096369157079486165
0.23647081669510825
-1.1984228626704971
1.0674468183378329
0.37314367645515478
1.361406422264648
-0.74053644879305847
0.010749224974661917
0.28250767230156054
-0.021771121149497571
-0.41292525810688835
0.56217288046526759
0.25448067705121102
0.48410028774935071
-0.1685106768733011
0.1931134420743478
0.39635329929824059
0.18097882392090112
-0.012530792327942096
0.085714357124980517
0.13101865820279612
0.095558170813901264
-0.018898447929796901
0.027915263537179789
0.14651326518672456
0.058346724989663548
0.013010470217177278
0.010355057347320543
0.075725866163728908
0.011022266474550053
0.0069783498766787799
-0.0228855238451133
0.042024422933693392
0.0053179687856378544
0.0014212523714548777
-0.010639033022989554
0.022521388909913766
-0.0015580547588856411
0.002306111708104833
-0.012730954340720923
0.011242917674979371
-0.0022699122669060747
-0.0015333314430189017
-0.0084800030274649659
0.0042586875303194226
-0.0019183137009200378
-0.00093013062653827269
-0.0050991938592864806
0.0018062152336497442
-0.00092676813923405117
-0.0011814061528540531
-0.0032115919760664466
0.00039763506077159346
-0.00064652306041596138
-0.0009005520347204689
-0.0017117553454216287
-9.845075295971344e-05
-0.00012699800968567652
-0.00062110557572983463
-0.00088890245046245738
-0.00015723277417168497
-1.3025969188376926e-05
-0.00038547085501116138
-0.00043089389914455244
-0.00017255813085413871
6.7686840374986575e-05
-0.00023347672565690703
-0.0001927418077088607
-0.00011124013368548326
8.3471849372418456e-05
-0.00012201491988675888
-7.2827541419660623e-05
-6.9473873781246296e-05
6.8243604791141826e-05
-6.1557446305985299e-05
-2.5873695014019221e-05
-3.777659115439588e-05
5.0972381050355419e-05
-2.77512838318702e-05
-3.8992397555423046e-06
-1.8661290927583046e-05
3.3969390855644636e-05
-9.8557029835968963e-06
1.6026928191169532e-06
-8.0222227689553401e-06
2.100486582342826e-05
-2.4239705364726103e-06
2.6452522005627985e-06
-2.9954119167019961e-06
1.2216640579380321e-05
7.2983730146674669e-07
2.0248122847449076e-06
-6.5221870633566832e-07
6.7593794963975526e-06
1.4855476205011476e-06
1.1387828559155966e-06
1.5037998138653841e-07
3.4620104638561665e-06
1.3867225812959589e-06
5.2499942382248082e-07
3.3165133463053969e-07
1.6888616820647201e-06
1.0309555481243295e-06
1.6436591064310028e-07
2.9552140609454747e-07
7.4423453344656341e-07
6.8198396231995065e-07
-7.4947836254624498e-09
1.9400847697488426e-07
2.8947024638554547e-07
4.1217708103677169e-07
-6.8024968951178313e-08
1.1074256250900243e-07
8.6793232239233997e-08
2.3412506766487535e-07
-7.3628674340789465e-08
5.3244162697791495e-08
6.7196257633799001e-09
1.2445491005759893e-07
-6.0092793510325728e-08
2.0311305972798742e-08
-1.7403903508449371e-08
6.1967441989837514e-08
-4.1686037241831502e-08
3.9111741280123254e-09
-1.9633724859612882e-08
2.8732861123856534e-08
-2.6352793635094317e-08
-2.7545958734457962e-09
-1.5106900610678302e-08
1.2022349434983997e-08
-1.5312925458926208e-08
-4.5412893368545594e-09
-9.8464357881172007e-09
4.3202597042288823e-09
-8.2247392538004776e-09
-4.1684532328817216e-09
-5.747845496691347e-09
1.0858817680732106e-09
-4.057105825587571e-09
-3.1487823554356274e-09
-3.0767560021437953e-09
-6.4888039261114767e-11
-1.7855682550688703e-09
-2.125346958790353e-09
-1.5012403421330283e-09
-3.4484708579142071e-10
-6.4911252591041186e-10
-1.3217886363936906e-09
-6.5875027728866442e-10
-3.154668152518088e-10
-1.3869404188676361e-10
-7.6976056948081605e-10
-2.4542284219975785e-10
-2.1398774328068546e-10
5.4457057692227297e-11
-4.210146474744076e-10
-6.3582874325596196e-11
-1.2245069846570561e-10
1.0255130863101488e-10
-2.1604728889557969e-10
4.2283326671849647e-12
-6.0601788572685082e-11
9.3546418919285988e-11
-1.0294065740297492e-10
2.1823202935726179e-11
-2.4960721738655969e-11
6.892095116647813e-11
-4.4469788563123103e-11
2.0510607922761478e-11
-7.0629443689274752e-12
4.5121464500357191e-11
-1.6389623863479201e-11
1.4317005961431648e-11
5.0026962103239763e-13
2.7214144740036027e-11


========================================================
Approximation: 
x = 
-0.4778688836437035 - 0.11949488910835293*cos(1t) - 0.0082421287226809997*sin(1t) + 1.8352083557594527*cos(2t) + 0.49325418092601642*sin(2t) - 0.064246104719657443*cos(3t) + 0.15764721113007216*sin(3t) + 0.59921143133524857*cos(4t) + 0.53372340916891647*sin(4t) - 0.14925747058206193*cos(5t) + 0.5445625689058593*sin(5t) + 0.24684548293101949*cos(6t) + 0.0035830749915539725*sin(6t) - 0.080716477800445857*cos(7t) - 0.0062203203284278774*sin(7t) + 0.10323131452672209*cos(8t) + 0.1405432201163169*sin(8t) - 0.056551261566935788*cos(9t) + 0.10757784172207793*sin(9t) + 0.033702135374660221*cos(10t) + 0.038622688414869565*sin(10t) - 0.072064236236043744*cos(11t) + 0.03290524071289111*sin(11t) + 0.0020884653879903493*cos(12t) + 0.014285726187496753*sin(12t) - 0.020156716646584021*cos(13t) + 0.014701257048292501*sin(13t) + 0.0026997782756852714*cos(14t) + 0.0039878947910256838*sin(14t) - 0.019535102024896608*cos(15t) + 0.0077795633319551402*sin(15t) - 0.0016263087771471597*cos(16t) + 0.0012943821684150679*sin(16t) - 0.0089089254310269293*cos(17t) + 0.0012967372323000061*sin(17t) - 0.00077537220851986444*cos(18t) - 0.0025428359827903667*sin(18t) - 0.0044236234667045671*cos(19t) + 0.0005597861879618794*sin(19t) - 0.00014212523714548776*cos(20t) - 0.0010639033022989553*sin(20t) - 0.0021448941818965495*cos(21t) - 0.00014838616751291819*sin(21t) - 0.00020964651891862117*cos(22t) - 0.0011573594855200837*sin(22t) - 0.00097764501521559752*cos(23t) - 0.00019738367538313693*sin(23t) + 0.00012777762025157515*cos(24t) - 0.00070666691895541383*sin(24t) - 0.00034069500242555381*cos(25t) - 0.00015346509607360302*sin(25t) + 7.1548509733713287e-05*cos(26t) - 0.00039224568148357546*sin(26t) - 0.00013379372101109216*cos(27t) - 6.8649491795114899e-05*sin(27t) + 8.4386153775289514e-05*cos(28t) - 0.00022939942686188905*sin(28t) - 2.742310763942024e-05*cos(29t) - 4.4587797270066296e-05*sin(29t) + 6.0036802314697927e-05*cos(30t) - 0.00011411702302810859*sin(30t) + 6.3516614812718349e-06*cos(31t) - 8.1934199797210655e-06*sin(31t) + 3.8819098483114664e-05*cos(32t) - 5.5556403153903586e-05*sin(32t) + 9.5292590407081814e-06*cos(33t) - 7.894526780834501e-07*sin(33t) + 2.267475617712714e-05*cos(34t) - 2.5346699949679554e-05*sin(34t) + 9.8604646202364974e-06*cos(35t) + 3.8678194499992331e-06*sin(35t) + 1.2970929203161502e-05*cos(36t) - 1.0707878206047816e-05*sin(36t) + 6.0129801992153113e-06*cos(37t) + 4.511991857968565e-06*sin(37t) + 6.4218378887767829e-06*cos(38t) - 3.8330284957716116e-06*sin(38t) + 3.5627627580126303e-06*cos(39t) + 3.4996720405713757e-06*sin(39t) + 3.0778723152992655e-06*cos(40t) - 1.2936847507009612e-06*sin(40t) + 1.8427605441168721e-06*cos(41t) + 2.4864576122124594e-06*sin(41t) + 1.3214897062795333e-06*cos(42t) - 1.8567808359725261e-07*sin(42t) + 8.6796701988758359e-07*cos(43t) + 1.5799716677044014e-06*sin(43t) + 4.4798649925440437e-07*cos(44t) + 7.284967359622514e-08*sin(44t) + 3.5654323417579287e-07*cos(45t) + 9.3354959215236709e-07*sin(45t) + 1.0539002332489609e-07*cos(46t) + 1.150109652418608e-07*sin(46t) + 1.2746433688093601e-07*cos(47t) + 5.1985704593107749e-07*sin(47t) - 3.0409887561114447e-08*cos(48t) + 8.4367178531037831e-08*sin(48t) + 2.6621171687170135e-08*cos(49t) + 2.7589304066928788e-07*sin(49t) - 5.9421904820045905e-08*cos(50t) + 4.5551314236623858e-08*sin(50t) - 5.8972541720211135e-09*cos(51t) + 1.357651162296536e-07*sin(51t) - 5.3335483895998419e-08*cos(52t) + 2.0192285531633878e-08*sin(52t) - 1.2515144703039233e-08*cos(53t) + 6.3730629511876232e-08*sin(53t) - 3.8183538819419612e-08*cos(54t) + 6.0876263201148252e-09*sin(54t) - 1.0746232948892633e-08*cos(55t) + 2.7063073943511395e-08*sin(55t) - 2.4356570082855383e-08*cos(56t) - 2.6767084376651603e-10*sin(56t) - 6.8073149815748874e-09*cos(57t) + 1.0156850750370017e-08*sin(57t) - 1.4213002794371437e-08*cos(58t) - 2.3456885845233899e-09*sin(58t) - 3.7539851697966922e-09*cos(59t) + 2.9421434657367457e-09*sin(59t) - 7.804168922162512e-09*cos(60t) - 2.4542891446929824e-09*sin(60t) - 1.7457102523866066e-09*cos(61t) + 2.20315598799341e-10*sin(61t) - 4.0146745179870626e-09*cos(62t) - 1.9384772100105076e-09*sin(62t) - 6.4480336421583318e-10*cos(63t) - 5.5250487328410699e-10*sin(63t) - 1.9364825621824223e-09*cos(64t) - 1.3026886638072344e-09*sin(64t) - 1.2034381932345617e-10*cos(65t) - 6.0411461106501185e-10*sin(65t) - 8.7069276132898592e-10*cos(66t) - 7.9856950409376711e-10*sin(66t) + 8.2226742490919289e-11*cos(67t) - 4.509522570351732e-10*sin(67t) - 3.5359851279364699e-10*cos(68t) - 4.503801605566532e-10*sin(68t) + 1.3163157498129158e-10*cos(69t) - 2.8540393588745511e-10*sin(69t) - 1.2343599154939665e-10*cos(70t) - 2.3499255010858505e-10*sin(70t) + 1.1742121782765414e-10*cos(71t) - 1.6191114075186894e-10*sin(71t) - 3.0163382446478073e-11*cos(72t) - 1.1269738404409921e-10*sin(72t) + 8.6268009737962396e-11*cos(73t) - 8.4294684990240959e-11*sin(73t) + 1.7537307908409398e-12*cos(74t) - 4.8258601488347843e-11*sin(74t) + 5.6675918901076082e-11*cos(75t) - 4.0033075790214086e-11*sin(75t) + 9.0749233103005451e-12*cos(76t) - 1.7081908576589784e-11*sin(76t) + 3.4332172373862088e-11*cos(77t) - 1.7110396812692582e-11*sin(77t) + 8.0888926987643281e-12*cos(78t) - 3.5562574842759898e-12*sin(78t) + 1.9487609353944711e-11*cos(79t) - 6.2132365113862747e-12*sin(79t) + 5.3496935820171368e-12*cos(80t) + 1.3614264423056824e-12*sin(80t) + 1.0395423394429818e-11*cos(81t) - 1.5699475142122515e-12*sin(81t) + 2.986602401602576e-12*cos(82t) + 2.5012514300247531e-12*sin(82t) + 5.2059587685681851e-12*cos(83t) + 1.018875341490353e-13*sin(83t) + 1.4428997279210733e-12*cos(84t) + 2.2272956885544286e-12*sin(84t) + 2.4221331153641158e-12*cos(85t) + 5.1348712789943952e-13*sin(85t) + 5.8048190089897605e-13*cos(86t) + 1.6028128178250729e-12*sin(86t) + 1.022293989956853e-12*cos(87t) + 4.7150822810945923e-13*sin(87t) + 1.6052146293016988e-13*cos(88t) + 1.0254878295535724e-12*sin(88t) + 3.6830615423548767e-13*cos(89t) + 3.2173047104340783e-13*sin(89t) - 1.1117102689608834e-14*cos(90t) + 6.0475877200080066e-13*sin(90t)


y = 
0 - 0.0041210643613404999*cos(1t) + 0.059747444554176465*sin(1t) + 0.49325418092601642*cos(2t) - 1.8352083557594527*sin(2t) + 0.23647081669510825*cos(3t) + 0.096369157079486165*sin(3t) + 1.0674468183378329*cos(4t) - 1.1984228626704971*sin(4t) + 1.361406422264648*cos(5t) + 0.37314367645515478*sin(5t) + 0.010749224974661917*cos(6t) - 0.74053644879305847*sin(6t) - 0.021771121149497571*cos(7t) + 0.28250767230156054*sin(7t) + 0.56217288046526759*cos(8t) - 0.41292525810688835*sin(8t) + 0.48410028774935071*cos(9t) + 0.25448067705121102*sin(9t) + 0.1931134420743478*cos(10t) - 0.1685106768733011*sin(10t) + 0.18097882392090112*cos(11t) + 0.39635329929824059*sin(11t) + 0.085714357124980517*cos(12t) - 0.012530792327942096*sin(12t) + 0.095558170813901264*cos(13t) + 0.13101865820279612*sin(13t) + 0.027915263537179789*cos(14t) - 0.018898447929796901*sin(14t) + 0.058346724989663548*cos(15t) + 0.14651326518672456*sin(15t) + 0.010355057347320543*cos(16t) + 0.013010470217177278*sin(16t) + 0.011022266474550053*cos(17t) + 0.075725866163728908*sin(17t) - 0.0228855238451133*cos(18t) + 0.0069783498766787799*sin(18t) + 0.0053179687856378544*cos(19t) + 0.042024422933693392*sin(19t) - 0.010639033022989554*cos(20t) + 0.0014212523714548777*sin(20t) - 0.0015580547588856411*cos(21t) + 0.022521388909913766*sin(21t) - 0.012730954340720923*cos(22t) + 0.002306111708104833*sin(22t) - 0.0022699122669060747*cos(23t) + 0.011242917674979371*sin(23t) - 0.0084800030274649659*cos(24t) - 0.0015333314430189017*sin(24t) - 0.0019183137009200378*cos(25t) + 0.0042586875303194226*sin(25t) - 0.0050991938592864806*cos(26t) - 0.00093013062653827269*sin(26t) - 0.00092676813923405117*cos(27t) + 0.0018062152336497442*sin(27t) - 0.0032115919760664466*cos(28t) - 0.0011814061528540531*sin(28t) - 0.00064652306041596138*cos(29t) + 0.00039763506077159346*sin(29t) - 0.0017117553454216287*cos(30t) - 0.0009005520347204689*sin(30t) - 0.00012699800968567652*cos(31t) - 9.845075295971344e-05*sin(31t) - 0.00088890245046245738*cos(32t) - 0.00062110557572983463*sin(32t) - 1.3025969188376926e-05*cos(33t) - 0.00015723277417168497*sin(33t) - 0.00043089389914455244*cos(34t) - 0.00038547085501116138*sin(34t) + 6.7686840374986575e-05*cos(35t) - 0.00017255813085413871*sin(35t) - 0.0001927418077088607*cos(36t) - 0.00023347672565690703*sin(36t) + 8.3471849372418456e-05*cos(37t) - 0.00011124013368548326*sin(37t) - 7.2827541419660623e-05*cos(38t) - 0.00012201491988675888*sin(38t) + 6.8243604791141826e-05*cos(39t) - 6.9473873781246296e-05*sin(39t) - 2.5873695014019221e-05*cos(40t) - 6.1557446305985299e-05*sin(40t) + 5.0972381050355419e-05*cos(41t) - 3.777659115439588e-05*sin(41t) - 3.8992397555423046e-06*cos(42t) - 2.77512838318702e-05*sin(42t) + 3.3969390855644636e-05*cos(43t) - 1.8661290927583046e-05*sin(43t) + 1.6026928191169532e-06*cos(44t) - 9.8557029835968963e-06*sin(44t) + 2.100486582342826e-05*cos(45t) - 8.0222227689553401e-06*sin(45t) + 2.6452522005627985e-06*cos(46t) - 2.4239705364726103e-06*sin(46t) + 1.2216640579380321e-05*cos(47t) - 2.9954119167019961e-06*sin(47t) + 2.0248122847449076e-06*cos(48t) + 7.2983730146674669e-07*sin(48t) + 6.7593794963975526e-06*cos(49t) - 6.5221870633566832e-07*sin(49t) + 1.1387828559155966e-06*cos(50t) + 1.4855476205011476e-06*sin(50t) + 3.4620104638561665e-06*cos(51t) + 1.5037998138653841e-07*sin(51t) + 5.2499942382248082e-07*cos(52t) + 1.3867225812959589e-06*sin(52t) + 1.6888616820647201e-06*cos(53t) + 3.3165133463053969e-07*sin(53t) + 1.6436591064310028e-07*cos(54t) + 1.0309555481243295e-06*sin(54t) + 7.4423453344656341e-07*cos(55t) + 2.9552140609454747e-07*sin(55t) - 7.4947836254624498e-09*cos(56t) + 6.8198396231995065e-07*sin(56t) + 2.8947024638554547e-07*cos(57t) + 1.9400847697488426e-07*sin(57t) - 6.8024968951178313e-08*cos(58t) + 4.1217708103677169e-07*sin(58t) + 8.6793232239233997e-08*cos(59t) + 1.1074256250900243e-07*sin(59t) - 7.3628674340789465e-08*cos(60t) + 2.3412506766487535e-07*sin(60t) + 6.7196257633799001e-09*cos(61t) + 5.3244162697791495e-08*sin(61t) - 6.0092793510325728e-08*cos(62t) + 1.2445491005759893e-07*sin(62t) - 1.7403903508449371e-08*cos(63t) + 2.0311305972798742e-08*sin(63t) - 4.1686037241831502e-08*cos(64t) + 6.1967441989837514e-08*sin(64t) - 1.9633724859612882e-08*cos(65t) + 3.9111741280123254e-09*sin(65t) - 2.6352793635094317e-08*cos(66t) + 2.8732861123856534e-08*sin(66t) - 1.5106900610678302e-08*cos(67t) - 2.7545958734457962e-09*sin(67t) - 1.5312925458926208e-08*cos(68t) + 1.2022349434983997e-08*sin(68t) - 9.8464357881172007e-09*cos(69t) - 4.5412893368545594e-09*sin(69t) - 8.2247392538004776e-09*cos(70t) + 4.3202597042288823e-09*sin(70t) - 5.747845496691347e-09*cos(71t) - 4.1684532328817216e-09*sin(71t) - 4.057105825587571e-09*cos(72t) + 1.0858817680732106e-09*sin(72t) - 3.0767560021437953e-09*cos(73t) - 3.1487823554356274e-09*sin(73t) - 1.7855682550688703e-09*cos(74t) - 6.4888039261114767e-11*sin(74t) - 1.5012403421330283e-09*cos(75t) - 2.125346958790353e-09*sin(75t) - 6.4911252591041186e-10*cos(76t) - 3.4484708579142071e-10*sin(76t) - 6.5875027728866442e-10*cos(77t) - 1.3217886363936906e-09*sin(77t) - 1.3869404188676361e-10*cos(78t) - 3.154668152518088e-10*sin(78t) - 2.4542284219975785e-10*cos(79t) - 7.6976056948081605e-10*sin(79t) + 5.4457057692227297e-11*cos(80t) - 2.1398774328068546e-10*sin(80t) - 6.3582874325596196e-11*cos(81t) - 4.210146474744076e-10*sin(81t) + 1.0255130863101488e-10*cos(82t) - 1.2245069846570561e-10*sin(82t) + 4.2283326671849647e-12*cos(83t) - 2.1604728889557969e-10*sin(83t) + 9.3546418919285988e-11*cos(84t) - 6.0601788572685082e-11*sin(84t) + 2.1823202935726179e-11*cos(85t) - 1.0294065740297492e-10*sin(85t) + 6.892095116647813e-11*cos(86t) - 2.4960721738655969e-11*sin(86t) + 2.0510607922761478e-11*cos(87t) - 4.4469788563123103e-11*sin(87t) + 4.5121464500357191e-11*cos(88t) - 7.0629443689274752e-12*sin(88t) + 1.4317005961431648e-11*cos(89t) - 1.6389623863479201e-11*sin(89t) + 2.7214144740036027e-11*cos(90t) + 5.0026962103239763e-13*sin(90t)


Create matrix and vector
Linear solver Check || I - RA || < 1: 4.3485180979540411e-11 < 1 ?

Compute Mm ( ||Fminv'|| )
Mm = [23.128353793517021,23.12845950793728]
Verification Fourier order m_verify = 271
Linear solver Check || I - RA || < 1: 2.2204460492503131e-16 < 1 ?

Compute K0 ( ||N'[zh]|| )
K0 = [56.349266919852794,56.34926691985892]

Compute KmN ( || C Finv B || )
Linear solver Check || I - RA || < 1: 4.320739085741666e-11 < 1 ?
KmN = [0.0010224648920113398,0.0010224648920163034]

Compute kappa
sigmam = [0.010989010989010988,0.01098901098901099]
sigmam*K0 = [0.61922271340497569,0.61922271340504321]
kappa = [0.62024517829698699,0.62024517829705961]
(Old) kappa = [807.63099611498694,807.63468478157336]
|| Sinv ||  = [2.6332779542218669,2.633277954222371]

Compute CFinv ( || C Finv || )
Linear solver Check || I - RA || < 1: 4.320739085741666e-11 < 1 ?
|| C Finv || = [0.0017361591027365969,0.0017361591027481073]

Compute FinvB ( || Finv B || )
Linear solver Check || I - RA || < 1: 4.320739085741666e-11 < 1 ?
|| Finv B || = [0.16213199633981439,0.16213199634002038]

Compute Bnorm ( || B || )
|| B || = [13.953876233873572,13.953876233889947]

========================================================
Compute Residual norms || F(zh) ||_Z, || (I - Pm)F(zh) ||_Z, || Dinv F(zh) ||_Z, || C Dinv F(zh) ||_Z 
|| F(zh) ||_Z <= [3.5200320352169818e-09,3.5200336113780408e-09]
|| (I - Pm)F(zh) ||_Z <= [3.5200320352168941e-09,3.5200320352173607e-09]
|| DFinv F(zh) ||_Z <= [0,1.6714633373611603e-11]
Linear solver Check || I - RA || < 1: 2.2204460492503131e-16 < 1 ?
|| C DFinv F(zh) ||_Z <= [0,3.5675601682050087e-21]

========================================================
Compute Newton term norms || F'[zh]^-1 F(zh) ||_Z
|| F'[zh]^-1 F(zh) ||_Z <= [1.0318968698467476e-10,1.0714273070061603e-10]
|| F'[zh]^-1 F(zh) ||_D <= [9.3352655843884176e-09,9.5580484792473165e-09]
|| DFinv ||_{B(Z)} <= [23.129095944864101,23.129201680857151]
|| DFinv ||_{B(Z, D)} <= [1304.5126573310769,1304.5186164150603]

========================================================
Compute r0 = 2*eta
r0 = [1.8670531168776835e-08,1.9116096958494633e-08]
Compute b(r0)
tilde_b(r0) = [5.5388632631626045e-07,5.6710463257419687e-07]
b(r0) = [0.00072255172340217289,0.00073979855064826251]
11600 [msec]
Verification Success!!

|| u* - u^ || <= [9.3420156739136519e-09,9.565124744670195e-09]

Check minimal period
q = 2 : || zh(.+2pi/q) - zh ||_Z >= 6.2224132551745166 , 2*rho <= 1.913024948934039e-08
  -> z* is not (2pi/2)-periodic
Minimal period of z* is 2*pi (1/2 subharmonic of (1.2))

========================================================
