Create an approximate solution
Approximate Fourier order m_app = 80
alpha = 1
beta = 5
tilde{omega} = 1
omega = tilde{omega}/n = [0.5,0.5]
tau = 0.1
gamma = 1
mu = 0.1
k = 0.1
n = 2
xh = 
-0.47774278935593201
-0.0081370115117902226
-0.11971581532179038
0.49278440134620966
1.8350720000984755
0.15808412731422933
-0.064500708811348617
0.53317431208748189
0.59922509933395884
0.54600798879236268
-0.14974383768187557
0.0035424470562290689
0.24645463516311433
-0.0060804576466267088
-0.080901631700664348
0.14014202332322667
0.10307586987669962
0.10789464657862152
-0.056675278159343701
0.038412604447235349
0.033653762529269438
0.033070812780829843
-0.072133058717313403
0.014061463781271606
0.0018973195280181235
0.014785221485881626
-0.020128315419498576
0.0038420366345540378
0.0026164130128581873
0.0078222774861315993
-0.019462702614632496
0.001220541110986036
-0.0017331278508203535
0.0013143710058806381
-0.0088210904152340348
-0.0025768864050558465
-0.00086970455568852341
0.00053598754746637858
-0.0043304000118214829
-0.0010463820479049576
-0.00022414401677144324
-0.00019525135943367243
-0.0020628688446298641
-0.0011065743288576958
-0.00027383093019707055
-0.00026787701712943797
-0.00092021398389563849
-0.0006322635845833677
8.8685582154197524e-05
-0.00023755465783838027
-0.00031127942763496897
-0.00030635788457043068
6.2172262599881632e-05
-0.00015605642874776926
-0.0001371119690257364
-0.00014411900108160224
0.00010560356404081038
-0.00012492322606584252
-6.1744427187789547e-05
-4.0991605413618571e-05
0.00010949286121711924
-7.1271062639849243e-05
-5.4343432526896438e-05
-3.7823783527951808e-06
0.00011049913187653014
-3.8825672939405407e-05
-6.9709678381602716e-05
-1.5592625671933784e-06
0.00010773948434300878
-4.3382047870465825e-06
-7.7907015475240594e-05
-1.7863357303872495e-05
0.00010097484542224436
2.7202670965701038e-05
-7.9306134676509761e-05
-4.1047392361301132e-05
8.6470028373845012e-05
5.4320262892987343e-05
-6.8695659232049827e-05
-6.3957655247044826e-05
6.5275808412405432e-05
7.5169972208011563e-05
-4.8381572401131061e-05
-8.0532558276274067e-05
3.7968660429798516e-05
8.7149711561614347e-05
-2.1094081699066591e-05
-8.8008082954144857e-05
7.0054120660497346e-06
8.8807950894809052e-05
9.3792319827736309e-06
-8.4795698139553143e-05
-2.4242200997342481e-05
7.9829508743374912e-05
3.9020698034391555e-05
-7.1146280184166991e-05
-5.2273067275485657e-05
6.1208617803041107e-05
6.3977653817876237e-05
-4.8689238663360668e-05
-7.3734509561987897e-05
3.5152177867909107e-05
8.1089265371222537e-05
-2.0187501474357799e-05
-8.6045199561617116e-05
4.8309835153663219e-06
8.819142007888434e-05
1.0826347296340625e-05
-8.7706517914877167e-05
-2.6044773036914236e-05
8.4386980220753119e-05
4.0509028540079969e-05
-7.8521059414980534e-05
-5.3674566768227051e-05
7.0140788969069251e-05
6.5183142157756164e-05
-5.9625906428466721e-05
-7.465150755485207e-05
4.7213226450568072e-05
8.1792796007948431e-05
-3.3357934782265963e-05
-8.6385869862664179e-05
1.8441718175284198e-05
8.8281264449753847e-05
-2.9657108587711007e-06
-8.74284429947044e-05
-1.2612991613351695e-05
8.3845196706226321e-05
2.779127385622635e-05
-7.765152056747024e-05
-4.2107552107170605e-05
6.903336935839714e-05
5.5107953977687725e-05
-5.8265465077042577e-05
-6.6391826011725783e-05
4.5678721541602202e-05
7.5604617291776454e-05
-3.1669379210119284e-05
-8.2460552703176337e-05
1.6671353460664031e-05
8.674522404521345e-05
-1.1544373308985836e-06
-8.8325207157644112e-05
-1.4399137745558365e-05
8.7151355009111781e-05
2.9503289619349792e-05
-8.3260022339594434e-05
-4.3687870029600952e-05
7.6772841376618621e-05
5.6510071703446301e-05
-6.7891778937261295e-05
-6.7570464437464864e-05
5.6894018241524239e-05
7.6523961872215109e-05
-4.4122226253692128e-05
-8.3091540527066839e-05
2.9974816878859499e-05
8.7068346161958311e-05
-1.4892741266723919e-05
-8.8330426605946806e-05
-6.5362784355336204e-07

yh = 
0
0.11971581532179038
-0.0081370115117902226
-3.670144000196951
0.98556880269241931
0.19350212643404585
0.47425238194268798
-2.3969003973358354
2.1326972483499276
0.7487191884093779
2.7300399439618133
-1.4787278109786861
0.021254682337374414
0.56631142190465045
-0.042563203526386963
-0.82460695901359693
1.1211361865858134
0.5100775034340933
0.97105181920759365
-0.33653762529269438
0.38412604447235349
0.79346364589044738
0.3637789405891283
-0.022767834336217482
0.16873756537525927
0.26166810045348149
0.19220787931646113
-0.036629782180014621
0.05378851288375653
0.29194053921948743
0.11733416229197399
0.027730045613125656
0.019528657775776576
0.1499585370589786
0.022344307099970848
0.015654682002393422
-0.046383955291005238
0.082277600224608172
0.010183763401861192
0.0044828803354288651
-0.020927640958099153
0.043320245737227148
-0.0041002785481071211
0.0060242804643355517
-0.024344635234869308
0.021164921629599685
-0.0061611713939770732
-0.0021284539717007405
-0.015174326030000825
0.0077819856908742241
-0.0059388664459595064
-0.0016164788275969224
-0.0079653049988311977
0.0037020231636948828
-0.0042135235761897698
-0.0029568997931426907
-0.0040353320302848623
0.0017905883884458968
-0.0036227735559094328
-0.0032847858365135773
-0.0012297481624085572
0.0016846464083337897
-0.0022094029418353264
-0.0035359722200489644
-0.00012103610728944579
0.0023004193865928898
-0.0012812472070003783
-0.0036631424676622985
-5.3014927284574868e-05
0.0027267455416334209
-0.0001518371675466304
-0.003635094435200797
-0.00064308086293940979
0.0029343269830308613
0.0010064988257309385
-0.0032858610782061106
-0.0015598009097294431
0.0026791307100499434
0.0021184902528265065
-0.0026110323364962173
-0.0025583062098817931
0.0019836444684463734
0.003081968860528474
-0.0015946837380515376
-0.003382367447603511
0.00090704551305986346
0.0037474375971494169
-0.0003082381309061883
-0.0038723556499823735
-0.00042206543922481337
0.0039963577902664077
0.0011151412458777542
-0.0039006021144194448
-0.0018339728076164031
0.0037519869109386211
0.0025091072292233113
-0.0034150214488400154
-0.0031349050370759355
0.0029992222723490142
0.0036867254780993948
-0.0024344619331680335
-0.0041355525339323495
0.0017927610712633645
0.0044743503772040902
-0.0010497500766666055
-0.0046741452641808701
0.00025604212631441504
0.0047361519674033667
0.00058462275400239375
-0.0046412839121414218
-0.001432462517030283
0.0043971793272389098
0.0022685055982444783
-0.003998024971236947
-0.0030594503057889419
0.0034583025728510699
0.0037806222451498574
-0.0027855803605835163
-0.0044044389457362724
0.0020014760869359579
0.0049075677604769061
-0.0011249448086923361
-0.0052695380616225151
0.00018387407324380826
0.0054734383958847388
0.00079461847164115677
-0.0055079919086663768
-0.0017786415267984864
0.0053660925891984845
0.0027369908869660895
-0.0050473488368855653
-0.0036371249625273896
0.0045562023776542114
0.0044482523427856278
-0.0039037861601618528
-0.0051411139758407989
0.0031061530648289499
0.005689778136519167
-0.0021851871654982305
-0.0060721656831649413
0.0011669947422464821
0.0062710897081927324
-8.1965050493799441e-05
-0.0062748975606560483
-0.0010367379176802023
0.0060779816307903935
0.0021537401422125346
-0.0056811902618697776
-0.0032329023821904704
0.005091883420294597
0.0042382553777584727
-0.0043239453863558423
-0.0051353552972473295
0.0033974114215342939
0.0058923450641605634
-0.0023380357165510408
-0.0064811401611112136
0.0011765265600711895
0.0068783993467947061
5.229022748426896e-05
-0.0070664341284757447

i = 0, 0.5174341657072804 <= 7.1054273576010019e-15
i = 1, 0.25416666157334933 <= 7.1054273576010019e-15
i = 2, 0.19624823674354117 <= 7.1054273576010019e-15
i = 3, 0.047689226610467157 <= 7.1054273576010019e-15
i = 4, 0.0044740626589189966 <= 7.1054273576010019e-15
i = 5, 0.00036243202677014571 <= 7.1054273576010019e-15
i = 6, 2.3523465575852705e-07 <= 7.1054273576010019e-15
i = 7, 8.5241962551203076e-14 <= 7.1054273576010019e-15
i = 8, 1.6002369355244738e-14 <= 7.1054273576010019e-15
i = 9, 9.037655145819611e-15 <= 7.1054273576010019e-15
Convergence : i = 10, 1.1654309612850287e-15 <= 7.1054273576010019e-15
zh:
-0.95573776728740567
-0.0082421287226813553
-0.11949488910835324
0.49325418092601653
1.8352083557594523
0.15764721113007266
-0.064246104719657762
0.53372340916891603
0.59921143133524724
0.54456256890586108
-0.14925747058206285
0.0035830749915542136
0.24684548293101929
-0.0062203203284279217
-0.080716477800445968
0.14054322011631654
0.10323131452672157
0.10757784172207825
-0.05655126156693608
0.038622688414869349
0.033702135374660123
0.032905240712891054
-0.072064236236043896
0.014285726187496564
0.0020884653879901217
0.014701257048292522
-0.020156716646584059
0.0039878947910255485
0.0026997782756852484
0.0077795633319551003
-0.019535102024896622
0.0012943821684149996
-0.0016263087771471968
0.0012967372322999985
-0.0089089254310269119
-0.0025428359827904196
-0.00077537220851986628
0.00055978618796186574
-0.0044236234667045576
-0.0010639033022989764
-0.00014212523714548752
-0.00014838616751292137
-0.0021448941818965339
-0.0011573594855200969
-0.00020964651891861811
-0.00019738367538313834
-0.00097764501521558993
-0.00070666691895541849
0.00012777762025157762
-0.00015346509607360294
-0.00034069500242554736
-0.00039224568148357812
7.1548509733715144e-05
-6.8649491795114235e-05
-0.00013379372101108883
-0.0002293994268618897
8.4386153775290991e-05
-4.458779727006593e-05
-2.7423107639418075e-05
-0.00011411702302810895
6.0036802314699059e-05
-8.1934199797207013e-06
6.351661481273202e-06
-5.555640315390362e-05
3.8819098483116148e-05
-7.8945267808305348e-07
9.5292590407093097e-06
-2.5346699949679273e-05
2.2674756177129197e-05
3.8678194500001835e-06
9.860464620237651e-06
-1.0707878206046851e-05
1.2970929203164577e-05
4.5119918579708028e-06
6.0129801992164217e-06
-3.8330284957692958e-06
6.421837888780913e-06
3.4996720405760005e-06
3.5627627580130229e-06
-1.2936847506963904e-06
3.0778723153042016e-06
2.4864576122210665e-06
1.8427605441152382e-06
-1.8567808358939021e-07
1.3214897062844439e-06
1.5799716677190869e-06
8.6796701988047836e-07
7.2849673608094362e-08
4.4798649925671227e-07
9.3354959217456411e-07
3.5654323415784821e-07
1.1501096525583519e-07
1.0539002332111224e-07
5.19857045962414e-07
1.2746433684274859e-07
8.4367178544358073e-08
-3.0409887577355537e-08
2.758930407075734e-07
2.6621171613633474e-08
4.5551314231409338e-08
-5.9421904860386438e-08
1.3576511626435586e-07
-5.8972543008745109e-09
2.0192285482410262e-08
-5.3335483959741162e-08
6.3730629525729151e-08
-1.2515144904289952e-08
6.0876261738768285e-09
-3.8183538923993836e-08
2.7063073905118214e-08
-1.0746233263910997e-08
-2.6767120686259801e-10
-2.4356570191943978e-08
1.0156850558116782e-08
-6.807315367088255e-09
-2.3456892827692589e-09
-1.4213002835773085e-08
2.9421431655599755e-09
-3.7539855947551211e-09
-2.4542904014381775e-09
-7.8041687393231497e-09
2.2031491228046311e-10
-1.7457106778411176e-09
-1.9384794506150679e-09
-4.0146737999855815e-09
-5.5250564245469445e-10
-6.4480296662152139e-10
-1.3026918603199812e-09
-1.9364803833168701e-09
-6.0411520980481375e-10
-1.2034286059988918e-10
-7.9857367749921827e-10
-8.7068921903443441e-10
-4.5095238537698705e-10
8.2229824216019056e-11
-4.5038726311403942e-10
-3.5359016477584716e-10
-2.8540008645164948e-10
1.3163839633623101e-10
-2.3499515743787031e-10
-1.2342460924159148e-10
-1.6190088430035378e-10
1.1743106062783796e-10
-1.1270305783972277e-10
-3.014888731380624e-11
-8.4277430705702336e-11
8.627788361588235e-11
-4.8256507225421144e-11
1.7842960336957369e-12
-3.9987685911795823e-11
5.6700284170004523e-11
-1.7073688066930694e-11
9.0822132853335407e-12
-1.7058917892164292e-11
3.4331640871855587e-11
-3.5441371560911317e-12
8.0920790162344319e-12
-6.1844105451541011e-12
1.9489035765618455e-11
1.3721814962348768e-12
5.3532772463969899e-12
0
0.059747444554176618
-0.0041210643613406777
-1.8352083557594523
0.49325418092601653
0.09636915707948665
0.236470816695109
-1.1984228626704945
1.0674468183378321
0.37314367645515711
1.3614064222646527
-0.7405364487930578
0.01074922497466264
0.28250767230156087
-0.021771121149497728
-0.41292525810688629
0.56217288046526614
0.25448067705121241
0.48410028774935215
-0.16851067687330062
0.19311344207434675
0.39635329929824137
0.18097882392090081
-0.012530792327940731
0.085714357124979379
0.13101865820279637
0.095558170813901389
-0.018898447929796738
0.027915263537178839
0.14651326518672467
0.058346724989663257
0.013010470217177574
0.010355057347319997
0.075725866163728756
0.011022266474549987
0.0069783498766787955
-0.022885523845113779
0.042024422933693295
0.0053179687856377243
0.0014212523714548751
-0.010639033022989762
0.022521388909913606
-0.0015580547588856745
0.0023061117081047992
-0.012730954340721069
0.011242917674979286
-0.0022699122669060908
-0.0015333314430189314
-0.0084800030274650232
0.004258687530319342
-0.0019183137009200369
-0.00093013062653829687
-0.0050991938592865153
0.0018062152336496993
-0.00092676813923404217
-0.0011814061528540739
-0.0032115919760664557
0.00039763506077156212
-0.00064652306041595596
-0.00090055203472048592
-0.0017117553454216341
-9.8450752959734636e-05
-0.00012699800968567088
-0.00062110557572985837
-0.00088890245046245792
-0.00015723277417170365
-1.3025969188370384e-05
-0.00038547085501119635
-0.00043089389914454762
-0.0001725581308541589
6.7686840375003217e-05
-0.0002334767256569624
-0.00019274180770884329
-0.0001112401336855038
8.3471849372459859e-05
-0.00012201491988683734
-7.2827541419616618e-05
-6.9473873781253953e-05
6.8243604791232019e-05
-6.1557446306084029e-05
-2.5873695013927809e-05
-3.7776591154362379e-05
5.0972381050531866e-05
-2.7751283831973325e-05
-3.8992397553771941e-06
-1.8661290927430282e-05
3.3969390855960363e-05
-9.8557029836476692e-06
1.6026928193780757e-06
-8.0222227685515849e-06
2.1004865823927691e-05
-2.4239705363855811e-06
2.6452522008842094e-06
-2.9954119158045914e-06
1.2216640580116728e-05
7.2983730185653293e-07
2.024812285064594e-06
-6.5221870453402003e-07
6.7593794973355484e-06
1.4855476215096608e-06
1.1387828557852334e-06
1.5037998467230002e-07
3.4620104647410745e-06
1.3867225829532701e-06
5.2499942254266677e-07
3.3165133996368375e-07
1.6888616824318222e-06
1.0309555509478338e-06
1.6436590669467436e-07
2.9552141475755242e-07
7.4423453239075093e-07
6.819839653744314e-07
-7.494793792152745e-09
1.9400848796201528e-07
2.8947024090632825e-07
4.1217708223741945e-07
-6.8024989200308524e-08
1.1074257504527608e-07
8.6793223384019264e-08
2.3412506217969452e-07
-7.3628712043145322e-08
5.3244175674154088e-08
6.719604824554125e-09
1.2445488779955304e-07
-6.0092862969067098e-08
2.0311293448577922e-08
-1.7403927737322876e-08
6.1967372266139844e-08
-4.1686139530239397e-08
3.9111429694963984e-09
-1.9633744318656445e-08
2.8732744228136338e-08
-2.63529313574742e-08
-2.7546991112366387e-09
-1.5106904910129064e-08
1.2022065602378804e-08
-1.5313166945877341e-08
-4.54152467359997e-09
-9.8463029825819072e-09
4.3198613234557018e-09
-8.2248305103254604e-09
-4.168802652288247e-09
-5.7474813926625586e-09
1.0853599432970245e-09
-4.0573100822300197e-09
-3.1491427519797056e-09
-3.0761262207581354e-09
-6.6018953246742256e-11
-1.7854907673405824e-09
-2.1262606563751693e-09
-1.4995382216923434e-09
-3.4512410484267452e-10
-6.4880014654336641e-10
-1.3217681735664401e-09
-6.5676833884832537e-10
-3.1559108163314285e-10
-1.3822134908755413e-10
-7.6981691274192901e-10
-2.4428421653358698e-10
-2.1413108985587961e-10
5.4887259849395063e-11


========================================================
Approximation: 
x = 
-0.47786888364370284 - 0.11949488910835324*cos(1t) - 0.0082421287226813553*sin(1t) + 1.8352083557594523*cos(2t) + 0.49325418092601653*sin(2t) - 0.064246104719657762*cos(3t) + 0.15764721113007266*sin(3t) + 0.59921143133524724*cos(4t) + 0.53372340916891603*sin(4t) - 0.14925747058206285*cos(5t) + 0.54456256890586108*sin(5t) + 0.24684548293101929*cos(6t) + 0.0035830749915542136*sin(6t) - 0.080716477800445968*cos(7t) - 0.0062203203284279217*sin(7t) + 0.10323131452672157*cos(8t) + 0.14054322011631654*sin(8t) - 0.05655126156693608*cos(9t) + 0.10757784172207825*sin(9t) + 0.033702135374660123*cos(10t) + 0.038622688414869349*sin(10t) - 0.072064236236043896*cos(11t) + 0.032905240712891054*sin(11t) + 0.0020884653879901217*cos(12t) + 0.014285726187496564*sin(12t) - 0.020156716646584059*cos(13t) + 0.014701257048292522*sin(13t) + 0.0026997782756852484*cos(14t) + 0.0039878947910255485*sin(14t) - 0.019535102024896622*cos(15t) + 0.0077795633319551003*sin(15t) - 0.0016263087771471968*cos(16t) + 0.0012943821684149996*sin(16t) - 0.0089089254310269119*cos(17t) + 0.0012967372322999985*sin(17t) - 0.00077537220851986628*cos(18t) - 0.0025428359827904196*sin(18t) - 0.0044236234667045576*cos(19t) + 0.00055978618796186574*sin(19t) - 0.00014212523714548752*cos(20t) - 0.0010639033022989764*sin(20t) - 0.0021448941818965339*cos(21t) - 0.00014838616751292137*sin(21t) - 0.00020964651891861811*cos(22t) - 0.0011573594855200969*sin(22t) - 0.00097764501521558993*cos(23t) - 0.00019738367538313834*sin(23t) + 0.00012777762025157762*cos(24t) - 0.00070666691895541849*sin(24t) - 0.00034069500242554736*cos(25t) - 0.00015346509607360294*sin(25t) + 7.1548509733715144e-05*cos(26t) - 0.00039224568148357812*sin(26t) - 0.00013379372101108883*cos(27t) - 6.8649491795114235e-05*sin(27t) + 8.4386153775290991e-05*cos(28t) - 0.0002293994268618897*sin(28t) - 2.7423107639418075e-05*cos(29t) - 4.458779727006593e-05*sin(29t) + 6.0036802314699059e-05*cos(30t) - 0.00011411702302810895*sin(30t) + 6.351661481273202e-06*cos(31t) - 8.1934199797207013e-06*sin(31t) + 3.8819098483116148e-05*cos(32t) - 5.555640315390362e-05*sin(32t) + 9.5292590407093097e-06*cos(33t) - 7.8945267808305348e-07*sin(33t) + 2.2674756177129197e-05*cos(34t) - 2.5346699949679273e-05*sin(34t) + 9.860464620237651e-06*cos(35t) + 3.8678194500001835e-06*sin(35t) + 1.2970929203164577e-05*cos(36t) - 1.0707878206046851e-05*sin(36t) + 6.0129801992164217e-06*cos(37t) + 4.5119918579708028e-06*sin(37t) + 6.421837888780913e-06*cos(38t) - 3.8330284957692958e-06*sin(38t) + 3.5627627580130229e-06*cos(39t) + 3.4996720405760005e-06*sin(39t) + 3.0778723153042016e-06*cos(40t) - 1.2936847506963904e-06*sin(40t) + 1.8427605441152382e-06*cos(41t) + 2.4864576122210665e-06*sin(41t) + 1.3214897062844439e-06*cos(42t) - 1.8567808358939021e-07*sin(42t) + 8.6796701988047836e-07*cos(43t) + 1.5799716677190869e-06*sin(43t) + 4.4798649925671227e-07*cos(44t) + 7.2849673608094362e-08*sin(44t) + 3.5654323415784821e-07*cos(45t) + 9.3354959217456411e-07*sin(45t) + 1.0539002332111224e-07*cos(46t) + 1.1501096525583519e-07*sin(46t) + 1.2746433684274859e-07*cos(47t) + 5.19857045962414e-07*sin(47t) - 3.0409887577355537e-08*cos(48t) + 8.4367178544358073e-08*sin(48t) + 2.6621171613633474e-08*cos(49t) + 2.758930407075734e-07*sin(49t) - 5.9421904860386438e-08*cos(50t) + 4.5551314231409338e-08*sin(50t) - 5.8972543008745109e-09*cos(51t) + 1.3576511626435586e-07*sin(51t) - 5.3335483959741162e-08*cos(52t) + 2.0192285482410262e-08*sin(52t) - 1.2515144904289952e-08*cos(53t) + 6.3730629525729151e-08*sin(53t) - 3.8183538923993836e-08*cos(54t) + 6.0876261738768285e-09*sin(54t) - 1.0746233263910997e-08*cos(55t) + 2.7063073905118214e-08*sin(55t) - 2.4356570191943978e-08*cos(56t) - 2.6767120686259801e-10*sin(56t) - 6.807315367088255e-09*cos(57t) + 1.0156850558116782e-08*sin(57t) - 1.4213002835773085e-08*cos(58t) - 2.3456892827692589e-09*sin(58t) - 3.7539855947551211e-09*cos(59t) + 2.9421431655599755e-09*sin(59t) - 7.8041687393231497e-09*cos(60t) - 2.4542904014381775e-09*sin(60t) - 1.7457106778411176e-09*cos(61t) + 2.2031491228046311e-10*sin(61t) - 4.0146737999855815e-09*cos(62t) - 1.9384794506150679e-09*sin(62t) - 6.4480296662152139e-10*cos(63t) - 5.5250564245469445e-10*sin(63t) - 1.9364803833168701e-09*cos(64t) - 1.3026918603199812e-09*sin(64t) - 1.2034286059988918e-10*cos(65t) - 6.0411520980481375e-10*sin(65t) - 8.7068921903443441e-10*cos(66t) - 7.9857367749921827e-10*sin(66t) + 8.2229824216019056e-11*cos(67t) - 4.5095238537698705e-10*sin(67t) - 3.5359016477584716e-10*cos(68t) - 4.5038726311403942e-10*sin(68t) + 1.3163839633623101e-10*cos(69t) - 2.8540008645164948e-10*sin(69t) - 1.2342460924159148e-10*cos(70t) - 2.3499515743787031e-10*sin(70t) + 1.1743106062783796e-10*cos(71t) - 1.6190088430035378e-10*sin(71t) - 3.014888731380624e-11*cos(72t) - 1.1270305783972277e-10*sin(72t) + 8.627788361588235e-11*cos(73t) - 8.4277430705702336e-11*sin(73t) + 1.7842960336957369e-12*cos(74t) - 4.8256507225421144e-11*sin(74t) + 5.6700284170004523e-11*cos(75t) - 3.9987685911795823e-11*sin(75t) + 9.0822132853335407e-12*cos(76t) - 1.7073688066930694e-11*sin(76t) + 3.4331640871855587e-11*cos(77t) - 1.7058917892164292e-11*sin(77t) + 8.0920790162344319e-12*cos(78t) - 3.5441371560911317e-12*sin(78t) + 1.9489035765618455e-11*cos(79t) - 6.1844105451541011e-12*sin(79t) + 5.3532772463969899e-12*cos(80t) + 1.3721814962348768e-12*sin(80t)


y = 
0 - 0.0041210643613406777*cos(1t) + 0.059747444554176618*sin(1t) + 0.49325418092601653*cos(2t) - 1.8352083557594523*sin(2t) + 0.236470816695109*cos(3t) + 0.09636915707948665*sin(3t) + 1.0674468183378321*cos(4t) - 1.1984228626704945*sin(4t) + 1.3614064222646527*cos(5t) + 0.37314367645515711*sin(5t) + 0.01074922497466264*cos(6t) - 0.7405364487930578*sin(6t) - 0.021771121149497728*cos(7t) + 0.28250767230156087*sin(7t) + 0.56217288046526614*cos(8t) - 0.41292525810688629*sin(8t) + 0.48410028774935215*cos(9t) + 0.25448067705121241*sin(9t) + 0.19311344207434675*cos(10t) - 0.16851067687330062*sin(10t) + 0.18097882392090081*cos(11t) + 0.39635329929824137*sin(11t) + 0.085714357124979379*cos(12t) - 0.012530792327940731*sin(12t) + 0.095558170813901389*cos(13t) + 0.13101865820279637*sin(13t) + 0.027915263537178839*cos(14t) - 0.018898447929796738*sin(14t) + 0.058346724989663257*cos(15t) + 0.14651326518672467*sin(15t) + 0.010355057347319997*cos(16t) + 0.013010470217177574*sin(16t) + 0.011022266474549987*cos(17t) + 0.075725866163728756*sin(17t) - 0.022885523845113779*cos(18t) + 0.0069783498766787955*sin(18t) + 0.0053179687856377243*cos(19t) + 0.042024422933693295*sin(19t) - 0.010639033022989762*cos(20t) + 0.0014212523714548751*sin(20t) - 0.0015580547588856745*cos(21t) + 0.022521388909913606*sin(21t) - 0.012730954340721069*cos(22t) + 0.0023061117081047992*sin(22t) - 0.0022699122669060908*cos(23t) + 0.011242917674979286*sin(23t) - 0.0084800030274650232*cos(24t) - 0.0015333314430189314*sin(24t) - 0.0019183137009200369*cos(25t) + 0.004258687530319342*sin(25t) - 0.0050991938592865153*cos(26t) - 0.00093013062653829687*sin(26t) - 0.00092676813923404217*cos(27t) + 0.0018062152336496993*sin(27t) - 0.0032115919760664557*cos(28t) - 0.0011814061528540739*sin(28t) - 0.00064652306041595596*cos(29t) + 0.00039763506077156212*sin(29t) - 0.0017117553454216341*cos(30t) - 0.00090055203472048592*sin(30t) - 0.00012699800968567088*cos(31t) - 9.8450752959734636e-05*sin(31t) - 0.00088890245046245792*cos(32t) - 0.00062110557572985837*sin(32t) - 1.3025969188370384e-05*cos(33t) - 0.00015723277417170365*sin(33t) - 0.00043089389914454762*cos(34t) - 0.00038547085501119635*sin(34t) + 6.7686840375003217e-05*cos(35t) - 0.0001725581308541589*sin(35t) - 0.00019274180770884329*cos(36t) - 0.0002334767256569624*sin(36t) + 8.3471849372459859e-05*cos(37t) - 0.0001112401336855038*sin(37t) - 7.2827541419616618e-05*cos(38t) - 0.00012201491988683734*sin(38t) + 6.8243604791232019e-05*cos(39t) - 6.9473873781253953e-05*sin(39t) - 2.5873695013927809e-05*cos(40t) - 6.1557446306084029e-05*sin(40t) + 5.0972381050531866e-05*cos(41t) - 3.7776591154362379e-05*sin(41t) - 3.8992397553771941e-06*cos(42t) - 2.7751283831973325e-05*sin(42t) + 3.3969390855960363e-05*cos(43t) - 1.8661290927430282e-05*sin(43t) + 1.6026928193780757e-06*cos(44t) - 9.8557029836476692e-06*sin(44t) + 2.1004865823927691e-05*cos(45t) - 8.0222227685515849e-06*sin(45t) + 2.6452522008842094e-06*cos(46t) - 2.4239705363855811e-06*sin(46t) + 1.2216640580116728e-05*cos(47t) - 2.9954119158045914e-06*sin(47t) + 2.024812285064594e-06*cos(48t) + 7.2983730185653293e-07*sin(48t) + 6.7593794973355484e-06*cos(49t) - 6.5221870453402003e-07*sin(49t) + 1.1387828557852334e-06*cos(50t) + 1.4855476215096608e-06*sin(50t) + 3.4620104647410745e-06*cos(51t) + 1.5037998467230002e-07*sin(51t) + 5.2499942254266677e-07*cos(52t) + 1.3867225829532701e-06*sin(52t) + 1.6888616824318222e-06*cos(53t) + 3.3165133996368375e-07*sin(53t) + 1.6436590669467436e-07*cos(54t) + 1.0309555509478338e-06*sin(54t) + 7.4423453239075093e-07*cos(55t) + 2.9552141475755242e-07*sin(55t) - 7.494793792152745e-09*cos(56t) + 6.819839653744314e-07*sin(56t) + 2.8947024090632825e-07*cos(57t) + 1.9400848796201528e-07*sin(57t) - 6.8024989200308524e-08*cos(58t) + 4.1217708223741945e-07*sin(58t) + 8.6793223384019264e-08*cos(59t) + 1.1074257504527608e-07*sin(59t) - 7.3628712043145322e-08*cos(60t) + 2.3412506217969452e-07*sin(60t) + 6.719604824554125e-09*cos(61t) + 5.3244175674154088e-08*sin(61t) - 6.0092862969067098e-08*cos(62t) + 1.2445488779955304e-07*sin(62t) - 1.7403927737322876e-08*cos(63t) + 2.0311293448577922e-08*sin(63t) - 4.1686139530239397e-08*cos(64t) + 6.1967372266139844e-08*sin(64t) - 1.9633744318656445e-08*cos(65t) + 3.9111429694963984e-09*sin(65t) - 2.63529313574742e-08*cos(66t) + 2.8732744228136338e-08*sin(66t) - 1.5106904910129064e-08*cos(67t) - 2.7546991112366387e-09*sin(67t) - 1.5313166945877341e-08*cos(68t) + 1.2022065602378804e-08*sin(68t) - 9.8463029825819072e-09*cos(69t) - 4.54152467359997e-09*sin(69t) - 8.2248305103254604e-09*cos(70t) + 4.3198613234557018e-09*sin(70t) - 5.7474813926625586e-09*cos(71t) - 4.168802652288247e-09*sin(71t) - 4.0573100822300197e-09*cos(72t) + 1.0853599432970245e-09*sin(72t) - 3.0761262207581354e-09*cos(73t) - 3.1491427519797056e-09*sin(73t) - 1.7854907673405824e-09*cos(74t) - 6.6018953246742256e-11*sin(74t) - 1.4995382216923434e-09*cos(75t) - 2.1262606563751693e-09*sin(75t) - 6.4880014654336641e-10*cos(76t) - 3.4512410484267452e-10*sin(76t) - 6.5676833884832537e-10*cos(77t) - 1.3217681735664401e-09*sin(77t) - 1.3822134908755413e-10*cos(78t) - 3.1559108163314285e-10*sin(78t) - 2.4428421653358698e-10*cos(79t) - 7.6981691274192901e-10*sin(79t) + 5.4887259849395063e-11*cos(80t) - 2.1413108985587961e-10*sin(80t)


Create matrix and vector
Linear solver Check || I - RA || < 1: 3.8388013867631146e-11 < 1 ?

Compute Mm ( ||Fminv'|| )
Mm = [23.128359862966199,23.128453457143373]
Verification Fourier order m_verify = 241
Linear solver Check || I - RA || < 1: 2.2204460492503131e-16 < 1 ?

Compute K0 ( ||N'[zh]|| )
K0 = [56.349266921267954,56.349266921273376]

Compute KmN ( || C Finv B || )
Linear solver Check || I - RA || < 1: 3.8546744881224794e-11 < 1 ?
KmN = [0.0013581563953149558,0.0013581563953210042]

Compute kappa
sigmam = [0.012345679012345678,0.012345679012345681]
sigmam*K0 = [0.69566996199096231,0.69566996199102949]
kappa = [0.6970281183862772,0.6970281183863506]
(Old) kappa = [907.3387644705059,907.34243340850992]
|| Sinv ||  = [3.3006363319054159,3.3006363319062158]

Compute CFinv ( || C Finv || )
Linear solver Check || I - RA || < 1: 3.8546744881224794e-11 < 1 ?
|| C Finv || = [0.0022051613367050819,0.0022051613367148082]

Compute FinvB ( || Finv B || )
Linear solver Check || I - RA || < 1: 3.8546744881224794e-11 < 1 ?
|| Finv B || = [0.18380005057765141,0.1838000505778599]

Compute Bnorm ( || B || )
|| B || = [13.953876233874419,13.953876233889038]

========================================================
Compute Residual norms || F(zh) ||_Z, || (I - Pm)F(zh) ||_Z, || Dinv F(zh) ||_Z, || C Dinv F(zh) ||_Z 
|| F(zh) ||_Z <= [7.75014692674086e-08,7.7501469320006435e-08]
|| (I - Pm)F(zh) ||_Z <= [7.75014692674086e-08,7.7501469267416978e-08]
|| DFinv F(zh) ||_Z <= [0,1.464760930112247e-11]
Linear solver Check || I - RA || < 1: 2.2204460492503131e-16 < 1 ?
|| C DFinv F(zh) ||_Z <= [0,5.5533723093965546e-20]

========================================================
Compute Newton term norms || F'[zh]^-1 F(zh) ||_Z
|| F'[zh]^-1 F(zh) ||_Z <= [3.2109768336628237e-09,3.2136570014392576e-09]
|| F'[zh]^-1 F(zh) ||_D <= [2.5845760667916763e-07,2.5860865386426975e-07]
|| DFinv ||_{B(Z)} <= [23.129699986484773,23.129793611078413]
|| DFinv ||_{B(Z, D)} <= [1304.5467000256933,1304.5519765337233]

========================================================
Compute r0 = 2*eta
r0 = [5.1691521335833527e-07,5.172173077285395e-07]
Compute b(r0)
tilde_b(r0) = [1.5334983441683878e-05,1.5343945477128005e-05]
b(r0) = [0.02000520204379735,0.020016974400013023]
16022 [msec]
Verification Success!!

|| u* - u^ || <= [2.6373365166650449e-07,2.6389095230087138e-07]

Check minimal period
q = 2 : || zh(.+2pi/q) - zh ||_Z >= 6.2224132551745361 , 2*rho <= 5.2778190460174274e-07
  -> z* is not (2pi/2)-periodic
Minimal period of z* is 2*pi (1/2 subharmonic of (1.2))

========================================================
