Create an approximate solution
Approximate Fourier order m_app = 55
alpha = 1
beta = 5
tilde{omega} = 1
omega = tilde{omega}/n = [0.5,0.5]
tau = 0.1
gamma = 1
mu = 0.1
k = 0.1
n = 2
xh = 
-0.47774278935593201
-0.0081370115117902226
-0.11971581532179038
0.49278440134620966
1.8350720000984755
0.15808412731422933
-0.064500708811348617
0.53317431208748189
0.59922509933395884
0.54600798879236268
-0.14974383768187557
0.0035424470562290689
0.24645463516311433
-0.0060804576466267088
-0.080901631700664348
0.14014202332322667
0.10307586987669962
0.10789464657862152
-0.056675278159343701
0.038412604447235349
0.033653762529269438
0.033070812780829843
-0.072133058717313403
0.014061463781271606
0.0018973195280181235
0.014785221485881626
-0.020128315419498576
0.0038420366345540378
0.0026164130128581873
0.0078222774861315993
-0.019462702614632496
0.001220541110986036
-0.0017331278508203535
0.0013143710058806381
-0.0088210904152340348
-0.0025768864050558465
-0.00086970455568852341
0.00053598754746637858
-0.0043304000118214829
-0.0010463820479049576
-0.00022414401677144324
-0.00019525135943367243
-0.0020628688446298641
-0.0011065743288576958
-0.00027383093019707055
-0.00026787701712943797
-0.00092021398389563849
-0.0006322635845833677
8.8685582154197524e-05
-0.00023755465783838027
-0.00031127942763496897
-0.00030635788457043068
6.2172262599881632e-05
-0.00015605642874776926
-0.0001371119690257364
-0.00014411900108160224
0.00010560356404081038
-0.00012492322606584252
-6.1744427187789547e-05
-4.0991605413618571e-05
0.00010949286121711924
-7.1271062639849243e-05
-5.4343432526896438e-05
-3.7823783527951808e-06
0.00011049913187653014
-3.8825672939405407e-05
-6.9709678381602716e-05
-1.5592625671933784e-06
0.00010773948434300878
-4.3382047870465825e-06
-7.7907015475240594e-05
-1.7863357303872495e-05
0.00010097484542224436
2.7202670965701038e-05
-7.9306134676509761e-05
-4.1047392361301132e-05
8.6470028373845012e-05
5.4320262892987343e-05
-6.8695659232049827e-05
-6.3957655247044826e-05
6.5275808412405432e-05
7.5169972208011563e-05
-4.8381572401131061e-05
-8.0532558276274067e-05
3.7968660429798516e-05
8.7149711561614347e-05
-2.1094081699066591e-05
-8.8008082954144857e-05
7.0054120660497346e-06
8.8807950894809052e-05
9.3792319827736309e-06
-8.4795698139553143e-05
-2.4242200997342481e-05
7.9829508743374912e-05
3.9020698034391555e-05
-7.1146280184166991e-05
-5.2273067275485657e-05
6.1208617803041107e-05
6.3977653817876237e-05
-4.8689238663360668e-05
-7.3734509561987897e-05
3.5152177867909107e-05
8.1089265371222537e-05
-2.0187501474357799e-05
-8.6045199561617116e-05
4.8309835153663219e-06
8.819142007888434e-05
1.0826347296340625e-05
-8.7706517914877167e-05
-2.6044773036914236e-05
8.4386980220753119e-05

yh = 
0
0.11971581532179038
-0.0081370115117902226
-3.670144000196951
0.98556880269241931
0.19350212643404585
0.47425238194268798
-2.3969003973358354
2.1326972483499276
0.7487191884093779
2.7300399439618133
-1.4787278109786861
0.021254682337374414
0.56631142190465045
-0.042563203526386963
-0.82460695901359693
1.1211361865858134
0.5100775034340933
0.97105181920759365
-0.33653762529269438
0.38412604447235349
0.79346364589044738
0.3637789405891283
-0.022767834336217482
0.16873756537525927
0.26166810045348149
0.19220787931646113
-0.036629782180014621
0.05378851288375653
0.29194053921948743
0.11733416229197399
0.027730045613125656
0.019528657775776576
0.1499585370589786
0.022344307099970848
0.015654682002393422
-0.046383955291005238
0.082277600224608172
0.010183763401861192
0.0044828803354288651
-0.020927640958099153
0.043320245737227148
-0.0041002785481071211
0.0060242804643355517
-0.024344635234869308
0.021164921629599685
-0.0061611713939770732
-0.0021284539717007405
-0.015174326030000825
0.0077819856908742241
-0.0059388664459595064
-0.0016164788275969224
-0.0079653049988311977
0.0037020231636948828
-0.0042135235761897698
-0.0029568997931426907
-0.0040353320302848623
0.0017905883884458968
-0.0036227735559094328
-0.0032847858365135773
-0.0012297481624085572
0.0016846464083337897
-0.0022094029418353264
-0.0035359722200489644
-0.00012103610728944579
0.0023004193865928898
-0.0012812472070003783
-0.0036631424676622985
-5.3014927284574868e-05
0.0027267455416334209
-0.0001518371675466304
-0.003635094435200797
-0.00064308086293940979
0.0029343269830308613
0.0010064988257309385
-0.0032858610782061106
-0.0015598009097294431
0.0026791307100499434
0.0021184902528265065
-0.0026110323364962173
-0.0025583062098817931
0.0019836444684463734
0.003081968860528474
-0.0015946837380515376
-0.003382367447603511
0.00090704551305986346
0.0037474375971494169
-0.0003082381309061883
-0.0038723556499823735
-0.00042206543922481337
0.0039963577902664077
0.0011151412458777542
-0.0039006021144194448
-0.0018339728076164031
0.0037519869109386211
0.0025091072292233113
-0.0034150214488400154
-0.0031349050370759355
0.0029992222723490142
0.0036867254780993948
-0.0024344619331680335
-0.0041355525339323495
0.0017927610712633645
0.0044743503772040902
-0.0010497500766666055
-0.0046741452641808701
0.00025604212631441504
0.0047361519674033667
0.00058462275400239375
-0.0046412839121414218
-0.001432462517030283

i = 0, 0.5174335905574784 <= 7.1054273576010019e-15
i = 1, 0.25416385390755997 <= 7.1054273576010019e-15
i = 2, 0.1962462671413967 <= 7.1054273576010019e-15
i = 3, 0.04768767791965358 <= 7.1054273576010019e-15
i = 4, 0.0044739259819819577 <= 7.1054273576010019e-15
i = 5, 0.00036239181192873073 <= 7.1054273576010019e-15
i = 6, 2.3518270587492499e-07 <= 7.1054273576010019e-15
i = 7, 5.787480776363e-14 <= 7.1054273576010019e-15
Convergence : i = 8, 4.1124588182338154e-15 <= 7.1054273576010019e-15
zh:
-0.95573776728453141
-0.0082421287236973673
-0.11949488910933376
0.49325418092562617
1.8352083557576131
0.15764721113103816
-0.064246104720510983
0.53372340916729732
0.59921143133154875
0.54456256891383126
-0.14925747058635463
0.0035830749930269414
0.24684548292886074
-0.0062203203286818219
-0.080716477801597852
0.14054322011494869
0.10323131452488229
0.10757784172333877
-0.056551261568210186
0.038622688414313461
0.033702135374235553
0.032905240712792869
-0.072064236237063997
0.014285726186680588
0.0020884653869030654
0.014701257048158377
-0.02015671664709081
0.0039878947904007644
0.0026997782755273669
0.0077795633316150798
-0.019535102025247986
0.0012943821679869177
-0.0016263087773197868
0.0012967372319773484
-0.0089089254312471004
-0.0025428359832569414
-0.00077537220844695542
0.00055978618751458811
-0.0044236234668311716
-0.0010639033026915822
-0.00014212523688945079
-0.00014838616797297776
-0.0021448941819086748
-0.0011573594859147903
-0.0002096465183965939
-0.00019738367590149244
-0.00097764501510550872
-0.00070666691928463236
0.00012777762114364347
-0.00015346509650094421
-0.00034069500209591021
-0.00039224568162524707
7.1548511175986997e-05
-6.8649492027848951e-05
-0.00013379372052883451
-0.00022939942658236649
8.4386155843869061e-05
-4.4587796974224969e-05
-2.7423106922948134e-05
-0.00011411702205087251
6.0036805365570111e-05
-8.1934186629632699e-06
6.3516620007952681e-06
-5.5556400601653691e-05
3.8819102224274051e-05
-7.8944970513579061e-07
9.5292589731355978e-06
-2.534669600902342e-05
2.2674760700200598e-05
3.8678247277933498e-06
9.8604623755598628e-06
-1.0707870567109083e-05
1.2970934256596286e-05
4.5120010493174883e-06
6.0129744338846274e-06
-3.8330192700207457e-06
6.421840485018657e-06
3.4996846958294831e-06
3.5627469423610275e-06
-1.2936719983456687e-06
3.0778738884179921e-06
2.4864717783085522e-06
1.8427361876269529e-06
-1.8566620112711101e-07
1.3214834949896708e-06
1.5799945976883442e-06
8.6791282114537691e-07
7.2854558994509997e-08
4.4797476658877724e-07
9.3354817245225586e-07
3.5647027641841475e-07
1.149881505183742e-07
1.0536313659712026e-07
5.1986507369945083e-07
1.2735799733572395e-07
8.433034970134922e-08
-3.0415563755502801e-08
2.7583197152623135e-07
2.6445087495037558e-08
4.5421430803579877e-08
-5.9479544818774321e-08
1.3571901278071873e-07
-6.0446831820182429e-09
2.0019240653614191e-08
-5.3258152428893751e-08
6.3615736522855387e-08
-1.2641911411411891e-08
6.0021871528877287e-09
-3.8160850683524088e-08
2.6985577271149019e-08
-1.0814469875617188e-08
0
0.059747444554666879
-0.0041210643618486836
-1.8352083557576131
0.49325418092562617
0.096369157080766474
0.23647081669655726
-1.1984228626630975
1.0674468183345946
0.37314367646588659
1.3614064222845781
-0.7405364487865822
0.010749224979080825
0.28250767230559248
-0.021771121150386374
-0.41292525809952918
0.56217288045979474
0.25448067705694583
0.48410028775502451
-0.16851067687117777
0.1931134420715673
0.39635329930385205
0.1809788239203608
-0.012530792321418393
0.085714357120083531
0.13101865820609027
0.095558170813029447
-0.018898447928691567
0.027915263532805351
0.14651326518935989
0.058346724987113095
0.013010470218558294
0.010355057343895342
0.075725866165600342
0.011022266471807462
0.0069783498760225991
-0.022885523849312472
0.042024422934896132
0.0053179687813885868
0.0014212523688945081
-0.010639033026915821
0.022521388910041084
-0.0015580547637162663
0.0023061117023625327
-0.012730954345062695
0.011242917673713351
-0.0022699122728671631
-0.0015333314537237218
-0.0084800030314155887
0.0042586875261988776
-0.0019183137062618026
-0.00093013064528783102
-0.0050991938611282123
0.0018062152271392659
-0.00092676814237596086
-0.0011814061818141669
-0.0032115919721531308
0.00039763505038274797
-0.00064652305612626203
-0.00090055208048355167
-0.0017117553307630876
-9.845076101232665e-05
-0.00012699798927593068
-0.00062110563558838482
-0.00088890240962645906
-0.00015723277305673735
-1.3025920134740546e-05
-0.00038547093190341019
-0.00043089383215339812
-0.00017255809157229761
6.7686932736383615e-05
-0.00023347681661873315
-0.00019274167020796347
-0.00011124002702686561
8.347201941237354e-05
-0.00012201496921535449
-7.2827366130394163e-05
-6.9473565376040042e-05
6.8243851568674927e-05
-6.1557477768359848e-05
-2.5873439966913373e-05
-3.777609184635253e-05
5.097267145532532e-05
-2.7751153394783088e-05
-3.8989902236693314e-06
-1.8660125654625601e-05
3.3969883850299399e-05
-9.8554448649530991e-06
1.60280029787922e-06
-8.0205812194143309e-06
2.1004833880175757e-05
-2.4233521417337659e-06
2.6447274619226063e-06
-2.9929129373895132e-06
1.2216829231937095e-05
7.2997353013206727e-07
2.0239283928323813e-06
-6.4790464362842018e-07
6.7578833023926683e-06
1.4869886204693578e-06
1.135535770089497e-06
1.5413942114146519e-07
3.4608348259083276e-06
1.3847119631512375e-06
5.2050025699396903e-07
3.350106524024151e-07
1.6858170178556676e-06
1.0303429684551503e-06
1.6205905312796867e-07
2.9739792157947269e-07
7.4210337495659805e-07


========================================================
Approximation: 
x = 
-0.47786888364226571 - 0.11949488910933376*cos(1t) - 0.0082421287236973673*sin(1t) + 1.8352083557576131*cos(2t) + 0.49325418092562617*sin(2t) - 0.064246104720510983*cos(3t) + 0.15764721113103816*sin(3t) + 0.59921143133154875*cos(4t) + 0.53372340916729732*sin(4t) - 0.14925747058635463*cos(5t) + 0.54456256891383126*sin(5t) + 0.24684548292886074*cos(6t) + 0.0035830749930269414*sin(6t) - 0.080716477801597852*cos(7t) - 0.0062203203286818219*sin(7t) + 0.10323131452488229*cos(8t) + 0.14054322011494869*sin(8t) - 0.056551261568210186*cos(9t) + 0.10757784172333877*sin(9t) + 0.033702135374235553*cos(10t) + 0.038622688414313461*sin(10t) - 0.072064236237063997*cos(11t) + 0.032905240712792869*sin(11t) + 0.0020884653869030654*cos(12t) + 0.014285726186680588*sin(12t) - 0.02015671664709081*cos(13t) + 0.014701257048158377*sin(13t) + 0.0026997782755273669*cos(14t) + 0.0039878947904007644*sin(14t) - 0.019535102025247986*cos(15t) + 0.0077795633316150798*sin(15t) - 0.0016263087773197868*cos(16t) + 0.0012943821679869177*sin(16t) - 0.0089089254312471004*cos(17t) + 0.0012967372319773484*sin(17t) - 0.00077537220844695542*cos(18t) - 0.0025428359832569414*sin(18t) - 0.0044236234668311716*cos(19t) + 0.00055978618751458811*sin(19t) - 0.00014212523688945079*cos(20t) - 0.0010639033026915822*sin(20t) - 0.0021448941819086748*cos(21t) - 0.00014838616797297776*sin(21t) - 0.0002096465183965939*cos(22t) - 0.0011573594859147903*sin(22t) - 0.00097764501510550872*cos(23t) - 0.00019738367590149244*sin(23t) + 0.00012777762114364347*cos(24t) - 0.00070666691928463236*sin(24t) - 0.00034069500209591021*cos(25t) - 0.00015346509650094421*sin(25t) + 7.1548511175986997e-05*cos(26t) - 0.00039224568162524707*sin(26t) - 0.00013379372052883451*cos(27t) - 6.8649492027848951e-05*sin(27t) + 8.4386155843869061e-05*cos(28t) - 0.00022939942658236649*sin(28t) - 2.7423106922948134e-05*cos(29t) - 4.4587796974224969e-05*sin(29t) + 6.0036805365570111e-05*cos(30t) - 0.00011411702205087251*sin(30t) + 6.3516620007952681e-06*cos(31t) - 8.1934186629632699e-06*sin(31t) + 3.8819102224274051e-05*cos(32t) - 5.5556400601653691e-05*sin(32t) + 9.5292589731355978e-06*cos(33t) - 7.8944970513579061e-07*sin(33t) + 2.2674760700200598e-05*cos(34t) - 2.534669600902342e-05*sin(34t) + 9.8604623755598628e-06*cos(35t) + 3.8678247277933498e-06*sin(35t) + 1.2970934256596286e-05*cos(36t) - 1.0707870567109083e-05*sin(36t) + 6.0129744338846274e-06*cos(37t) + 4.5120010493174883e-06*sin(37t) + 6.421840485018657e-06*cos(38t) - 3.8330192700207457e-06*sin(38t) + 3.5627469423610275e-06*cos(39t) + 3.4996846958294831e-06*sin(39t) + 3.0778738884179921e-06*cos(40t) - 1.2936719983456687e-06*sin(40t) + 1.8427361876269529e-06*cos(41t) + 2.4864717783085522e-06*sin(41t) + 1.3214834949896708e-06*cos(42t) - 1.8566620112711101e-07*sin(42t) + 8.6791282114537691e-07*cos(43t) + 1.5799945976883442e-06*sin(43t) + 4.4797476658877724e-07*cos(44t) + 7.2854558994509997e-08*sin(44t) + 3.5647027641841475e-07*cos(45t) + 9.3354817245225586e-07*sin(45t) + 1.0536313659712026e-07*cos(46t) + 1.149881505183742e-07*sin(46t) + 1.2735799733572395e-07*cos(47t) + 5.1986507369945083e-07*sin(47t) - 3.0415563755502801e-08*cos(48t) + 8.433034970134922e-08*sin(48t) + 2.6445087495037558e-08*cos(49t) + 2.7583197152623135e-07*sin(49t) - 5.9479544818774321e-08*cos(50t) + 4.5421430803579877e-08*sin(50t) - 6.0446831820182429e-09*cos(51t) + 1.3571901278071873e-07*sin(51t) - 5.3258152428893751e-08*cos(52t) + 2.0019240653614191e-08*sin(52t) - 1.2641911411411891e-08*cos(53t) + 6.3615736522855387e-08*sin(53t) - 3.8160850683524088e-08*cos(54t) + 6.0021871528877287e-09*sin(54t) - 1.0814469875617188e-08*cos(55t) + 2.6985577271149019e-08*sin(55t)


y = 
0 - 0.0041210643618486836*cos(1t) + 0.059747444554666879*sin(1t) + 0.49325418092562617*cos(2t) - 1.8352083557576131*sin(2t) + 0.23647081669655726*cos(3t) + 0.096369157080766474*sin(3t) + 1.0674468183345946*cos(4t) - 1.1984228626630975*sin(4t) + 1.3614064222845781*cos(5t) + 0.37314367646588659*sin(5t) + 0.010749224979080825*cos(6t) - 0.7405364487865822*sin(6t) - 0.021771121150386374*cos(7t) + 0.28250767230559248*sin(7t) + 0.56217288045979474*cos(8t) - 0.41292525809952918*sin(8t) + 0.48410028775502451*cos(9t) + 0.25448067705694583*sin(9t) + 0.1931134420715673*cos(10t) - 0.16851067687117777*sin(10t) + 0.1809788239203608*cos(11t) + 0.39635329930385205*sin(11t) + 0.085714357120083531*cos(12t) - 0.012530792321418393*sin(12t) + 0.095558170813029447*cos(13t) + 0.13101865820609027*sin(13t) + 0.027915263532805351*cos(14t) - 0.018898447928691567*sin(14t) + 0.058346724987113095*cos(15t) + 0.14651326518935989*sin(15t) + 0.010355057343895342*cos(16t) + 0.013010470218558294*sin(16t) + 0.011022266471807462*cos(17t) + 0.075725866165600342*sin(17t) - 0.022885523849312472*cos(18t) + 0.0069783498760225991*sin(18t) + 0.0053179687813885868*cos(19t) + 0.042024422934896132*sin(19t) - 0.010639033026915821*cos(20t) + 0.0014212523688945081*sin(20t) - 0.0015580547637162663*cos(21t) + 0.022521388910041084*sin(21t) - 0.012730954345062695*cos(22t) + 0.0023061117023625327*sin(22t) - 0.0022699122728671631*cos(23t) + 0.011242917673713351*sin(23t) - 0.0084800030314155887*cos(24t) - 0.0015333314537237218*sin(24t) - 0.0019183137062618026*cos(25t) + 0.0042586875261988776*sin(25t) - 0.0050991938611282123*cos(26t) - 0.00093013064528783102*sin(26t) - 0.00092676814237596086*cos(27t) + 0.0018062152271392659*sin(27t) - 0.0032115919721531308*cos(28t) - 0.0011814061818141669*sin(28t) - 0.00064652305612626203*cos(29t) + 0.00039763505038274797*sin(29t) - 0.0017117553307630876*cos(30t) - 0.00090055208048355167*sin(30t) - 0.00012699798927593068*cos(31t) - 9.845076101232665e-05*sin(31t) - 0.00088890240962645906*cos(32t) - 0.00062110563558838482*sin(32t) - 1.3025920134740546e-05*cos(33t) - 0.00015723277305673735*sin(33t) - 0.00043089383215339812*cos(34t) - 0.00038547093190341019*sin(34t) + 6.7686932736383615e-05*cos(35t) - 0.00017255809157229761*sin(35t) - 0.00019274167020796347*cos(36t) - 0.00023347681661873315*sin(36t) + 8.347201941237354e-05*cos(37t) - 0.00011124002702686561*sin(37t) - 7.2827366130394163e-05*cos(38t) - 0.00012201496921535449*sin(38t) + 6.8243851568674927e-05*cos(39t) - 6.9473565376040042e-05*sin(39t) - 2.5873439966913373e-05*cos(40t) - 6.1557477768359848e-05*sin(40t) + 5.097267145532532e-05*cos(41t) - 3.777609184635253e-05*sin(41t) - 3.8989902236693314e-06*cos(42t) - 2.7751153394783088e-05*sin(42t) + 3.3969883850299399e-05*cos(43t) - 1.8660125654625601e-05*sin(43t) + 1.60280029787922e-06*cos(44t) - 9.8554448649530991e-06*sin(44t) + 2.1004833880175757e-05*cos(45t) - 8.0205812194143309e-06*sin(45t) + 2.6447274619226063e-06*cos(46t) - 2.4233521417337659e-06*sin(46t) + 1.2216829231937095e-05*cos(47t) - 2.9929129373895132e-06*sin(47t) + 2.0239283928323813e-06*cos(48t) + 7.2997353013206727e-07*sin(48t) + 6.7578833023926683e-06*cos(49t) - 6.4790464362842018e-07*sin(49t) + 1.135535770089497e-06*cos(50t) + 1.4869886204693578e-06*sin(50t) + 3.4608348259083276e-06*cos(51t) + 1.5413942114146519e-07*sin(51t) + 5.2050025699396903e-07*cos(52t) + 1.3847119631512375e-06*sin(52t) + 1.6858170178556676e-06*cos(53t) + 3.350106524024151e-07*sin(53t) + 1.6205905312796867e-07*cos(54t) + 1.0303429684551503e-06*sin(54t) + 7.4210337495659805e-07*cos(55t) + 2.9739792157947269e-07*sin(55t)


Create matrix and vector
Linear solver Check || I - RA || < 1: 2.605472480176953e-11 < 1 ?

Compute Mm ( ||Fminv'|| )
Mm = [23.128376227711193,23.12843708035172]
Verification Fourier order m_verify = 166
Linear solver Check || I - RA || < 1: 2.2204460492503131e-16 < 1 ?

Compute K0 ( ||N'[zh]|| )
K0 = [56.349268167258124,56.349268167261848]

Compute KmN ( || C Finv B || )
Linear solver Check || I - RA || < 1: 2.6123582552125102e-11 < 1 ?
KmN = [0.0035429781800838775,0.0035429781800939802]

Compute kappa
sigmam = [0.017857142857142856,0.01785714285714286]
sigmam*K0 = [1.0062369315581807,1.0062369315582476]
kappa = [1.0097799097382644,1.0097799097383418]
(Old) kappa = [1312.4016988047112,1312.4051491930948]
|| Sinv ||  = [-102.25043244391515,-102.25043244310724]

Compute CFinv ( || C Finv || )
Linear solver Check || I - RA || < 1: 2.6123582552125102e-11 < 1 ?
|| C Finv || = [0.0047599355425721459,0.0047599355426076566]

Compute FinvB ( || Finv B || )
Linear solver Check || I - RA || < 1: 2.6123582552125102e-11 < 1 ?
|| Finv B || = [0.2771371229569457,0.27713712295716426]

Compute Bnorm ( || B || )
|| B || = [13.953876233868815,13.95387623387838]

========================================================
Compute Residual norms || F(zh) ||_Z, || (I - Pm)F(zh) ||_Z, || Dinv F(zh) ||_Z, || C Dinv F(zh) ||_Z 
|| F(zh) ||_Z <= [9.3271614180035573e-05,9.3271614180041985e-05]
|| (I - Pm)F(zh) ||_Z <= [9.3271614180035573e-05,9.3271614180041971e-05]
|| DFinv F(zh) ||_Z <= [0,9.7218000168624016e-12]
Linear solver Check || I - RA || < 1: 2.2204460492503131e-16 < 1 ?
|| C DFinv F(zh) ||_Z <= [0,4.8652320086286531e-17]

========================================================
Compute Newton term norms || F'[zh]^-1 F(zh) ||_Z
|| F'[zh]^-1 F(zh) ||_Z <= [0.00017672384076945982,0.00017672384337244786]
|| F'[zh]^-1 F(zh) ||_D <= [0.010053084149394885,0.010053084296095121]
|| DFinv ||_{B(Z)} <= [23.005128159867823,23.005190369672157]
|| DFinv ||_{B(Z, D)} <= [1297.5260923096545,1297.5295983386459]

========================================================
Compute r0 = 2*eta
r0 = [0.020106168298789771,0.020106168592190242]
Compute b(r0)
tilde_b(r0) = [0.59797091010115865,0.59797091884890641]
b(r0) = [775.88285829840413,775.88496615221266]
16760 [msec]
Verification Failure...

========================================================
