Create an approximate solution
Approximate Fourier order m_app = 200
alpha = 1
beta = 5
tilde{omega} = 1
omega = tilde{omega}/n = [0.5,0.5]
tau = 0.1
gamma = 1
mu = 0.1
k = 0.1
n = 2
xh = 
-0.47774278935593201
-0.0081370115117902226
-0.11971581532179038
0.49278440134620966
1.8350720000984755
0.15808412731422933
-0.064500708811348617
0.53317431208748189
0.59922509933395884
0.54600798879236268
-0.14974383768187557
0.0035424470562290689
0.24645463516311433
-0.0060804576466267088
-0.080901631700664348
0.14014202332322667
0.10307586987669962
0.10789464657862152
-0.056675278159343701
0.038412604447235349
0.033653762529269438
0.033070812780829843
-0.072133058717313403
0.014061463781271606
0.0018973195280181235
0.014785221485881626
-0.020128315419498576
0.0038420366345540378
0.0026164130128581873
0.0078222774861315993
-0.019462702614632496
0.001220541110986036
-0.0017331278508203535
0.0013143710058806381
-0.0088210904152340348
-0.0025768864050558465
-0.00086970455568852341
0.00053598754746637858
-0.0043304000118214829
-0.0010463820479049576
-0.00022414401677144324
-0.00019525135943367243
-0.0020628688446298641
-0.0011065743288576958
-0.00027383093019707055
-0.00026787701712943797
-0.00092021398389563849
-0.0006322635845833677
8.8685582154197524e-05
-0.00023755465783838027
-0.00031127942763496897
-0.00030635788457043068
6.2172262599881632e-05
-0.00015605642874776926
-0.0001371119690257364
-0.00014411900108160224
0.00010560356404081038
-0.00012492322606584252
-6.1744427187789547e-05
-4.0991605413618571e-05
0.00010949286121711924
-7.1271062639849243e-05
-5.4343432526896438e-05
-3.7823783527951808e-06
0.00011049913187653014
-3.8825672939405407e-05
-6.9709678381602716e-05
-1.5592625671933784e-06
0.00010773948434300878
-4.3382047870465825e-06
-7.7907015475240594e-05
-1.7863357303872495e-05
0.00010097484542224436
2.7202670965701038e-05
-7.9306134676509761e-05
-4.1047392361301132e-05
8.6470028373845012e-05
5.4320262892987343e-05
-6.8695659232049827e-05
-6.3957655247044826e-05
6.5275808412405432e-05
7.5169972208011563e-05
-4.8381572401131061e-05
-8.0532558276274067e-05
3.7968660429798516e-05
8.7149711561614347e-05
-2.1094081699066591e-05
-8.8008082954144857e-05
7.0054120660497346e-06
8.8807950894809052e-05
9.3792319827736309e-06
-8.4795698139553143e-05
-2.4242200997342481e-05
7.9829508743374912e-05
3.9020698034391555e-05
-7.1146280184166991e-05
-5.2273067275485657e-05
6.1208617803041107e-05
6.3977653817876237e-05
-4.8689238663360668e-05
-7.3734509561987897e-05
3.5152177867909107e-05
8.1089265371222537e-05
-2.0187501474357799e-05
-8.6045199561617116e-05
4.8309835153663219e-06
8.819142007888434e-05
1.0826347296340625e-05
-8.7706517914877167e-05
-2.6044773036914236e-05
8.4386980220753119e-05
4.0509028540079969e-05
-7.8521059414980534e-05
-5.3674566768227051e-05
7.0140788969069251e-05
6.5183142157756164e-05
-5.9625906428466721e-05
-7.465150755485207e-05
4.7213226450568072e-05
8.1792796007948431e-05
-3.3357934782265963e-05
-8.6385869862664179e-05
1.8441718175284198e-05
8.8281264449753847e-05
-2.9657108587711007e-06
-8.74284429947044e-05
-1.2612991613351695e-05
8.3845196706226321e-05
2.779127385622635e-05
-7.765152056747024e-05
-4.2107552107170605e-05
6.903336935839714e-05
5.5107953977687725e-05
-5.8265465077042577e-05
-6.6391826011725783e-05
4.5678721541602202e-05
7.5604617291776454e-05
-3.1669379210119284e-05
-8.2460552703176337e-05
1.6671353460664031e-05
8.674522404521345e-05
-1.1544373308985836e-06
-8.8325207157644112e-05
-1.4399137745558365e-05
8.7151355009111781e-05
2.9503289619349792e-05
-8.3260022339594434e-05
-4.3687870029600952e-05
7.6772841376618621e-05
5.6510071703446301e-05
-6.7891778937261295e-05
-6.7570464437464864e-05
5.6894018241524239e-05
7.6523961872215109e-05
-4.4122226253692128e-05
-8.3091540527066839e-05
2.9974816878859499e-05
8.7068346161958311e-05
-1.4892741266723919e-05
-8.8330426605946806e-05
-6.5362784355336204e-07
8.6838413704500288e-05
1.6179656843286287e-05
-8.2638830418072702e-05
-3.1201184162494196e-05
7.5862622805233926e-05
4.5249897968652018e-05
-6.6721059819703946e-05
-5.7887731944249388e-05
5.5499180556038855e-05
6.8720671122060383e-05
-4.2546866270333172e-05
-7.7410934104150278e-05
2.8267971653485375e-05
8.3687575080842552e-05
-1.3107696181524084e-05
-8.7354885192717118e-05
-2.4612654019919169e-06
8.8298524423806397e-05
1.7953487437127627e-05
-8.6489068403390392e-05
-3.2885927842537944e-05
8.198293627950903e-05
4.6793005243591467e-05
-7.4920626239764385e-05
-5.9241103230465575e-05
6.5522337018577298e-05
6.9842099387059183e-05
-5.4081101966324476e-05
-7.8265460062354597e-05
4.095365165971424e-05
8.4248550938678221e-05
-2.6549292526318116e-05
-8.7604822511276329e-05
1.1317143487768935e-05
8.8229628819496675e-05
4.2678659149096558e-06
-8.610348876417281e-05
-1.9719804781789558e-05
8.1292694446953223e-05
3.4556890828040192e-05
-7.3947243649310365e-05
-4.8316512930225586e-05
6.4296163303759291e-05
6.0569654372256809e-05
-5.2640368410410791e-05
-7.0934269856288596e-05
3.9343279739534575e-05
7.9087197037198593e-05
-2.4819492590046475e-05
-8.477423282291012e-05
9.5218499199671477e-06
8.7818059051794384e-05
6.0726769779661979e-06
-8.8123771311041332e-05
-2.1477860204630042e-05
8.5681837887994008e-05
3.6213375499888941e-05
-8.0568397025581077e-05
-4.9819778503710795e-05
7.294288292606579e-05
6.1872829915781612e-05
-6.3043054709519276e-05
-7.1996723046341394e-05
5.1177583206000625e-05
7.9875801214034643e-05
-3.7716426788085988e-05
-8.5264399742568964e-05
2.3079296283246117e-05
8.7994505617538707e-05
-7.7225686419943655e-06
-8.7980996033070347e-05
-7.8749426229572773e-06
8.5224292455314546e-05
2.322691655460729e-05
-7.9810347477693208e-05
-3.7854687944947537e-05
7.1907964861618799e-05
5.1302171826270502e-05
-6.1763536330704401e-05
-6.3150083920741196e-05
4.9693359217862006e-05
7.3029013669217351e-05
-3.6073774500401325e-05
-8.0630942222382533e-05
2.1329432709319942e-05
8.5718846277189935e-05
-5.9200535801938215e-06
-8.8134088313009988e-05
-9.6739077353629727e-06
8.7801362805935192e-05
2.496624097066317e-05
-8.4731044201595833e-05
-3.9480140487601968e-05
7.9018863437330079e-05
5.276307178575562e-05
-7.0842923102208127e-05
-6.4400881252400555e-05
6.0458144297323503e-05
7.4030709217311107e-05
-4.8188318342427736e-05
-8.1352303692661882e-05
3.4416011152688552e-05
8.6137382041705528e-05
-1.9570635057978437e-05
-8.8236748685911227e-05
4.1150599826560225e-06
8.7584946924402178e-05
1.1468818562602565e-05
-8.4202299826347565e-05
-2.6695104692051589e-05
7.8194276560341323e-05
4.1089052085648016e-05
-6.974820392093508e-05
-5.4201866290281939e-05
5.9127425583952849e-05
6.5624697856462742e-05
-4.6663091202345708e-05
-7.5001390011697833e-05
3.2743831352893294e-05
8.2039583408439063e-05
-1.7803640264457662e-05
-8.6519831703569353e-05
2.3083441348850776e-06
8.8302443755149836e-05
1.3258923049566902e-05
-8.7331839098906441e-05
-2.8412783342582527e-05
8.3638280903579817e-05
4.2680748628292365e-05
-7.7336932375203485e-05
-5.5617952512656944e-05
6.862426602747987e-05
6.6821020985047294e-05
-5.7771937779346751e-05
-7.594064937119784e-05
4.5118316879454395e-05
8.2692493435056134e-05
-3.1057935750134216e-05
-8.686603505268446e-05
1.6029188698666114e-05
8.833114603070854e-05
-5.0066304409500355e-07
-8.7042145415845799e-05
-1.5043471155541607e-05
8.3039223788872622e-05
3.0118557234354771e-05
-7.6447190137004619e-05
-4.4254563219569724e-05
6.7471580375135637e-05
5.7010737142008239e-05
-5.6392248851006992e-05
-6.7989349412020831e-05
4.3554642646453756e-05
7.6848093781991104e-05
-2.9359030739935487e-05
-8.3310760241263023e-05
1.4248023855032114e-05
8.7175847068540695e-05
1.3072258792714132e-06
-8.8322843524430236e-05
-1.6821715169672808e-05
8.6715987293348407e-05
3.181171166890949e-05
-8.2405379520487622e-05
-4.5809836457456232e-05
7.5525422677376775e-05
5.8379636632868037e-05
-6.6290629964111506e-05
-6.9129193643077574e-05
5.4988936907029846e-05
7.772334306350641e-05
-4.1972723694969583e-05
-8.3894124813451817e-05
2.7647828169353148e-05
8.744913798068567e-05
-1.2460892039832644e-05
-8.8277539755112373e-05
-3.1145651388494878e-06
8.6353501429998399e-05
1.8592910023435545e-05
-8.1737013714508973e-05
-3.3491537236726455e-05
7.4572016247844978e-05
4.7345916710619423e-05
-6.5081909638069739e-05
-5.9724077449915167e-05
5.356258995534256e-05
7.024007612131153e-05
-4.0373222862278228e-05
-7.8566030526946591e-05
2.5925045037711465e-05
8.4442342764525166e-05
-1.0668542059506302e-05
-8.7685793323351806e-05
-4.9205974685963176e-06
8.8195253747390943e-05
2.0356313602820469e-05
-8.5954839747560033e-05
-3.5157330114490386e-05
8.1034406453064142e-05
4.8862160391489106e-05
-7.3587370358127953e-05
-6.1043496307721149e-05
6.3845925877683248e-05
7.1321531426549539e-05
-5.2113805655104147e-05
-7.9375803129232394e-05
3.8756810352066285e-05
8.4955184435910001e-05
-2.4191403196763116e-05
-8.7885713983480577e-05
8.8717249062246878e-06
8.8076020023752542e-05
6.7245661516590862e-06
-8.5520169327726937e-05
-2.2111187059909133e-05
8.0297852167215991e-05
3.6808392360796099e-05
-7.2571897608475605e-05
-5.0357932226143291e-05
6.2583196588147583e-05
6.233734040759653e-05
-5.0643191068266483e-05
-7.237310647132696e-05
3.7124163454462461e-05
8.0152321620926764e-05
-2.244762904726322e-05
-8.5432434994189016e-05
7.0711934430880874e-06
8.8048816241757772e-05
8.5257153364868399e-06
-8.7919888589556506e-05
-2.3856795122607936e-05
8.5049672341179291e-05
3.844403220739349e-05
-7.9527659513394566e-05
-5.1832605520052544e-05
7.1526023517030262e-05
6.3605067668476195e-05
-6.1294250881309149e-05

yh = 
0
0.11971581532179038
-0.0081370115117902226
-3.670144000196951
0.98556880269241931
0.19350212643404585
0.47425238194268798
-2.3969003973358354
2.1326972483499276
0.7487191884093779
2.7300399439618133
-1.4787278109786861
0.021254682337374414
0.56631142190465045
-0.042563203526386963
-0.82460695901359693
1.1211361865858134
0.5100775034340933
0.97105181920759365
-0.33653762529269438
0.38412604447235349
0.79346364589044738
0.3637789405891283
-0.022767834336217482
0.16873756537525927
0.26166810045348149
0.19220787931646113
-0.036629782180014621
0.05378851288375653
0.29194053921948743
0.11733416229197399
0.027730045613125656
0.019528657775776576
0.1499585370589786
0.022344307099970848
0.015654682002393422
-0.046383955291005238
0.082277600224608172
0.010183763401861192
0.0044828803354288651
-0.020927640958099153
0.043320245737227148
-0.0041002785481071211
0.0060242804643355517
-0.024344635234869308
0.021164921629599685
-0.0061611713939770732
-0.0021284539717007405
-0.015174326030000825
0.0077819856908742241
-0.0059388664459595064
-0.0016164788275969224
-0.0079653049988311977
0.0037020231636948828
-0.0042135235761897698
-0.0029568997931426907
-0.0040353320302848623
0.0017905883884458968
-0.0036227735559094328
-0.0032847858365135773
-0.0012297481624085572
0.0016846464083337897
-0.0022094029418353264
-0.0035359722200489644
-0.00012103610728944579
0.0023004193865928898
-0.0012812472070003783
-0.0036631424676622985
-5.3014927284574868e-05
0.0027267455416334209
-0.0001518371675466304
-0.003635094435200797
-0.00064308086293940979
0.0029343269830308613
0.0010064988257309385
-0.0032858610782061106
-0.0015598009097294431
0.0026791307100499434
0.0021184902528265065
-0.0026110323364962173
-0.0025583062098817931
0.0019836444684463734
0.003081968860528474
-0.0015946837380515376
-0.003382367447603511
0.00090704551305986346
0.0037474375971494169
-0.0003082381309061883
-0.0038723556499823735
-0.00042206543922481337
0.0039963577902664077
0.0011151412458777542
-0.0039006021144194448
-0.0018339728076164031
0.0037519869109386211
0.0025091072292233113
-0.0034150214488400154
-0.0031349050370759355
0.0029992222723490142
0.0036867254780993948
-0.0024344619331680335
-0.0041355525339323495
0.0017927610712633645
0.0044743503772040902
-0.0010497500766666055
-0.0046741452641808701
0.00025604212631441504
0.0047361519674033667
0.00058462275400239375
-0.0046412839121414218
-0.001432462517030283
0.0043971793272389098
0.0022685055982444783
-0.003998024971236947
-0.0030594503057889419
0.0034583025728510699
0.0037806222451498574
-0.0027855803605835163
-0.0044044389457362724
0.0020014760869359579
0.0049075677604769061
-0.0011249448086923361
-0.0052695380616225151
0.00018387407324380826
0.0054734383958847388
0.00079461847164115677
-0.0055079919086663768
-0.0017786415267984864
0.0053660925891984845
0.0027369908869660895
-0.0050473488368855653
-0.0036371249625273896
0.0045562023776542114
0.0044482523427856278
-0.0039037861601618528
-0.0051411139758407989
0.0031061530648289499
0.005689778136519167
-0.0021851871654982305
-0.0060721656831649413
0.0011669947422464821
0.0062710897081927324
-8.1965050493799441e-05
-0.0062748975606560483
-0.0010367379176802023
0.0060779816307903935
0.0021537401422125346
-0.0056811902618697776
-0.0032329023821904704
0.005091883420294597
0.0042382553777584727
-0.0043239453863558423
-0.0051353552972473295
0.0033974114215342939
0.0058923450641605634
-0.0023380357165510408
-0.0064811401611112136
0.0011765265600711895
0.0068783993467947061
5.229022748426896e-05
-0.0070664341284757447
-0.0013105522043061891
0.0070339115100645231
0.0025584971013245241
-0.0067763840942819615
-0.0037557415313981177
0.0062965976928344158
0.0048625694833169487
-0.0056045690248551312
-0.0058412570453751323
0.0047174303472633031
0.0066573403329569236
-0.0036590304992486526
-0.0072808190320333022
0.0024593135338532275
0.0076872298969591062
-0.0011534772639741194
-0.0078585686737187698
-0.00021905262077728062
0.007784016156305135
0.0016158138693414864
-0.0074604472014353218
-0.0029926194336709531
0.006892697614058323
0.004304956482410415
-0.0060935773427276884
-0.0055094226004332985
0.0050836235848345009
0.0065651573423835636
-0.0038905969076728527
-0.0074352187059236871
0.0025487320825265392
0.0080878608901131088
-0.0010977629183135868
-0.0084976677835938031
-0.00041825085966114625
0.0086465036243106742
0.0019522606733971663
-0.008524245387653109
-0.0034556890828040194
0.008129269444695322
0.0048799678059527844
-0.0074686716085803472
-0.0061781047459701947
0.0065582086569834479
0.0073062297951977254
-0.0054219579462723112
-0.0082250684918686538
0.0040917010929115956
0.0089012944464055624
-0.0026060467219548799
-0.0093087142594902045
0.0010093160915165176
0.0094292435302814233
0.00064977643664238319
-0.0092536384919033529
-0.0023196089021000443
0.0087819552757883376
0.0039472579294878947
-0.0080237171218672364
-0.0054801756354081873
0.0069977790727566401
0.0068678841206517589
-0.0057318893190720695
-0.0080636329811902361
0.0042619562270537169
0.0090259655371859142
-0.0026310397762900574
-0.0097201415706528616
0.00088809539382935204
0.010119368146016952
0.00091349334426304421
-0.01020579553983616
-0.0027175492368890532
0.0099712422172718012
0.0044668531775038092
-0.0094176210023677979
-0.0061049584473261897
0.0085570478185326374
0.0075780100704889433
-0.0074116243596845282
-0.0088365106539752998
0.0060128964653613027
0.0098369749511306691
-0.0044010004890489614
-0.010543418092094362
0.0026235202232463531
0.010928626950813239
-0.00073408664394403384
-0.010975170350741898
-0.0012092384669203716
0.010676111569401075
0.0031457463623035596
-0.01003539565654092
-0.0050139778419254497
0.0090678941570826403
0.0067536731885767193
-0.0077991006143547318
-0.0083077136815596711
0.0062644813845156057
0.0096239921982504435
-0.0045084974610022002
-0.010657151783738706
0.0025833238276531537
0.01137013442950513
-0.00054730297769325096
-0.011735487575226192
-0.0015368216873887436
0.011736382887869892
0.0036038391334269645
-0.011367310476556921
-0.0055881110836481299
0.010634421612206419
0.0074256556817686257
-0.0095555039371681052
-0.0090562083041918588
0.0081595847305854924
0.010425193211625999
-0.0064861696771260531
-0.011485541677181469
0.0045841363894050611
0.012199296270203278
-0.0025103132772885304
-0.012538947013231277
0.00032778486715368102
0.012488452991143621
0.001896025996088067
-0.012043912450115494
-0.0040914408013318837
0.011213855194404505
0.0061887085511023931
-0.010019142840012062
-0.008120221066847913
0.0084924748535639728
0.0098226900848019522
-0.0066775108981592503
-0.01123921610693728
0.0046276324267699983
0.012321181521823365
-0.0024043783047999171
-0.013029905257902669
7.5600119658345537e-05
0.01333800305063699
0.0022866076156423244
-0.013230406103208562
-0.00460813925685628
0.012705001239697511
0.0068152027358137374
-0.011772867281098711
-0.0088366642570112779
0.010458094958146024
0.01060633850827525
-0.0087971908207570906
-0.012065150723772603
0.0068380788954932395
0.013163100118119558
-0.0046387268569098071
-0.01386095968389797
0.0022654357929501063
0.014131654963908839
0.00020915614068342612
-0.013961273954229093
-0.0027082961423173222
0.013349671482318994
0.0051534972903633375
-0.012310643896412414
-0.0074670033425653657
0.010871663314114287
0.0095742604077903581
-0.0090731745896599249
-0.0114063169511078
0.0069674721333649508
0.012902074948542064
-0.0046171873042819755
-0.014010318843846454
0.002093429862691884
0.014691455180755193
0.00052636150846556342
-0.014918904218613992
-0.0031607947039840427
0.014680095243099728
0.0057270528674802238
-0.013977029345181035
-0.0081434976742265405
0.012826386794629337
0.010332265398835324
-0.011259170367386065
-0.012221773245108206
0.0093198906522296062
0.013749055342215653
-0.0070653140008986896
-0.01486185232655643
0.0045628079266372178
0.01552038541823327
-0.0018883319445326154
-0.015698755167035588
-0.00087586634941014458
0.015385916314813246
0.0036437801349048639
-0.014586193161551545
-0.0063283194206082694
0.01331931403482116
0.0088440510308595288
-0.011619958509738352
-0.011109916328005249
0.0095368264348840593
0.013051840251058565
-0.0071312531047801964
-0.014605147775778761
0.0044754095914011768
0.015716709120643352
-0.0016501408325577918
-0.016346742800927388
-0.0012574938703602491
0.016470215744441727
0.004156903167262917
-0.016077791833612663
-0.0069567861561904629
0.015176294059603822
0.0095680071229672248
-0.013788660545610365
-0.011906432017850938
0.011953390548336188
0.013895636442494776
-0.0097234926851071657
-0.015469398072838866
0.0071649635467112551
0.01657389238887267
-0.0043548400351690643
-0.017169519167142766
0.001378882721402177
0.017232298163553074
0.0016710402059514206
-0.016754785451212319
-0.0046997886391537637
0.015746476583652125
0.007611918377063911
-0.014233678679889021
-0.010314688498490456
0.01225885017626183
0.012721013533695239

i = 0, 0.51743687129825422 <= 7.1054273576010019e-15
i = 1, 0.25417979988294315 <= 7.1054273576010019e-15
i = 2, 0.19625742758514891 <= 7.1054273576010019e-15
i = 3, 0.04769642418154748 <= 7.1054273576010019e-15
i = 4, 0.0044746975984718117 <= 7.1054273576010019e-15
i = 5, 0.00036261929772761882 <= 7.1054273576010019e-15
i = 6, 2.354764672780751e-07 <= 7.1054273576010019e-15
i = 7, 6.6014493191850562e-14 <= 7.1054273576010019e-15
i = 8, 1.1691776352041071e-14 <= 7.1054273576010019e-15
i = 9, 1.1943569837274615e-14 <= 7.1054273576010019e-15
Convergence : i = 10, 2.4903387594453984e-15 <= 7.1054273576010019e-15
zh:
-0.95573776728740523
-0.0082421287226816103
-0.11949488910835301
0.49325418092601697
1.8352083557594521
0.15764721113007266
-0.064246104719657929
0.53372340916891614
0.59921143133524613
0.54456256890586197
-0.14925747058206421
0.0035830749915543103
0.24684548293101943
-0.0062203203284280232
-0.080716477800445968
0.14054322011631651
0.10323131452672114
0.10757784172207847
-0.056551261566936337
0.038622688414869294
0.033702135374660054
0.032905240712890867
-0.072064236236044077
0.014285726187496448
0.0020884653879900158
0.014701257048292529
-0.020156716646584093
0.0039878947910254835
0.0026997782756852406
0.00777956333195505
-0.01953510202489667
0.0012943821684149621
-0.0016263087771472195
0.0012967372322999747
-0.0089089254310269119
-0.0025428359827904521
-0.00077537220851985403
0.0005597861879618523
-0.0044236234667045559
-0.0010639033022989876
-0.00014212523714548383
-0.00014838616751292809
-0.0021448941818965283
-0.0011573594855201058
-0.00020964651891861304
-0.00019738367538314162
-0.00097764501521558625
-0.00070666691895542098
0.00012777762025158193
-0.00015346509607360343
-0.00034069500242554394
-0.00039224568148357882
7.1548509733717055e-05
-6.8649491795113828e-05
-0.00013379372101108726
-0.0002293994268618894
8.4386153775291994e-05
-4.458779727006526e-05
-2.7423107639417072e-05
-0.00011411702302810837
6.0036802314698971e-05
-8.1934199797199695e-06
6.3516614812733367e-06
-5.5556403153903112e-05
3.8819098483115138e-05
-7.894526780827892e-07
9.5292590407089099e-06
-2.5346699949679188e-05
2.2674756177127242e-05
3.8678194499997049e-06
9.860464620236804e-06
-1.0707878206047555e-05
1.2970929203161477e-05
4.511991857968814e-06
6.012980199215412e-06
-3.8330284957714557e-06
6.4218378887767024e-06
3.4996720405715121e-06
3.5627627580126469e-06
-1.2936847507008835e-06
3.0778723152991939e-06
2.4864576122125153e-06
1.8427605441168609e-06
-1.8567808359722508e-07
1.3214897062794744e-06
1.5799716677044071e-06
8.6796701988756982e-07
7.2849673596216167e-08
4.479864992543644e-07
9.3354959215233903e-07
3.5654323417579107e-07
1.1501096524182614e-07
1.0539002332488075e-07
5.1985704593102211e-07
1.2746433688096737e-07
8.4367178530984111e-08
-3.0409887561093669e-08
2.7589304066921191e-07
2.6621171687257886e-08
4.5551314236566544e-08
-5.9421904819968931e-08
1.3576511622957025e-07
-5.8972541718392843e-09
2.0192285531604083e-08
-5.333548389583209e-08
6.3730629511826972e-08
-1.2515144702706718e-08
6.087626320201326e-09
-3.818353881912227e-08
2.7063073943585726e-08
-1.0746232948354964e-08
-2.6767084342006565e-10
-2.4356570082423234e-08
1.0156850750715092e-08
-6.8073149807910154e-09
-2.3456885836487734e-09
-1.4213002793799276e-08
2.9421434666307311e-09
-3.753985168761321e-09
-2.4542891427824425e-09
-7.8041689216975091e-09
2.2031560066784956e-10
-1.7457102514324943e-09
-1.938477206575018e-09
-4.0146745181542491e-09
-5.5250487024705236e-10
-6.4480336385431896e-10
-1.3026886579457621e-09
-1.9364825639472171e-09
-6.0411460600827354e-10
-1.203438206986664e-10
-7.9856949486269018e-10
-8.7069276711693772e-10
-4.5095225119872975e-10
8.2226735816627435e-11
-4.503801488861616e-10
-3.5359852621496996e-10
-2.8540393140885707e-10
1.3163156167273134e-10
-2.3499253677367314e-10
-1.2343601571241827e-10
-1.6191114071441374e-10
1.1742118956026952e-10
-1.1269737152953475e-10
-3.0163430296195055e-11
-8.4294710300833212e-11
8.6267960109009288e-11
-4.8258615867878938e-11
1.7536635066260405e-12
-4.0033140714164631e-11
5.6675853026941927e-11
-1.7081938925615139e-11
9.0748381824156995e-12
-1.7110528288015621e-11
3.4332085399080894e-11
-3.5563740749116105e-12
8.0887522167079464e-12
-6.2135514944688165e-12
1.9487513467914589e-11
1.3612087679386644e-12
5.3496953404048582e-12
-1.570396808694267e-12
1.0395483263242547e-11
2.5009697644554051e-12
2.9866556954472359e-12
1.0130893042202054e-13
5.2060459933709214e-12
2.2267765813431149e-12
1.4431303349323984e-12
5.1218501346206256e-13
2.4227696032907482e-12
1.6024954371159976e-12
5.8149550180823138e-13
4.7101110546769955e-13
1.0230572229957566e-12
1.025650586404691e-12
1.6173577749406118e-13
3.2131515636522157e-13
3.6880461465088234e-13
6.0478169629136263e-13
-1.0397464212733789e-14
1.8589583679571954e-13
9.1471920709028707e-14
3.3323044485641247e-13
-6.1616788080093266e-14
9.3676032461115711e-14
-9.209993804063098e-15
1.7226311283971359e-13
-6.2234729720712465e-14
3.9987832527834223e-14
-3.4561840765486972e-14
8.3270733441019463e-14
-4.7032291625244243e-14
1.2624038312357584e-14
-3.240933910060103e-14
3.7161275181627127e-14
-3.0732622880834438e-14
6.2770569507419216e-16
-2.322450264306311e-14
1.4843823070104983e-14
-1.81491171712512e-14
-3.4401554245579321e-15
-1.4517571889177364e-14
4.885036820390767e-15
-9.8223005574171781e-15
-3.9584064185319206e-15
-8.2519134097951981e-15
9.1751211956664617e-16
-4.8601467606810904e-15
-3.206482815320023e-15
-4.3239699114629212e-15
-3.76771890906921e-16
-2.1509502168955388e-15
-2.2231028009554258e-15
-2.0869649275475433e-15
-6.0730038774556496e-16
-7.9691856481003894e-16
-1.3962604262306763e-15
-9.1312814099535713e-16
-4.9369926732345988e-16
-1.8906599347147404e-16
-8.1247515303839089e-16
-3.4616831532407848e-16
-3.2164314369501404e-16
4.2426312574533684e-17
-4.4169021428115005e-16
-9.8137139487614468e-17
-1.8307037072408129e-16
1.0268915725531916e-16
-2.2419504051452292e-16
-4.3565421484619917e-18
-9.2945147206416907e-17
9.6175360685880391e-17
-1.0519935861867388e-16
2.1925450245875143e-17
-4.1568754009278451e-17
7.0965696042943323e-17
-4.4442032888947159e-17
2.2718199742443675e-17
-1.5373948009736167e-17
4.6215313392942672e-17
-1.5757597797791436e-17
1.6423521570899429e-17
-3.5620615913323342e-18
2.760971826886773e-17
-3.5440126443229707e-18
9.9916381295777253e-18
8.8500964694772704e-19
1.5368402795317033e-17
8.4582951767933951e-19
5.3452340719383254e-18
1.9848630278013134e-18
8.0059736256720074e-18
1.8785561739926358e-18
2.5080247009777289e-18
1.8034378511634886e-18
3.8879266373521692e-18
1.6887442573839176e-18
9.7850135045834593e-19
1.2870825770644687e-18
1.7346272845982772e-18
1.1992867441868067e-18
2.5065738813945102e-19
8.0355233913577231e-19
6.8574089710571337e-19
7.5054086757953584e-19
-4.1893803650047121e-20
4.5374207525969285e-19
2.166051333568239e-19
4.2913097264112714e-19
-1.2469188900797979e-19
2.3330500209978187e-19
3.0777010167748082e-20
2.2695142050885438e-19
-1.2104818636690819e-19
1.0778343632771752e-19
-2.7979374243708769e-20
1.1093120140687566e-19
-9.1050987863528428e-20
4.2633609532903378e-20
-3.6273572884577816e-20
4.9399932011531558e-20
-6.0001310502161961e-20
1.2142158003012074e-20
-2.8573201039659145e-20
1.9256247357229615e-20
-3.6072792355720384e-20
-1.9981154087371428e-22
-1.8608380416899642e-20
5.8093629798529144e-21
-2.0090817350384739e-20
-3.945555345898993e-21
-1.0747429210973012e-20
5.629357111175217e-22
-1.039383854851348e-20
-4.1403534931118674e-21
-5.6162573891407534e-21
-1.0172704317929217e-21
-4.9532670361275878e-21
-3.2003938149418066e-21
-2.6439602568377682e-21
-1.1644628745180262e-21
-2.1193683232418349e-21
-2.1420037222926852e-21
-1.0847352510392693e-21
-8.7968136170335709e-22
-7.5874038386947756e-22
-1.3042123200108489e-21
-3.4667482333221726e-22
-5.5524105233354041e-22
-1.7070534932775552e-22
-7.364466094858925e-22
-4.1110054741627967e-23
-3.0976740488170759e-22
4.3676490304178495e-23
-3.8795196833842162e-22
5.8597341926670258e-23
-1.5425925139850469e-22
9.5011303719228166e-23
-1.8999433971860201e-22
7.2308385836208751e-23
-6.7005837773155341e-23
8.5884703426040505e-23
-8.5202003194628011e-23
5.7392493193564634e-23
-2.3166511144922913e-23
6.1477707799343544e-23
-3.3652581380495325e-23
3.8029208499450275e-23
-3.8237300172094363e-24
3.8813758018308899e-23
-1.0428895459770738e-23
2.2423104791616443e-23
3.1079046392722032e-24
2.2403635362752216e-23
-1.202911843284854e-24
1.1986685160019869e-23
4.4857924970607077e-24
1.1972158429374465e-23
1.6867611541349498e-24
5.785093555537131e-24
3.8117659290783412e-24
5.9216908218502569e-24
2.0438536233147381e-24
2.4422477950214571e-24
2.6730556440463829e-24
2.6758245204335002e-24
1.5986974112499191e-24
8.1125371315390595e-25
1.6717920174471914e-24
1.064864947722635e-24
1.0473032824771503e-24
1.1039800469522075e-25
9.5830707169933754e-25
3.3453188097360426e-25
6.1277816534445705e-25
-1.3200991836962688e-25
5.0751530291878185e-25
4.2847917517649982e-26
3.2675063662629672e-25
-1.7424989258761881e-25
2.4706255224898871e-25
-4.9255102986157493e-26
1.5871110140792795e-25
-1.4484211846629887e-25
1.0811864490481303e-25
-6.1313983433545885e-26
6.8737678267930843e-26
-1.0072074990618313e-25
3.9935229589314815e-26
-4.7929223468214488e-26
2.4824290403038651e-26
-6.2876294224276112e-26
9.772645980618603e-27
-3.1102770981802715e-26
5.6780327927887907e-27
-3.6163320760652017e-26
-1.586407738331752e-27
-1.788449447089201e-26
-1.3203067546116411e-27
-1.9331271881840111e-26
-4.541242184564789e-27
-9.2676866888674495e-27
-2.9861728378447854e-27
-9.583980088744502e-27
-4.2739257818497448e-27
-4.2873133583548295e-27
-2.6795072714665609e-27
-4.3433046685448628e-27
-3.1239782400717105e-27
-1.6886809018933328e-27
-1.8843861590260391e-27
-1.7307247456081142e-27
-2.0017452724591624e-27
-4.7435269869628352e-28
-1.1575429278298522e-27
-5.3925702027526039e-28
-1.1703615562109131e-27
1.2559716672935386e-29
-6.4147746465778561e-28
-6.0559983970654092e-29
0
0.059747444554176507
-0.0041210643613408052
-1.8352083557594521
0.49325418092601697
0.0963691570794869
0.236470816695109
-1.1984228626704923
1.0674468183378323
0.37314367645516056
1.3614064222646547
-0.74053644879305824
0.01074922497466293
0.28250767230156087
-0.021771121149498078
-0.41292525810688457
0.56217288046526603
0.25448067705121352
0.4841002877493531
-0.16851067687330026
0.19311344207434644
0.39635329929824242
0.18097882392089978
-0.012530792327940094
0.085714357124978685
0.13101865820279662
0.09555817081390143
-0.018898447929796686
0.027915263537178384
0.14651326518672503
0.058346724989662875
0.013010470217177756
0.010355057347319696
0.075725866163728756
0.011022266474549784
0.0069783498766786854
-0.02288552384511407
0.042024422933693281
0.005317968785637596
0.0014212523714548383
-0.010639033022989876
0.022521388909913547
-0.0015580547588857449
0.0023061117081047437
-0.012730954340721162
0.011242917674979241
-0.0022699122669061285
-0.001533331443018983
-0.0084800030274650509
0.0042586875303192995
-0.0019183137009200428
-0.0009301306265383217
-0.0050991938592865249
0.0018062152336496781
-0.00092676813923403664
-0.0011814061528540878
-0.0032115919760664518
0.00039763506077154759
-0.0006465230604159462
-0.00090055203472048462
-0.0017117553454216255
-9.845075295973671e-05
-0.00012699800968565955
-0.00062110557572984222
-0.00088890245046244979
-0.00015723277417169703
-1.3025969188366021e-05
-0.00038547085501116311
-0.00043089389914454621
-0.00017255813085414407
6.7686840374994828e-05
-0.00023347672565690659
-0.00019274180770885601
-0.00011124013368548513
8.3471849372423063e-05
-0.00012201491988675734
-7.2827541419657655e-05
-6.9473873781246621e-05
6.8243604791144483e-05
-6.1557446305983876e-05
-2.5873695014017669e-05
-3.7776591154395643e-05
5.0972381050356564e-05
-2.7751283831868964e-05
-3.8992397555417269e-06
-1.8661290927582751e-05
3.3969390855644758e-05
-9.8557029835960171e-06
1.6026928191167555e-06
-8.0222227689552978e-06
2.1004865823427627e-05
-2.4239705364722576e-06
2.6452522005620014e-06
-2.9954119167027334e-06
1.221664057937902e-05
7.2983730146624799e-07
2.0248122847436184e-06
-6.522187063378183e-07
6.7593794963956925e-06
1.4855476204992232e-06
1.1387828559141637e-06
1.5037998138190176e-07
3.4620104638540417e-06
1.3867225812916344e-06
5.2499942382170611e-07
3.3165133462172806e-07
1.688861682063415e-06
1.0309555481163013e-06
1.6436591064543579e-07
2.955214060797615e-07
7.4423453344860752e-07
6.8198396230785047e-07
-7.4947836157618397e-09
1.9400847695254393e-07
2.8947024639538011e-07
4.12177081020179e-07
-6.8024968925814428e-08
1.1074256247845898e-07
8.6793232265606579e-08
2.3412506765092525e-07
-7.3628674283473273e-08
5.3244162668691076e-08
6.7196258203694117e-09
1.2445491006278171e-07
-6.0092793403825563e-08
2.0311305961411046e-08
-1.7403903412782151e-08
6.1967442046310948e-08
-4.1686037054264387e-08
3.9111741727066582e-09
-1.963372469526889e-08
2.8732861314858944e-08
-2.6352793330468774e-08
-2.7545956498570196e-09
-1.5106900415157448e-08
1.2022349891308978e-08
-1.5312925062129495e-08
-4.5412888777092322e-09
-9.8464356336055681e-09
4.320260549934639e-09
-8.2247387870785607e-09
-4.1684522293895682e-09
-5.7478454953616881e-09
1.0858834906630221e-09
-4.0571053750632508e-09
-3.1487805439788387e-09
-3.0767569259804124e-09
-6.4885549745163488e-11
-1.7855687871115207e-09
-2.1253444885103225e-09
-1.5012427767811735e-09
-3.4484385093179658e-10
-6.4911367917337525e-10
-1.3217852878646144e-09
-6.5875533908860137e-10
-3.1546133645160986e-10
-1.386985889215528e-10
-7.6975678198262616e-10
-2.4543528403151824e-10
-2.1398781361619432e-10
5.4448350717546573e-11
-4.210170721613232e-10
-6.3601070752117826e-11
-1.2245288351333667e-10
1.0253976034267161e-10
-2.1605090872489324e-10
4.204320612513852e-12
-6.0611474067160741e-11
9.3524616416410817e-11
-1.0296770813985681e-10
2.1767863072137659e-11
-2.5004306577753949e-11
6.8907303795987901e-11
-4.4502989200315416e-11
2.0488983087844926e-11
-7.1163742097386917e-12
4.5128625801806399e-11
-1.6411805351964261e-11
1.4298524458252359e-11
4.6788588957302052e-13
2.7215176333111318e-11
-4.1619723922608066e-12
8.4582605742052401e-12
2.8343722516842902e-12
1.5328600463394974e-11
4.2826471188893408e-13
4.3559355094418801e-12
2.9250322968734857e-12
8.0963663034665387e-12
1.6416874363606312e-12
1.8994220450721252e-12
2.2575499980117238e-12
3.9969952051689342e-12
1.5718529463791501e-12
6.1226585814934281e-13
1.5058985211608874e-12
1.820902483899729e-12
1.149612880831624e-12
3.1071431906172507e-14
9.0745585856255999e-13
7.4219115350524908e-13
7.3313738040345693e-13
-1.7372784894017555e-13
5.0093732842827605e-13
2.491368778399291e-13
4.2497354060445269e-13
-2.0385793055439393e-13
2.5272763155541672e-13
4.7710630217465607e-14
2.2700842035180335e-13
-1.6834034780430121e-13
1.1400036149546357e-13
-1.9968910218066814e-14
1.1165262362379358e-13
-1.1893599985111527e-13
4.3033602499742098e-14
-3.279422093826051e-14
4.976548368424696e-14
-7.6096193229571861e-14
1.0398629640931073e-14
-2.7153459702790294e-14
1.9212341500486357e-14
-4.5092370993630695e-14
-2.3758735041738862e-15
-1.8012016046920787e-14
5.5447483810502171e-15
-2.4955497106884977e-14
-5.853281963553192e-15
-1.0435011131272634e-14
2.5050117353656448e-16
-1.2891214829585068e-14
-5.5781709197810622e-15
-5.3908185379721808e-15
-1.2826388393836956e-15
-6.1541624791924227e-15
-4.186976066533656e-15
-2.4525564865474284e-15
-1.3517328846753986e-15
-2.644300956892356e-15
-2.7729188035765604e-15
-9.2243688058417006e-16
-9.9362305503941524e-16
-9.5333466676638184e-16
-1.6841928144009315e-15
-2.1728575707127239e-16
-6.1448574496903014e-16
-2.1795677762586272e-16
-9.5284097330965601e-16
5.4870598110759078e-17
-3.3407712949614534e-16
5.2864344854958719e-17
-5.0437633841733646e-16
1.2504637075148275e-16
-1.5925956851208577e-16
1.1928831704853238e-16
-2.4882730479053883e-16
1.1542002247446327e-16
-6.3113337104563301e-17
1.089240046012627e-16
-1.1275077349888801e-16
8.3660367509190472e-17
-1.6418058923134041e-17
7.8553281744235843e-17
-4.5258899208977088e-17
5.303445438296097e-17
2.7859379427281335e-18
4.9910967694039135e-17
-1.4512543934907201e-17
3.0400719042399422e-17
8.4167025080386363e-18
2.8966340653276077e-17
-2.0928366914068697e-18
1.5864740142785168e-17
8.2918007661332117e-18
1.5546172304856529e-17
1.930576822815905e-18
7.437057106612508e-18
6.328043656515226e-18
7.7097184977778598e-18
2.5391501019204473e-18
2.9843526673032364e-18
4.2300923904024183e-18
3.4826952068129742e-18
2.0286972738157994e-18
8.6209321821385732e-19
2.5792046534340071e-18
1.3768216860419175e-18
1.3398033900167742e-18
-1.438643094290743e-20
1.4565842579028937e-18
4.2117881603933631e-19
7.8456233240102975e-19
-2.8802554025062645e-19
7.6394713331574078e-19
4.1375774767137848e-20
4.1560304679641576e-19
-3.0638615849027819e-19
3.6901839419150527e-19
-7.5786647168572667e-20
1.9829701926283264e-19
-2.4002953612063552e-19
1.6001230840475851e-19
-8.7916947026110976e-20
8.2439879078984458e-20
-1.6279228289424408e-19
5.8043639366015034e-20
-6.7295624170306829e-20
2.6693961396580729e-20
-1.0042434864083536e-19
1.3229664572901053e-20
-4.3031181555849382e-20
3.2065842698469814e-21
-5.7442835539899611e-20
-3.4286044888780122e-21
-2.4316741283214045e-20
-4.6291900122069505e-21
-3.0648205498735311e-20
-7.5533986456786396e-21
-1.2263610486181123e-20
-5.7846708668966997e-21
-1.5199547177488162e-20
-6.9137186257962604e-21
-5.393969940739005e-21
-4.6487919486787354e-21
-6.9013622587648699e-21
-5.0104331856464989e-21
-1.8880706583112172e-21
-3.1183950969549225e-21
-2.7595116732006163e-21
-3.2021350365104843e-21
-3.1545772641977847e-22
-1.8611176977041645e-21
-8.6559832316097126e-22
-1.8707035527898102e-21
2.5951003737922897e-22
-1.0068815534416691e-21
-1.0104459483592773e-22
-1.0116473872821424e-21
3.7904946600162976e-22
-4.9173295222065619e-22
1.4337469810147075e-22
-5.06304565268197e-22
3.2590598693619818e-22
-2.1003331037184533e-22
1.7577141160506748e-22
-2.3145882101749777e-22
2.3121931321001211e-22
-7.0579073044389814e-23
1.3908667477874296e-22
-9.3175682925730561e-23
1.4628180152662925e-22
-9.7150244131794251e-24
9.2162688857989223e-23
-2.960607146616398e-23
8.4810175845391362e-23
1.1748882734896792e-23
5.4537256715656675e-23
-3.8348886178296735e-24
4.5422619611230975e-23
1.5682490332885697e-23
2.9407557296366704e-23
4.4575868202472534e-24
2.2359160978533477e-23
1.3180632780433197e-23
1.4442710228121441e-23
5.6102294841694489e-24
9.892856008790392e-24
9.2663089913688479e-24
6.3238664006496378e-24
4.4334531708098406e-24
3.6940087370116198e-24
5.8474953628576785e-24
2.3086590074825946e-24
2.9081090867985538e-24
9.1374239918783924e-25
3.3993521515012898e-24
5.3373508252214626e-25
1.6900847274992949e-24
-1.4991553127235057e-25
1.8364708287748104e-24
-1.2542914168810592e-25
8.8506407878684146e-25
-4.336886286259373e-25
9.2006208851947219e-25
-2.866725924330994e-25
4.1372573908124104e-25
-4.1243383794850044e-25
4.2130055284885172e-25
-2.599122053322564e-25
1.6464638793459996e-25
-3.0458787840699175e-25
1.6961102506959522e-25
-1.8466984358455181e-25
4.6723740821583933e-26
-1.971719093372275e-25
5.3386445007250778e-26
-1.1459674985515538e-25
-1.2496918089570709e-27
-1.1645097484298587e-25
6.0559983970654096e-27
-6.4147746465778563e-26


========================================================
Approximation: 
x = 
-0.47786888364370261 - 0.11949488910835301*cos(1t) - 0.0082421287226816103*sin(1t) + 1.8352083557594521*cos(2t) + 0.49325418092601697*sin(2t) - 0.064246104719657929*cos(3t) + 0.15764721113007266*sin(3t) + 0.59921143133524613*cos(4t) + 0.53372340916891614*sin(4t) - 0.14925747058206421*cos(5t) + 0.54456256890586197*sin(5t) + 0.24684548293101943*cos(6t) + 0.0035830749915543103*sin(6t) - 0.080716477800445968*cos(7t) - 0.0062203203284280232*sin(7t) + 0.10323131452672114*cos(8t) + 0.14054322011631651*sin(8t) - 0.056551261566936337*cos(9t) + 0.10757784172207847*sin(9t) + 0.033702135374660054*cos(10t) + 0.038622688414869294*sin(10t) - 0.072064236236044077*cos(11t) + 0.032905240712890867*sin(11t) + 0.0020884653879900158*cos(12t) + 0.014285726187496448*sin(12t) - 0.020156716646584093*cos(13t) + 0.014701257048292529*sin(13t) + 0.0026997782756852406*cos(14t) + 0.0039878947910254835*sin(14t) - 0.01953510202489667*cos(15t) + 0.00777956333195505*sin(15t) - 0.0016263087771472195*cos(16t) + 0.0012943821684149621*sin(16t) - 0.0089089254310269119*cos(17t) + 0.0012967372322999747*sin(17t) - 0.00077537220851985403*cos(18t) - 0.0025428359827904521*sin(18t) - 0.0044236234667045559*cos(19t) + 0.0005597861879618523*sin(19t) - 0.00014212523714548383*cos(20t) - 0.0010639033022989876*sin(20t) - 0.0021448941818965283*cos(21t) - 0.00014838616751292809*sin(21t) - 0.00020964651891861304*cos(22t) - 0.0011573594855201058*sin(22t) - 0.00097764501521558625*cos(23t) - 0.00019738367538314162*sin(23t) + 0.00012777762025158193*cos(24t) - 0.00070666691895542098*sin(24t) - 0.00034069500242554394*cos(25t) - 0.00015346509607360343*sin(25t) + 7.1548509733717055e-05*cos(26t) - 0.00039224568148357882*sin(26t) - 0.00013379372101108726*cos(27t) - 6.8649491795113828e-05*sin(27t) + 8.4386153775291994e-05*cos(28t) - 0.0002293994268618894*sin(28t) - 2.7423107639417072e-05*cos(29t) - 4.458779727006526e-05*sin(29t) + 6.0036802314698971e-05*cos(30t) - 0.00011411702302810837*sin(30t) + 6.3516614812733367e-06*cos(31t) - 8.1934199797199695e-06*sin(31t) + 3.8819098483115138e-05*cos(32t) - 5.5556403153903112e-05*sin(32t) + 9.5292590407089099e-06*cos(33t) - 7.894526780827892e-07*sin(33t) + 2.2674756177127242e-05*cos(34t) - 2.5346699949679188e-05*sin(34t) + 9.860464620236804e-06*cos(35t) + 3.8678194499997049e-06*sin(35t) + 1.2970929203161477e-05*cos(36t) - 1.0707878206047555e-05*sin(36t) + 6.012980199215412e-06*cos(37t) + 4.511991857968814e-06*sin(37t) + 6.4218378887767024e-06*cos(38t) - 3.8330284957714557e-06*sin(38t) + 3.5627627580126469e-06*cos(39t) + 3.4996720405715121e-06*sin(39t) + 3.0778723152991939e-06*cos(40t) - 1.2936847507008835e-06*sin(40t) + 1.8427605441168609e-06*cos(41t) + 2.4864576122125153e-06*sin(41t) + 1.3214897062794744e-06*cos(42t) - 1.8567808359722508e-07*sin(42t) + 8.6796701988756982e-07*cos(43t) + 1.5799716677044071e-06*sin(43t) + 4.479864992543644e-07*cos(44t) + 7.2849673596216167e-08*sin(44t) + 3.5654323417579107e-07*cos(45t) + 9.3354959215233903e-07*sin(45t) + 1.0539002332488075e-07*cos(46t) + 1.1501096524182614e-07*sin(46t) + 1.2746433688096737e-07*cos(47t) + 5.1985704593102211e-07*sin(47t) - 3.0409887561093669e-08*cos(48t) + 8.4367178530984111e-08*sin(48t) + 2.6621171687257886e-08*cos(49t) + 2.7589304066921191e-07*sin(49t) - 5.9421904819968931e-08*cos(50t) + 4.5551314236566544e-08*sin(50t) - 5.8972541718392843e-09*cos(51t) + 1.3576511622957025e-07*sin(51t) - 5.333548389583209e-08*cos(52t) + 2.0192285531604083e-08*sin(52t) - 1.2515144702706718e-08*cos(53t) + 6.3730629511826972e-08*sin(53t) - 3.818353881912227e-08*cos(54t) + 6.087626320201326e-09*sin(54t) - 1.0746232948354964e-08*cos(55t) + 2.7063073943585726e-08*sin(55t) - 2.4356570082423234e-08*cos(56t) - 2.6767084342006565e-10*sin(56t) - 6.8073149807910154e-09*cos(57t) + 1.0156850750715092e-08*sin(57t) - 1.4213002793799276e-08*cos(58t) - 2.3456885836487734e-09*sin(58t) - 3.753985168761321e-09*cos(59t) + 2.9421434666307311e-09*sin(59t) - 7.8041689216975091e-09*cos(60t) - 2.4542891427824425e-09*sin(60t) - 1.7457102514324943e-09*cos(61t) + 2.2031560066784956e-10*sin(61t) - 4.0146745181542491e-09*cos(62t) - 1.938477206575018e-09*sin(62t) - 6.4480336385431896e-10*cos(63t) - 5.5250487024705236e-10*sin(63t) - 1.9364825639472171e-09*cos(64t) - 1.3026886579457621e-09*sin(64t) - 1.203438206986664e-10*cos(65t) - 6.0411460600827354e-10*sin(65t) - 8.7069276711693772e-10*cos(66t) - 7.9856949486269018e-10*sin(66t) + 8.2226735816627435e-11*cos(67t) - 4.5095225119872975e-10*sin(67t) - 3.5359852621496996e-10*cos(68t) - 4.503801488861616e-10*sin(68t) + 1.3163156167273134e-10*cos(69t) - 2.8540393140885707e-10*sin(69t) - 1.2343601571241827e-10*cos(70t) - 2.3499253677367314e-10*sin(70t) + 1.1742118956026952e-10*cos(71t) - 1.6191114071441374e-10*sin(71t) - 3.0163430296195055e-11*cos(72t) - 1.1269737152953475e-10*sin(72t) + 8.6267960109009288e-11*cos(73t) - 8.4294710300833212e-11*sin(73t) + 1.7536635066260405e-12*cos(74t) - 4.8258615867878938e-11*sin(74t) + 5.6675853026941927e-11*cos(75t) - 4.0033140714164631e-11*sin(75t) + 9.0748381824156995e-12*cos(76t) - 1.7081938925615139e-11*sin(76t) + 3.4332085399080894e-11*cos(77t) - 1.7110528288015621e-11*sin(77t) + 8.0887522167079464e-12*cos(78t) - 3.5563740749116105e-12*sin(78t) + 1.9487513467914589e-11*cos(79t) - 6.2135514944688165e-12*sin(79t) + 5.3496953404048582e-12*cos(80t) + 1.3612087679386644e-12*sin(80t) + 1.0395483263242547e-11*cos(81t) - 1.570396808694267e-12*sin(81t) + 2.9866556954472359e-12*cos(82t) + 2.5009697644554051e-12*sin(82t) + 5.2060459933709214e-12*cos(83t) + 1.0130893042202054e-13*sin(83t) + 1.4431303349323984e-12*cos(84t) + 2.2267765813431149e-12*sin(84t) + 2.4227696032907482e-12*cos(85t) + 5.1218501346206256e-13*sin(85t) + 5.8149550180823138e-13*cos(86t) + 1.6024954371159976e-12*sin(86t) + 1.0230572229957566e-12*cos(87t) + 4.7101110546769955e-13*sin(87t) + 1.6173577749406118e-13*cos(88t) + 1.025650586404691e-12*sin(88t) + 3.6880461465088234e-13*cos(89t) + 3.2131515636522157e-13*sin(89t) - 1.0397464212733789e-14*cos(90t) + 6.0478169629136263e-13*sin(90t) + 9.1471920709028707e-14*cos(91t) + 1.8589583679571954e-13*sin(91t) - 6.1616788080093266e-14*cos(92t) + 3.3323044485641247e-13*sin(92t) - 9.209993804063098e-15*cos(93t) + 9.3676032461115711e-14*sin(93t) - 6.2234729720712465e-14*cos(94t) + 1.7226311283971359e-13*sin(94t) - 3.4561840765486972e-14*cos(95t) + 3.9987832527834223e-14*sin(95t) - 4.7032291625244243e-14*cos(96t) + 8.3270733441019463e-14*sin(96t) - 3.240933910060103e-14*cos(97t) + 1.2624038312357584e-14*sin(97t) - 3.0732622880834438e-14*cos(98t) + 3.7161275181627127e-14*sin(98t) - 2.322450264306311e-14*cos(99t) + 6.2770569507419216e-16*sin(99t) - 1.81491171712512e-14*cos(100t) + 1.4843823070104983e-14*sin(100t) - 1.4517571889177364e-14*cos(101t) - 3.4401554245579321e-15*sin(101t) - 9.8223005574171781e-15*cos(102t) + 4.885036820390767e-15*sin(102t) - 8.2519134097951981e-15*cos(103t) - 3.9584064185319206e-15*sin(103t) - 4.8601467606810904e-15*cos(104t) + 9.1751211956664617e-16*sin(104t) - 4.3239699114629212e-15*cos(105t) - 3.206482815320023e-15*sin(105t) - 2.1509502168955388e-15*cos(106t) - 3.76771890906921e-16*sin(106t) - 2.0869649275475433e-15*cos(107t) - 2.2231028009554258e-15*sin(107t) - 7.9691856481003894e-16*cos(108t) - 6.0730038774556496e-16*sin(108t) - 9.1312814099535713e-16*cos(109t) - 1.3962604262306763e-15*sin(109t) - 1.8906599347147404e-16*cos(110t) - 4.9369926732345988e-16*sin(110t) - 3.4616831532407848e-16*cos(111t) - 8.1247515303839089e-16*sin(111t) + 4.2426312574533684e-17*cos(112t) - 3.2164314369501404e-16*sin(112t) - 9.8137139487614468e-17*cos(113t) - 4.4169021428115005e-16*sin(113t) + 1.0268915725531916e-16*cos(114t) - 1.8307037072408129e-16*sin(114t) - 4.3565421484619917e-18*cos(115t) - 2.2419504051452292e-16*sin(115t) + 9.6175360685880391e-17*cos(116t) - 9.2945147206416907e-17*sin(116t) + 2.1925450245875143e-17*cos(117t) - 1.0519935861867388e-16*sin(117t) + 7.0965696042943323e-17*cos(118t) - 4.1568754009278451e-17*sin(118t) + 2.2718199742443675e-17*cos(119t) - 4.4442032888947159e-17*sin(119t) + 4.6215313392942672e-17*cos(120t) - 1.5373948009736167e-17*sin(120t) + 1.6423521570899429e-17*cos(121t) - 1.5757597797791436e-17*sin(121t) + 2.760971826886773e-17*cos(122t) - 3.5620615913323342e-18*sin(122t) + 9.9916381295777253e-18*cos(123t) - 3.5440126443229707e-18*sin(123t) + 1.5368402795317033e-17*cos(124t) + 8.8500964694772704e-19*sin(124t) + 5.3452340719383254e-18*cos(125t) + 8.4582951767933951e-19*sin(125t) + 8.0059736256720074e-18*cos(126t) + 1.9848630278013134e-18*sin(126t) + 2.5080247009777289e-18*cos(127t) + 1.8785561739926358e-18*sin(127t) + 3.8879266373521692e-18*cos(128t) + 1.8034378511634886e-18*sin(128t) + 9.7850135045834593e-19*cos(129t) + 1.6887442573839176e-18*sin(129t) + 1.7346272845982772e-18*cos(130t) + 1.2870825770644687e-18*sin(130t) + 2.5065738813945102e-19*cos(131t) + 1.1992867441868067e-18*sin(131t) + 6.8574089710571337e-19*cos(132t) + 8.0355233913577231e-19*sin(132t) - 4.1893803650047121e-20*cos(133t) + 7.5054086757953584e-19*sin(133t) + 2.166051333568239e-19*cos(134t) + 4.5374207525969285e-19*sin(134t) - 1.2469188900797979e-19*cos(135t) + 4.2913097264112714e-19*sin(135t) + 3.0777010167748082e-20*cos(136t) + 2.3330500209978187e-19*sin(136t) - 1.2104818636690819e-19*cos(137t) + 2.2695142050885438e-19*sin(137t) - 2.7979374243708769e-20*cos(138t) + 1.0778343632771752e-19*sin(138t) - 9.1050987863528428e-20*cos(139t) + 1.1093120140687566e-19*sin(139t) - 3.6273572884577816e-20*cos(140t) + 4.2633609532903378e-20*sin(140t) - 6.0001310502161961e-20*cos(141t) + 4.9399932011531558e-20*sin(141t) - 2.8573201039659145e-20*cos(142t) + 1.2142158003012074e-20*sin(142t) - 3.6072792355720384e-20*cos(143t) + 1.9256247357229615e-20*sin(143t) - 1.8608380416899642e-20*cos(144t) - 1.9981154087371428e-22*sin(144t) - 2.0090817350384739e-20*cos(145t) + 5.8093629798529144e-21*sin(145t) - 1.0747429210973012e-20*cos(146t) - 3.945555345898993e-21*sin(146t) - 1.039383854851348e-20*cos(147t) + 5.629357111175217e-22*sin(147t) - 5.6162573891407534e-21*cos(148t) - 4.1403534931118674e-21*sin(148t) - 4.9532670361275878e-21*cos(149t) - 1.0172704317929217e-21*sin(149t) - 2.6439602568377682e-21*cos(150t) - 3.2003938149418066e-21*sin(150t) - 2.1193683232418349e-21*cos(151t) - 1.1644628745180262e-21*sin(151t) - 1.0847352510392693e-21*cos(152t) - 2.1420037222926852e-21*sin(152t) - 7.5874038386947756e-22*cos(153t) - 8.7968136170335709e-22*sin(153t) - 3.4667482333221726e-22*cos(154t) - 1.3042123200108489e-21*sin(154t) - 1.7070534932775552e-22*cos(155t) - 5.5524105233354041e-22*sin(155t) - 4.1110054741627967e-23*cos(156t) - 7.364466094858925e-22*sin(156t) + 4.3676490304178495e-23*cos(157t) - 3.0976740488170759e-22*sin(157t) + 5.8597341926670258e-23*cos(158t) - 3.8795196833842162e-22*sin(158t) + 9.5011303719228166e-23*cos(159t) - 1.5425925139850469e-22*sin(159t) + 7.2308385836208751e-23*cos(160t) - 1.8999433971860201e-22*sin(160t) + 8.5884703426040505e-23*cos(161t) - 6.7005837773155341e-23*sin(161t) + 5.7392493193564634e-23*cos(162t) - 8.5202003194628011e-23*sin(162t) + 6.1477707799343544e-23*cos(163t) - 2.3166511144922913e-23*sin(163t) + 3.8029208499450275e-23*cos(164t) - 3.3652581380495325e-23*sin(164t) + 3.8813758018308899e-23*cos(165t) - 3.8237300172094363e-24*sin(165t) + 2.2423104791616443e-23*cos(166t) - 1.0428895459770738e-23*sin(166t) + 2.2403635362752216e-23*cos(167t) + 3.1079046392722032e-24*sin(167t) + 1.1986685160019869e-23*cos(168t) - 1.202911843284854e-24*sin(168t) + 1.1972158429374465e-23*cos(169t) + 4.4857924970607077e-24*sin(169t) + 5.785093555537131e-24*cos(170t) + 1.6867611541349498e-24*sin(170t) + 5.9216908218502569e-24*cos(171t) + 3.8117659290783412e-24*sin(171t) + 2.4422477950214571e-24*cos(172t) + 2.0438536233147381e-24*sin(172t) + 2.6758245204335002e-24*cos(173t) + 2.6730556440463829e-24*sin(173t) + 8.1125371315390595e-25*cos(174t) + 1.5986974112499191e-24*sin(174t) + 1.064864947722635e-24*cos(175t) + 1.6717920174471914e-24*sin(175t) + 1.1039800469522075e-25*cos(176t) + 1.0473032824771503e-24*sin(176t) + 3.3453188097360426e-25*cos(177t) + 9.5830707169933754e-25*sin(177t) - 1.3200991836962688e-25*cos(178t) + 6.1277816534445705e-25*sin(178t) + 4.2847917517649982e-26*cos(179t) + 5.0751530291878185e-25*sin(179t) - 1.7424989258761881e-25*cos(180t) + 3.2675063662629672e-25*sin(180t) - 4.9255102986157493e-26*cos(181t) + 2.4706255224898871e-25*sin(181t) - 1.4484211846629887e-25*cos(182t) + 1.5871110140792795e-25*sin(182t) - 6.1313983433545885e-26*cos(183t) + 1.0811864490481303e-25*sin(183t) - 1.0072074990618313e-25*cos(184t) + 6.8737678267930843e-26*sin(184t) - 4.7929223468214488e-26*cos(185t) + 3.9935229589314815e-26*sin(185t) - 6.2876294224276112e-26*cos(186t) + 2.4824290403038651e-26*sin(186t) - 3.1102770981802715e-26*cos(187t) + 9.772645980618603e-27*sin(187t) - 3.6163320760652017e-26*cos(188t) + 5.6780327927887907e-27*sin(188t) - 1.788449447089201e-26*cos(189t) - 1.586407738331752e-27*sin(189t) - 1.9331271881840111e-26*cos(190t) - 1.3203067546116411e-27*sin(190t) - 9.2676866888674495e-27*cos(191t) - 4.541242184564789e-27*sin(191t) - 9.583980088744502e-27*cos(192t) - 2.9861728378447854e-27*sin(192t) - 4.2873133583548295e-27*cos(193t) - 4.2739257818497448e-27*sin(193t) - 4.3433046685448628e-27*cos(194t) - 2.6795072714665609e-27*sin(194t) - 1.6886809018933328e-27*cos(195t) - 3.1239782400717105e-27*sin(195t) - 1.7307247456081142e-27*cos(196t) - 1.8843861590260391e-27*sin(196t) - 4.7435269869628352e-28*cos(197t) - 2.0017452724591624e-27*sin(197t) - 5.3925702027526039e-28*cos(198t) - 1.1575429278298522e-27*sin(198t) + 1.2559716672935386e-29*cos(199t) - 1.1703615562109131e-27*sin(199t) - 6.0559983970654092e-29*cos(200t) - 6.4147746465778561e-28*sin(200t)


y = 
0 - 0.0041210643613408052*cos(1t) + 0.059747444554176507*sin(1t) + 0.49325418092601697*cos(2t) - 1.8352083557594521*sin(2t) + 0.236470816695109*cos(3t) + 0.0963691570794869*sin(3t) + 1.0674468183378323*cos(4t) - 1.1984228626704923*sin(4t) + 1.3614064222646547*cos(5t) + 0.37314367645516056*sin(5t) + 0.01074922497466293*cos(6t) - 0.74053644879305824*sin(6t) - 0.021771121149498078*cos(7t) + 0.28250767230156087*sin(7t) + 0.56217288046526603*cos(8t) - 0.41292525810688457*sin(8t) + 0.4841002877493531*cos(9t) + 0.25448067705121352*sin(9t) + 0.19311344207434644*cos(10t) - 0.16851067687330026*sin(10t) + 0.18097882392089978*cos(11t) + 0.39635329929824242*sin(11t) + 0.085714357124978685*cos(12t) - 0.012530792327940094*sin(12t) + 0.09555817081390143*cos(13t) + 0.13101865820279662*sin(13t) + 0.027915263537178384*cos(14t) - 0.018898447929796686*sin(14t) + 0.058346724989662875*cos(15t) + 0.14651326518672503*sin(15t) + 0.010355057347319696*cos(16t) + 0.013010470217177756*sin(16t) + 0.011022266474549784*cos(17t) + 0.075725866163728756*sin(17t) - 0.02288552384511407*cos(18t) + 0.0069783498766786854*sin(18t) + 0.005317968785637596*cos(19t) + 0.042024422933693281*sin(19t) - 0.010639033022989876*cos(20t) + 0.0014212523714548383*sin(20t) - 0.0015580547588857449*cos(21t) + 0.022521388909913547*sin(21t) - 0.012730954340721162*cos(22t) + 0.0023061117081047437*sin(22t) - 0.0022699122669061285*cos(23t) + 0.011242917674979241*sin(23t) - 0.0084800030274650509*cos(24t) - 0.001533331443018983*sin(24t) - 0.0019183137009200428*cos(25t) + 0.0042586875303192995*sin(25t) - 0.0050991938592865249*cos(26t) - 0.0009301306265383217*sin(26t) - 0.00092676813923403664*cos(27t) + 0.0018062152336496781*sin(27t) - 0.0032115919760664518*cos(28t) - 0.0011814061528540878*sin(28t) - 0.0006465230604159462*cos(29t) + 0.00039763506077154759*sin(29t) - 0.0017117553454216255*cos(30t) - 0.00090055203472048462*sin(30t) - 0.00012699800968565955*cos(31t) - 9.845075295973671e-05*sin(31t) - 0.00088890245046244979*cos(32t) - 0.00062110557572984222*sin(32t) - 1.3025969188366021e-05*cos(33t) - 0.00015723277417169703*sin(33t) - 0.00043089389914454621*cos(34t) - 0.00038547085501116311*sin(34t) + 6.7686840374994828e-05*cos(35t) - 0.00017255813085414407*sin(35t) - 0.00019274180770885601*cos(36t) - 0.00023347672565690659*sin(36t) + 8.3471849372423063e-05*cos(37t) - 0.00011124013368548513*sin(37t) - 7.2827541419657655e-05*cos(38t) - 0.00012201491988675734*sin(38t) + 6.8243604791144483e-05*cos(39t) - 6.9473873781246621e-05*sin(39t) - 2.5873695014017669e-05*cos(40t) - 6.1557446305983876e-05*sin(40t) + 5.0972381050356564e-05*cos(41t) - 3.7776591154395643e-05*sin(41t) - 3.8992397555417269e-06*cos(42t) - 2.7751283831868964e-05*sin(42t) + 3.3969390855644758e-05*cos(43t) - 1.8661290927582751e-05*sin(43t) + 1.6026928191167555e-06*cos(44t) - 9.8557029835960171e-06*sin(44t) + 2.1004865823427627e-05*cos(45t) - 8.0222227689552978e-06*sin(45t) + 2.6452522005620014e-06*cos(46t) - 2.4239705364722576e-06*sin(46t) + 1.221664057937902e-05*cos(47t) - 2.9954119167027334e-06*sin(47t) + 2.0248122847436184e-06*cos(48t) + 7.2983730146624799e-07*sin(48t) + 6.7593794963956925e-06*cos(49t) - 6.522187063378183e-07*sin(49t) + 1.1387828559141637e-06*cos(50t) + 1.4855476204992232e-06*sin(50t) + 3.4620104638540417e-06*cos(51t) + 1.5037998138190176e-07*sin(51t) + 5.2499942382170611e-07*cos(52t) + 1.3867225812916344e-06*sin(52t) + 1.688861682063415e-06*cos(53t) + 3.3165133462172806e-07*sin(53t) + 1.6436591064543579e-07*cos(54t) + 1.0309555481163013e-06*sin(54t) + 7.4423453344860752e-07*cos(55t) + 2.955214060797615e-07*sin(55t) - 7.4947836157618397e-09*cos(56t) + 6.8198396230785047e-07*sin(56t) + 2.8947024639538011e-07*cos(57t) + 1.9400847695254393e-07*sin(57t) - 6.8024968925814428e-08*cos(58t) + 4.12177081020179e-07*sin(58t) + 8.6793232265606579e-08*cos(59t) + 1.1074256247845898e-07*sin(59t) - 7.3628674283473273e-08*cos(60t) + 2.3412506765092525e-07*sin(60t) + 6.7196258203694117e-09*cos(61t) + 5.3244162668691076e-08*sin(61t) - 6.0092793403825563e-08*cos(62t) + 1.2445491006278171e-07*sin(62t) - 1.7403903412782151e-08*cos(63t) + 2.0311305961411046e-08*sin(63t) - 4.1686037054264387e-08*cos(64t) + 6.1967442046310948e-08*sin(64t) - 1.963372469526889e-08*cos(65t) + 3.9111741727066582e-09*sin(65t) - 2.6352793330468774e-08*cos(66t) + 2.8732861314858944e-08*sin(66t) - 1.5106900415157448e-08*cos(67t) - 2.7545956498570196e-09*sin(67t) - 1.5312925062129495e-08*cos(68t) + 1.2022349891308978e-08*sin(68t) - 9.8464356336055681e-09*cos(69t) - 4.5412888777092322e-09*sin(69t) - 8.2247387870785607e-09*cos(70t) + 4.320260549934639e-09*sin(70t) - 5.7478454953616881e-09*cos(71t) - 4.1684522293895682e-09*sin(71t) - 4.0571053750632508e-09*cos(72t) + 1.0858834906630221e-09*sin(72t) - 3.0767569259804124e-09*cos(73t) - 3.1487805439788387e-09*sin(73t) - 1.7855687871115207e-09*cos(74t) - 6.4885549745163488e-11*sin(74t) - 1.5012427767811735e-09*cos(75t) - 2.1253444885103225e-09*sin(75t) - 6.4911367917337525e-10*cos(76t) - 3.4484385093179658e-10*sin(76t) - 6.5875533908860137e-10*cos(77t) - 1.3217852878646144e-09*sin(77t) - 1.386985889215528e-10*cos(78t) - 3.1546133645160986e-10*sin(78t) - 2.4543528403151824e-10*cos(79t) - 7.6975678198262616e-10*sin(79t) + 5.4448350717546573e-11*cos(80t) - 2.1398781361619432e-10*sin(80t) - 6.3601070752117826e-11*cos(81t) - 4.210170721613232e-10*sin(81t) + 1.0253976034267161e-10*cos(82t) - 1.2245288351333667e-10*sin(82t) + 4.204320612513852e-12*cos(83t) - 2.1605090872489324e-10*sin(83t) + 9.3524616416410817e-11*cos(84t) - 6.0611474067160741e-11*sin(84t) + 2.1767863072137659e-11*cos(85t) - 1.0296770813985681e-10*sin(85t) + 6.8907303795987901e-11*cos(86t) - 2.5004306577753949e-11*sin(86t) + 2.0488983087844926e-11*cos(87t) - 4.4502989200315416e-11*sin(87t) + 4.5128625801806399e-11*cos(88t) - 7.1163742097386917e-12*sin(88t) + 1.4298524458252359e-11*cos(89t) - 1.6411805351964261e-11*sin(89t) + 2.7215176333111318e-11*cos(90t) + 4.6788588957302052e-13*sin(90t) + 8.4582605742052401e-12*cos(91t) - 4.1619723922608066e-12*sin(91t) + 1.5328600463394974e-11*cos(92t) + 2.8343722516842902e-12*sin(92t) + 4.3559355094418801e-12*cos(93t) + 4.2826471188893408e-13*sin(93t) + 8.0963663034665387e-12*cos(94t) + 2.9250322968734857e-12*sin(94t) + 1.8994220450721252e-12*cos(95t) + 1.6416874363606312e-12*sin(95t) + 3.9969952051689342e-12*cos(96t) + 2.2575499980117238e-12*sin(96t) + 6.1226585814934281e-13*cos(97t) + 1.5718529463791501e-12*sin(97t) + 1.820902483899729e-12*cos(98t) + 1.5058985211608874e-12*sin(98t) + 3.1071431906172507e-14*cos(99t) + 1.149612880831624e-12*sin(99t) + 7.4219115350524908e-13*cos(100t) + 9.0745585856255999e-13*sin(100t) - 1.7372784894017555e-13*cos(101t) + 7.3313738040345693e-13*sin(101t) + 2.491368778399291e-13*cos(102t) + 5.0093732842827605e-13*sin(102t) - 2.0385793055439393e-13*cos(103t) + 4.2497354060445269e-13*sin(103t) + 4.7710630217465607e-14*cos(104t) + 2.5272763155541672e-13*sin(104t) - 1.6834034780430121e-13*cos(105t) + 2.2700842035180335e-13*sin(105t) - 1.9968910218066814e-14*cos(106t) + 1.1400036149546357e-13*sin(106t) - 1.1893599985111527e-13*cos(107t) + 1.1165262362379358e-13*sin(107t) - 3.279422093826051e-14*cos(108t) + 4.3033602499742098e-14*sin(108t) - 7.6096193229571861e-14*cos(109t) + 4.976548368424696e-14*sin(109t) - 2.7153459702790294e-14*cos(110t) + 1.0398629640931073e-14*sin(110t) - 4.5092370993630695e-14*cos(111t) + 1.9212341500486357e-14*sin(111t) - 1.8012016046920787e-14*cos(112t) - 2.3758735041738862e-15*sin(112t) - 2.4955497106884977e-14*cos(113t) + 5.5447483810502171e-15*sin(113t) - 1.0435011131272634e-14*cos(114t) - 5.853281963553192e-15*sin(114t) - 1.2891214829585068e-14*cos(115t) + 2.5050117353656448e-16*sin(115t) - 5.3908185379721808e-15*cos(116t) - 5.5781709197810622e-15*sin(116t) - 6.1541624791924227e-15*cos(117t) - 1.2826388393836956e-15*sin(117t) - 2.4525564865474284e-15*cos(118t) - 4.186976066533656e-15*sin(118t) - 2.644300956892356e-15*cos(119t) - 1.3517328846753986e-15*sin(119t) - 9.2243688058417006e-16*cos(120t) - 2.7729188035765604e-15*sin(120t) - 9.5333466676638184e-16*cos(121t) - 9.9362305503941524e-16*sin(121t) - 2.1728575707127239e-16*cos(122t) - 1.6841928144009315e-15*sin(122t) - 2.1795677762586272e-16*cos(123t) - 6.1448574496903014e-16*sin(123t) + 5.4870598110759078e-17*cos(124t) - 9.5284097330965601e-16*sin(124t) + 5.2864344854958719e-17*cos(125t) - 3.3407712949614534e-16*sin(125t) + 1.2504637075148275e-16*cos(126t) - 5.0437633841733646e-16*sin(126t) + 1.1928831704853238e-16*cos(127t) - 1.5925956851208577e-16*sin(127t) + 1.1542002247446327e-16*cos(128t) - 2.4882730479053883e-16*sin(128t) + 1.089240046012627e-16*cos(129t) - 6.3113337104563301e-17*sin(129t) + 8.3660367509190472e-17*cos(130t) - 1.1275077349888801e-16*sin(130t) + 7.8553281744235843e-17*cos(131t) - 1.6418058923134041e-17*sin(131t) + 5.303445438296097e-17*cos(132t) - 4.5258899208977088e-17*sin(132t) + 4.9910967694039135e-17*cos(133t) + 2.7859379427281335e-18*sin(133t) + 3.0400719042399422e-17*cos(134t) - 1.4512543934907201e-17*sin(134t) + 2.8966340653276077e-17*cos(135t) + 8.4167025080386363e-18*sin(135t) + 1.5864740142785168e-17*cos(136t) - 2.0928366914068697e-18*sin(136t) + 1.5546172304856529e-17*cos(137t) + 8.2918007661332117e-18*sin(137t) + 7.437057106612508e-18*cos(138t) + 1.930576822815905e-18*sin(138t) + 7.7097184977778598e-18*cos(139t) + 6.328043656515226e-18*sin(139t) + 2.9843526673032364e-18*cos(140t) + 2.5391501019204473e-18*sin(140t) + 3.4826952068129742e-18*cos(141t) + 4.2300923904024183e-18*sin(141t) + 8.6209321821385732e-19*cos(142t) + 2.0286972738157994e-18*sin(142t) + 1.3768216860419175e-18*cos(143t) + 2.5792046534340071e-18*sin(143t) - 1.438643094290743e-20*cos(144t) + 1.3398033900167742e-18*sin(144t) + 4.2117881603933631e-19*cos(145t) + 1.4565842579028937e-18*sin(145t) - 2.8802554025062645e-19*cos(146t) + 7.8456233240102975e-19*sin(146t) + 4.1375774767137848e-20*cos(147t) + 7.6394713331574078e-19*sin(147t) - 3.0638615849027819e-19*cos(148t) + 4.1560304679641576e-19*sin(148t) - 7.5786647168572667e-20*cos(149t) + 3.6901839419150527e-19*sin(149t) - 2.4002953612063552e-19*cos(150t) + 1.9829701926283264e-19*sin(150t) - 8.7916947026110976e-20*cos(151t) + 1.6001230840475851e-19*sin(151t) - 1.6279228289424408e-19*cos(152t) + 8.2439879078984458e-20*sin(152t) - 6.7295624170306829e-20*cos(153t) + 5.8043639366015034e-20*sin(153t) - 1.0042434864083536e-19*cos(154t) + 2.6693961396580729e-20*sin(154t) - 4.3031181555849382e-20*cos(155t) + 1.3229664572901053e-20*sin(155t) - 5.7442835539899611e-20*cos(156t) + 3.2065842698469814e-21*sin(156t) - 2.4316741283214045e-20*cos(157t) - 3.4286044888780122e-21*sin(157t) - 3.0648205498735311e-20*cos(158t) - 4.6291900122069505e-21*sin(158t) - 1.2263610486181123e-20*cos(159t) - 7.5533986456786396e-21*sin(159t) - 1.5199547177488162e-20*cos(160t) - 5.7846708668966997e-21*sin(160t) - 5.393969940739005e-21*cos(161t) - 6.9137186257962604e-21*sin(161t) - 6.9013622587648699e-21*cos(162t) - 4.6487919486787354e-21*sin(162t) - 1.8880706583112172e-21*cos(163t) - 5.0104331856464989e-21*sin(163t) - 2.7595116732006163e-21*cos(164t) - 3.1183950969549225e-21*sin(164t) - 3.1545772641977847e-22*cos(165t) - 3.2021350365104843e-21*sin(165t) - 8.6559832316097126e-22*cos(166t) - 1.8611176977041645e-21*sin(166t) + 2.5951003737922897e-22*cos(167t) - 1.8707035527898102e-21*sin(167t) - 1.0104459483592773e-22*cos(168t) - 1.0068815534416691e-21*sin(168t) + 3.7904946600162976e-22*cos(169t) - 1.0116473872821424e-21*sin(169t) + 1.4337469810147075e-22*cos(170t) - 4.9173295222065619e-22*sin(170t) + 3.2590598693619818e-22*cos(171t) - 5.06304565268197e-22*sin(171t) + 1.7577141160506748e-22*cos(172t) - 2.1003331037184533e-22*sin(172t) + 2.3121931321001211e-22*cos(173t) - 2.3145882101749777e-22*sin(173t) + 1.3908667477874296e-22*cos(174t) - 7.0579073044389814e-23*sin(174t) + 1.4628180152662925e-22*cos(175t) - 9.3175682925730561e-23*sin(175t) + 9.2162688857989223e-23*cos(176t) - 9.7150244131794251e-24*sin(176t) + 8.4810175845391362e-23*cos(177t) - 2.960607146616398e-23*sin(177t) + 5.4537256715656675e-23*cos(178t) + 1.1748882734896792e-23*sin(178t) + 4.5422619611230975e-23*cos(179t) - 3.8348886178296735e-24*sin(179t) + 2.9407557296366704e-23*cos(180t) + 1.5682490332885697e-23*sin(180t) + 2.2359160978533477e-23*cos(181t) + 4.4575868202472534e-24*sin(181t) + 1.4442710228121441e-23*cos(182t) + 1.3180632780433197e-23*sin(182t) + 9.892856008790392e-24*cos(183t) + 5.6102294841694489e-24*sin(183t) + 6.3238664006496378e-24*cos(184t) + 9.2663089913688479e-24*sin(184t) + 3.6940087370116198e-24*cos(185t) + 4.4334531708098406e-24*sin(185t) + 2.3086590074825946e-24*cos(186t) + 5.8474953628576785e-24*sin(186t) + 9.1374239918783924e-25*cos(187t) + 2.9081090867985538e-24*sin(187t) + 5.3373508252214626e-25*cos(188t) + 3.3993521515012898e-24*sin(188t) - 1.4991553127235057e-25*cos(189t) + 1.6900847274992949e-24*sin(189t) - 1.2542914168810592e-25*cos(190t) + 1.8364708287748104e-24*sin(190t) - 4.336886286259373e-25*cos(191t) + 8.8506407878684146e-25*sin(191t) - 2.866725924330994e-25*cos(192t) + 9.2006208851947219e-25*sin(192t) - 4.1243383794850044e-25*cos(193t) + 4.1372573908124104e-25*sin(193t) - 2.599122053322564e-25*cos(194t) + 4.2130055284885172e-25*sin(194t) - 3.0458787840699175e-25*cos(195t) + 1.6464638793459996e-25*sin(195t) - 1.8466984358455181e-25*cos(196t) + 1.6961102506959522e-25*sin(196t) - 1.971719093372275e-25*cos(197t) + 4.6723740821583933e-26*sin(197t) - 1.1459674985515538e-25*cos(198t) + 5.3386445007250778e-26*sin(198t) - 1.1645097484298587e-25*cos(199t) - 1.2496918089570709e-27*sin(199t) - 6.4147746465778563e-26*cos(200t) + 6.0559983970654096e-27*sin(200t)


Create matrix and vector
Linear solver Check || I - RA || < 1: 1.1416903266647192e-10 < 1 ?

Compute Mm ( ||Fminv'|| )
Mm = [23.128287641808157,23.128525683355854]
Verification Fourier order m_verify = 601
Linear solver Check || I - RA || < 1: 2.2204460492503131e-16 < 1 ?

Compute K0 ( ||N'[zh]|| )
K0 = [56.349266919798637,56.349266919812387]

Compute KmN ( || C Finv B || )
Linear solver Check || I - RA || < 1: 9.8220121152600577e-11 < 1 ?
KmN = [0.00017320833909850299,0.00017320833910011415]

Compute kappa
sigmam = [0.0049751243781094526,0.0049751243781094536]
sigmam*K0 = [0.2803446115412867,0.28034461154135521]
kappa = [0.28051781988038515,0.28051781988045533]
(Old) kappa = [365.6428387998921,365.64659919318473]
|| Sinv ||  = [1.3898884887374813,1.3898884887376173]

Compute CFinv ( || C Finv || )
Linear solver Check || I - RA || < 1: 9.8220121152600577e-11 < 1 ?
|| C Finv || = [0.00034854914192194736,0.00034854914192529978]

Compute FinvB ( || Finv B || )
Linear solver Check || I - RA || < 1: 9.8220121152600577e-11 < 1 ?
|| Finv B || = [0.070986204298797012,0.070986204298990247]

Compute Bnorm ( || B || )
|| B || = [13.953876233864157,13.953876233899982]

========================================================
Compute Residual norms || F(zh) ||_Z, || (I - Pm)F(zh) ||_Z, || Dinv F(zh) ||_Z, || C Dinv F(zh) ||_Z 
|| F(zh) ||_Z <= [7.9328900545108525e-16,8.6048745629768249e-12]
|| (I - Pm)F(zh) ||_Z <= [3.1540886604585993e-23,3.1540886604593705e-23]
|| DFinv F(zh) ||_Z <= [0,3.9466572440628184e-11]
Linear solver Check || I - RA || < 1: 2.2204460492503131e-16 < 1 ?
|| C DFinv F(zh) ||_Z <= [0,6.5648016395855433e-25]

========================================================
Compute Newton term norms || F'[zh]^-1 F(zh) ||_Z
|| F'[zh]^-1 F(zh) ||_Z <= [2.1864989035607232e-25,3.9466572440628275e-11]
|| F'[zh]^-1 F(zh) ||_D <= [7.932890177718461e-16,2.232866118376707e-09]
|| DFinv ||_{B(Z)} <= [23.128322037826748,23.128560085039613]
|| DFinv ||_{B(Z, D)} <= [1304.4690413690955,1304.4824572674314]

========================================================
Compute r0 = 2*eta
r0 = [1.5865780355436922e-15,4.4657322367534139e-09]
Compute b(r0)
tilde_b(r0) = [4.7067963387504937e-14,1.3248193081335939e-07]
b(r0) = [6.139870107929424e-11,0.00017282035465094489]
25559 [msec]
Verification Success!!

|| u* - u^ || <= [7.9328901782055293e-16,2.2332520697914337e-09]

Check minimal period
q = 2 : || zh(.+2pi/q) - zh ||_Z >= 6.2224132551745495 , 2*rho <= 4.4665041395828674e-09
  -> z* is not (2pi/2)-periodic
Minimal period of z* is 2*pi (1/2 subharmonic of (1.2))

========================================================
