Create an approximate solution
Approximate Fourier order m_app = 60
alpha = 1
beta = 5
tilde{omega} = 1
omega = tilde{omega}/n = [0.5,0.5]
tau = 0.1
gamma = 1
mu = 0.1
k = 0.1
n = 2
xh = 
-0.47774278935593201
-0.0081370115117902226
-0.11971581532179038
0.49278440134620966
1.8350720000984755
0.15808412731422933
-0.064500708811348617
0.53317431208748189
0.59922509933395884
0.54600798879236268
-0.14974383768187557
0.0035424470562290689
0.24645463516311433
-0.0060804576466267088
-0.080901631700664348
0.14014202332322667
0.10307586987669962
0.10789464657862152
-0.056675278159343701
0.038412604447235349
0.033653762529269438
0.033070812780829843
-0.072133058717313403
0.014061463781271606
0.0018973195280181235
0.014785221485881626
-0.020128315419498576
0.0038420366345540378
0.0026164130128581873
0.0078222774861315993
-0.019462702614632496
0.001220541110986036
-0.0017331278508203535
0.0013143710058806381
-0.0088210904152340348
-0.0025768864050558465
-0.00086970455568852341
0.00053598754746637858
-0.0043304000118214829
-0.0010463820479049576
-0.00022414401677144324
-0.00019525135943367243
-0.0020628688446298641
-0.0011065743288576958
-0.00027383093019707055
-0.00026787701712943797
-0.00092021398389563849
-0.0006322635845833677
8.8685582154197524e-05
-0.00023755465783838027
-0.00031127942763496897
-0.00030635788457043068
6.2172262599881632e-05
-0.00015605642874776926
-0.0001371119690257364
-0.00014411900108160224
0.00010560356404081038
-0.00012492322606584252
-6.1744427187789547e-05
-4.0991605413618571e-05
0.00010949286121711924
-7.1271062639849243e-05
-5.4343432526896438e-05
-3.7823783527951808e-06
0.00011049913187653014
-3.8825672939405407e-05
-6.9709678381602716e-05
-1.5592625671933784e-06
0.00010773948434300878
-4.3382047870465825e-06
-7.7907015475240594e-05
-1.7863357303872495e-05
0.00010097484542224436
2.7202670965701038e-05
-7.9306134676509761e-05
-4.1047392361301132e-05
8.6470028373845012e-05
5.4320262892987343e-05
-6.8695659232049827e-05
-6.3957655247044826e-05
6.5275808412405432e-05
7.5169972208011563e-05
-4.8381572401131061e-05
-8.0532558276274067e-05
3.7968660429798516e-05
8.7149711561614347e-05
-2.1094081699066591e-05
-8.8008082954144857e-05
7.0054120660497346e-06
8.8807950894809052e-05
9.3792319827736309e-06
-8.4795698139553143e-05
-2.4242200997342481e-05
7.9829508743374912e-05
3.9020698034391555e-05
-7.1146280184166991e-05
-5.2273067275485657e-05
6.1208617803041107e-05
6.3977653817876237e-05
-4.8689238663360668e-05
-7.3734509561987897e-05
3.5152177867909107e-05
8.1089265371222537e-05
-2.0187501474357799e-05
-8.6045199561617116e-05
4.8309835153663219e-06
8.819142007888434e-05
1.0826347296340625e-05
-8.7706517914877167e-05
-2.6044773036914236e-05
8.4386980220753119e-05
4.0509028540079969e-05
-7.8521059414980534e-05
-5.3674566768227051e-05
7.0140788969069251e-05
6.5183142157756164e-05
-5.9625906428466721e-05
-7.465150755485207e-05
4.7213226450568072e-05
8.1792796007948431e-05
-3.3357934782265963e-05

yh = 
0
0.11971581532179038
-0.0081370115117902226
-3.670144000196951
0.98556880269241931
0.19350212643404585
0.47425238194268798
-2.3969003973358354
2.1326972483499276
0.7487191884093779
2.7300399439618133
-1.4787278109786861
0.021254682337374414
0.56631142190465045
-0.042563203526386963
-0.82460695901359693
1.1211361865858134
0.5100775034340933
0.97105181920759365
-0.33653762529269438
0.38412604447235349
0.79346364589044738
0.3637789405891283
-0.022767834336217482
0.16873756537525927
0.26166810045348149
0.19220787931646113
-0.036629782180014621
0.05378851288375653
0.29194053921948743
0.11733416229197399
0.027730045613125656
0.019528657775776576
0.1499585370589786
0.022344307099970848
0.015654682002393422
-0.046383955291005238
0.082277600224608172
0.010183763401861192
0.0044828803354288651
-0.020927640958099153
0.043320245737227148
-0.0041002785481071211
0.0060242804643355517
-0.024344635234869308
0.021164921629599685
-0.0061611713939770732
-0.0021284539717007405
-0.015174326030000825
0.0077819856908742241
-0.0059388664459595064
-0.0016164788275969224
-0.0079653049988311977
0.0037020231636948828
-0.0042135235761897698
-0.0029568997931426907
-0.0040353320302848623
0.0017905883884458968
-0.0036227735559094328
-0.0032847858365135773
-0.0012297481624085572
0.0016846464083337897
-0.0022094029418353264
-0.0035359722200489644
-0.00012103610728944579
0.0023004193865928898
-0.0012812472070003783
-0.0036631424676622985
-5.3014927284574868e-05
0.0027267455416334209
-0.0001518371675466304
-0.003635094435200797
-0.00064308086293940979
0.0029343269830308613
0.0010064988257309385
-0.0032858610782061106
-0.0015598009097294431
0.0026791307100499434
0.0021184902528265065
-0.0026110323364962173
-0.0025583062098817931
0.0019836444684463734
0.003081968860528474
-0.0015946837380515376
-0.003382367447603511
0.00090704551305986346
0.0037474375971494169
-0.0003082381309061883
-0.0038723556499823735
-0.00042206543922481337
0.0039963577902664077
0.0011151412458777542
-0.0039006021144194448
-0.0018339728076164031
0.0037519869109386211
0.0025091072292233113
-0.0034150214488400154
-0.0031349050370759355
0.0029992222723490142
0.0036867254780993948
-0.0024344619331680335
-0.0041355525339323495
0.0017927610712633645
0.0044743503772040902
-0.0010497500766666055
-0.0046741452641808701
0.00025604212631441504
0.0047361519674033667
0.00058462275400239375
-0.0046412839121414218
-0.001432462517030283
0.0043971793272389098
0.0022685055982444783
-0.003998024971236947
-0.0030594503057889419
0.0034583025728510699
0.0037806222451498574
-0.0027855803605835163
-0.0044044389457362724
0.0020014760869359579
0.0049075677604769061

i = 0, 0.51743371087984613 <= 7.1054273576010019e-15
i = 1, 0.25416444921124642 <= 7.1054273576010019e-15
i = 2, 0.19624668639786375 <= 7.1054273576010019e-15
i = 3, 0.047688012202910274 <= 7.1054273576010019e-15
i = 4, 0.004473954939533527 <= 7.1054273576010019e-15
i = 5, 0.0003624004138713747 <= 7.1054273576010019e-15
i = 6, 2.3519385204332259e-07 <= 7.1054273576010019e-15
i = 7, 6.5981612051197805e-14 <= 7.1054273576010019e-15
Convergence : i = 8, 2.768363555779367e-15 <= 7.1054273576010019e-15
zh:
-0.95573776728737692
-0.0082421287227025242
-0.11949488910838151
0.49325418092598844
1.8352083557594268
0.15764721113008467
-0.064246104719668268
0.53372340916886474
0.59921143133520238
0.54456256890598642
-0.14925747058210428
0.0035830749915879826
0.24684548293099015
-0.0062203203284277942
-0.080716477800464564
0.14054322011629491
0.10323131452669827
0.10757784172210368
-0.056551261566952706
0.038622688414865332
0.033702135374654642
0.032905240712896369
-0.07206423623605962
0.014285726187489441
0.0020884653879689082
0.014701257048292693
-0.02015671664659683
0.0039878947910180745
0.0026997782756774647
0.0077795633319496229
-0.019535102024907589
0.0012943821684084388
-0.0016263087771562338
0.0012967372322912724
-0.0089089254310366645
-0.0025428359828007169
-0.00077537220852541945
0.00055978618794692771
-0.004423623466712343
-0.0010639033023116266
-0.00014212523714654765
-0.00014838616753306278
-0.0021448941819004648
-0.0011573594855366315
-0.00020964651891267324
-0.00019738367540951689
-0.00097764501521305702
-0.00070666691897452527
0.00012777762027029173
-0.00015346509610445735
-0.0003406950024116713
-0.00039224568150088366
7.1548509770707932e-05
-6.8649491826249174e-05
-0.00013379372098183741
-0.00022939942687140138
8.4386153840140606e-05
-4.4587797294542018e-05
-2.7423107587912729e-05
-0.00011411702301109237
6.0036802418304951e-05
-8.193419974237503e-06
6.351661557114534e-06
-5.5556403086391239e-05
3.8819098628730897e-05
-7.8945262501139769e-07
9.5292591272238658e-06
-2.5346699794827366e-05
2.2674756369524908e-05
3.867819598646629e-06
9.8604647142172491e-06
-1.0707877895840471e-05
1.2970929433014133e-05
4.5119921727075175e-06
6.0129801932576999e-06
-3.8330279688892018e-06
6.4218380659814101e-06
3.4996725165012825e-06
3.5627625705125794e-06
-1.2936840006520072e-06
3.0778724033794908e-06
2.4864583803916401e-06
1.8427599619186755e-06
-1.8567686672745582e-07
1.3214894955027082e-06
1.5799726231995587e-06
8.6796552030156846e-07
7.2850769973355117e-08
4.4798551420766872e-07
9.3355039165719696e-07
3.5654051306829155e-07
1.1501206456313232e-07
1.0538866116475469e-07
5.1985751192659731e-07
1.2746001521385616e-07
8.4367893262646044e-08
-3.0413316018867094e-08
2.7589193416119428e-07
2.6612733627626816e-08
4.5547782341236152e-08
-5.9425246493786277e-08
1.3575950947631215e-07
-5.9061225623138013e-09
2.0186125740091623e-08
-5.3338968398162377e-08
6.3724204191888082e-08
-1.2526607445081169e-08
6.0758688813278565e-09
-3.8187377887677182e-08
2.7039769514448692e-08
-1.0765269103284399e-08
-2.9422361345291833e-10
-2.4350010869097411e-08
1.0142284304075159e-08
-6.810067582148704e-09
-2.3696878023497931e-09
-1.4193884514161833e-08
2.9309606799915989e-09
-3.7575794915211717e-09
-2.4684441551784429e-09
-7.7946588978423921e-09
0
0.059747444554190753
-0.0041210643613512621
-1.8352083557594268
0.49325418092598844
0.096369157079502415
0.23647081669512701
-1.1984228626704048
1.0674468183377295
0.37314367645526075
1.3614064222649658
-0.74053644879297043
0.010749224974763948
0.28250767230162593
-0.021771121149497277
-0.41292525810679309
0.56217288046517966
0.25448067705128719
0.48410028774946651
-0.16851067687327323
0.19311344207432668
0.39635329929832791
0.18097882392093004
-0.012530792327813447
0.085714357124936649
0.13101865820287939
0.095558170813902499
-0.018898447929742251
0.027915263537126523
0.14651326518680693
0.058346724989622172
0.013010470217249871
0.010355057347267511
0.075725866163811648
0.011022266474475814
0.0069783498767287755
-0.022885523845206451
0.042024422933767257
0.0053179687854958127
0.0014212523714654767
-0.010639033023116265
0.022521388909954882
-0.001558054759097159
0.0023061117080394053
-0.012730954340902947
0.011242917674950156
-0.002269912267209444
-0.0015333314432435005
-0.0084800030276943033
0.0042586875301458913
-0.0019183137013057167
-0.0009301306270192032
-0.0050991938595114873
0.0018062152332548049
-0.00092676813965436383
-0.0011814061537619687
-0.0032115919761996192
0.00039763506002473461
-0.00064652306077085924
-0.00090055203627457416
-0.0017117553451663854
-9.8450754135275285e-05
-0.00012699800960068127
-0.00062110557805969435
-0.00088890244938225982
-0.0001572327755991938
-1.3025968312688063e-05
-0.0003854708582819234
-0.00043089389651206522
-0.00017255813249880184
6.7686842976316018e-05
-0.00023347672979425439
-0.00019274180212512846
-0.00011124013357526744
8.3471855195089062e-05
-0.00012201492325364679
-7.2827531408894833e-05
-6.9473870124995307e-05
6.8243614071775014e-05
-6.1557448067589806e-05
-2.5873680013040141e-05
-3.7776579219332849e-05
5.0972396798028618e-05
-2.7751279405556874e-05
-3.8992142012765724e-06
-1.8661258686483723e-05
3.3969411398790508e-05
-9.855681312568711e-06
1.6027169394138127e-06
-8.0221615440365608e-06
2.100488381228693e-05
-2.423939206789358e-06
2.6452774849520438e-06
-2.9953103575256196e-06
1.2216651530275036e-05
7.2991958445281025e-07
2.024829438303505e-06
-6.5201197387685696e-07
6.7593523869492596e-06
1.485631162344657e-06
1.1386945585309039e-06
1.506061253390019e-07
3.4618674916459594e-06
1.3868131783522217e-06
5.2483926924238216e-07
3.3195509729465096e-07
1.6886914110850344e-06
1.0310592029672839e-06
1.6404845979585213e-07
2.9604490034032093e-07
7.4359366164733894e-07
6.8180030433472754e-07
-8.2382611766817136e-09
1.9408692609123808e-07
2.8905510266614201e-07
4.1162265091069314e-07
-6.8720946268144002e-08
1.1084859499987456e-07
8.6463340059752166e-08
2.3383976693527179e-07
-7.4053324655353288e-08


========================================================
Approximation: 
x = 
-0.47786888364368846 - 0.11949488910838151*cos(1t) - 0.0082421287227025242*sin(1t) + 1.8352083557594268*cos(2t) + 0.49325418092598844*sin(2t) - 0.064246104719668268*cos(3t) + 0.15764721113008467*sin(3t) + 0.59921143133520238*cos(4t) + 0.53372340916886474*sin(4t) - 0.14925747058210428*cos(5t) + 0.54456256890598642*sin(5t) + 0.24684548293099015*cos(6t) + 0.0035830749915879826*sin(6t) - 0.080716477800464564*cos(7t) - 0.0062203203284277942*sin(7t) + 0.10323131452669827*cos(8t) + 0.14054322011629491*sin(8t) - 0.056551261566952706*cos(9t) + 0.10757784172210368*sin(9t) + 0.033702135374654642*cos(10t) + 0.038622688414865332*sin(10t) - 0.07206423623605962*cos(11t) + 0.032905240712896369*sin(11t) + 0.0020884653879689082*cos(12t) + 0.014285726187489441*sin(12t) - 0.02015671664659683*cos(13t) + 0.014701257048292693*sin(13t) + 0.0026997782756774647*cos(14t) + 0.0039878947910180745*sin(14t) - 0.019535102024907589*cos(15t) + 0.0077795633319496229*sin(15t) - 0.0016263087771562338*cos(16t) + 0.0012943821684084388*sin(16t) - 0.0089089254310366645*cos(17t) + 0.0012967372322912724*sin(17t) - 0.00077537220852541945*cos(18t) - 0.0025428359828007169*sin(18t) - 0.004423623466712343*cos(19t) + 0.00055978618794692771*sin(19t) - 0.00014212523714654765*cos(20t) - 0.0010639033023116266*sin(20t) - 0.0021448941819004648*cos(21t) - 0.00014838616753306278*sin(21t) - 0.00020964651891267324*cos(22t) - 0.0011573594855366315*sin(22t) - 0.00097764501521305702*cos(23t) - 0.00019738367540951689*sin(23t) + 0.00012777762027029173*cos(24t) - 0.00070666691897452527*sin(24t) - 0.0003406950024116713*cos(25t) - 0.00015346509610445735*sin(25t) + 7.1548509770707932e-05*cos(26t) - 0.00039224568150088366*sin(26t) - 0.00013379372098183741*cos(27t) - 6.8649491826249174e-05*sin(27t) + 8.4386153840140606e-05*cos(28t) - 0.00022939942687140138*sin(28t) - 2.7423107587912729e-05*cos(29t) - 4.4587797294542018e-05*sin(29t) + 6.0036802418304951e-05*cos(30t) - 0.00011411702301109237*sin(30t) + 6.351661557114534e-06*cos(31t) - 8.193419974237503e-06*sin(31t) + 3.8819098628730897e-05*cos(32t) - 5.5556403086391239e-05*sin(32t) + 9.5292591272238658e-06*cos(33t) - 7.8945262501139769e-07*sin(33t) + 2.2674756369524908e-05*cos(34t) - 2.5346699794827366e-05*sin(34t) + 9.8604647142172491e-06*cos(35t) + 3.867819598646629e-06*sin(35t) + 1.2970929433014133e-05*cos(36t) - 1.0707877895840471e-05*sin(36t) + 6.0129801932576999e-06*cos(37t) + 4.5119921727075175e-06*sin(37t) + 6.4218380659814101e-06*cos(38t) - 3.8330279688892018e-06*sin(38t) + 3.5627625705125794e-06*cos(39t) + 3.4996725165012825e-06*sin(39t) + 3.0778724033794908e-06*cos(40t) - 1.2936840006520072e-06*sin(40t) + 1.8427599619186755e-06*cos(41t) + 2.4864583803916401e-06*sin(41t) + 1.3214894955027082e-06*cos(42t) - 1.8567686672745582e-07*sin(42t) + 8.6796552030156846e-07*cos(43t) + 1.5799726231995587e-06*sin(43t) + 4.4798551420766872e-07*cos(44t) + 7.2850769973355117e-08*sin(44t) + 3.5654051306829155e-07*cos(45t) + 9.3355039165719696e-07*sin(45t) + 1.0538866116475469e-07*cos(46t) + 1.1501206456313232e-07*sin(46t) + 1.2746001521385616e-07*cos(47t) + 5.1985751192659731e-07*sin(47t) - 3.0413316018867094e-08*cos(48t) + 8.4367893262646044e-08*sin(48t) + 2.6612733627626816e-08*cos(49t) + 2.7589193416119428e-07*sin(49t) - 5.9425246493786277e-08*cos(50t) + 4.5547782341236152e-08*sin(50t) - 5.9061225623138013e-09*cos(51t) + 1.3575950947631215e-07*sin(51t) - 5.3338968398162377e-08*cos(52t) + 2.0186125740091623e-08*sin(52t) - 1.2526607445081169e-08*cos(53t) + 6.3724204191888082e-08*sin(53t) - 3.8187377887677182e-08*cos(54t) + 6.0758688813278565e-09*sin(54t) - 1.0765269103284399e-08*cos(55t) + 2.7039769514448692e-08*sin(55t) - 2.4350010869097411e-08*cos(56t) - 2.9422361345291833e-10*sin(56t) - 6.810067582148704e-09*cos(57t) + 1.0142284304075159e-08*sin(57t) - 1.4193884514161833e-08*cos(58t) - 2.3696878023497931e-09*sin(58t) - 3.7575794915211717e-09*cos(59t) + 2.9309606799915989e-09*sin(59t) - 7.7946588978423921e-09*cos(60t) - 2.4684441551784429e-09*sin(60t)


y = 
0 - 0.0041210643613512621*cos(1t) + 0.059747444554190753*sin(1t) + 0.49325418092598844*cos(2t) - 1.8352083557594268*sin(2t) + 0.23647081669512701*cos(3t) + 0.096369157079502415*sin(3t) + 1.0674468183377295*cos(4t) - 1.1984228626704048*sin(4t) + 1.3614064222649658*cos(5t) + 0.37314367645526075*sin(5t) + 0.010749224974763948*cos(6t) - 0.74053644879297043*sin(6t) - 0.021771121149497277*cos(7t) + 0.28250767230162593*sin(7t) + 0.56217288046517966*cos(8t) - 0.41292525810679309*sin(8t) + 0.48410028774946651*cos(9t) + 0.25448067705128719*sin(9t) + 0.19311344207432668*cos(10t) - 0.16851067687327323*sin(10t) + 0.18097882392093004*cos(11t) + 0.39635329929832791*sin(11t) + 0.085714357124936649*cos(12t) - 0.012530792327813447*sin(12t) + 0.095558170813902499*cos(13t) + 0.13101865820287939*sin(13t) + 0.027915263537126523*cos(14t) - 0.018898447929742251*sin(14t) + 0.058346724989622172*cos(15t) + 0.14651326518680693*sin(15t) + 0.010355057347267511*cos(16t) + 0.013010470217249871*sin(16t) + 0.011022266474475814*cos(17t) + 0.075725866163811648*sin(17t) - 0.022885523845206451*cos(18t) + 0.0069783498767287755*sin(18t) + 0.0053179687854958127*cos(19t) + 0.042024422933767257*sin(19t) - 0.010639033023116265*cos(20t) + 0.0014212523714654767*sin(20t) - 0.001558054759097159*cos(21t) + 0.022521388909954882*sin(21t) - 0.012730954340902947*cos(22t) + 0.0023061117080394053*sin(22t) - 0.002269912267209444*cos(23t) + 0.011242917674950156*sin(23t) - 0.0084800030276943033*cos(24t) - 0.0015333314432435005*sin(24t) - 0.0019183137013057167*cos(25t) + 0.0042586875301458913*sin(25t) - 0.0050991938595114873*cos(26t) - 0.0009301306270192032*sin(26t) - 0.00092676813965436383*cos(27t) + 0.0018062152332548049*sin(27t) - 0.0032115919761996192*cos(28t) - 0.0011814061537619687*sin(28t) - 0.00064652306077085924*cos(29t) + 0.00039763506002473461*sin(29t) - 0.0017117553451663854*cos(30t) - 0.00090055203627457416*sin(30t) - 0.00012699800960068127*cos(31t) - 9.8450754135275285e-05*sin(31t) - 0.00088890244938225982*cos(32t) - 0.00062110557805969435*sin(32t) - 1.3025968312688063e-05*cos(33t) - 0.0001572327755991938*sin(33t) - 0.00043089389651206522*cos(34t) - 0.0003854708582819234*sin(34t) + 6.7686842976316018e-05*cos(35t) - 0.00017255813249880184*sin(35t) - 0.00019274180212512846*cos(36t) - 0.00023347672979425439*sin(36t) + 8.3471855195089062e-05*cos(37t) - 0.00011124013357526744*sin(37t) - 7.2827531408894833e-05*cos(38t) - 0.00012201492325364679*sin(38t) + 6.8243614071775014e-05*cos(39t) - 6.9473870124995307e-05*sin(39t) - 2.5873680013040141e-05*cos(40t) - 6.1557448067589806e-05*sin(40t) + 5.0972396798028618e-05*cos(41t) - 3.7776579219332849e-05*sin(41t) - 3.8992142012765724e-06*cos(42t) - 2.7751279405556874e-05*sin(42t) + 3.3969411398790508e-05*cos(43t) - 1.8661258686483723e-05*sin(43t) + 1.6027169394138127e-06*cos(44t) - 9.855681312568711e-06*sin(44t) + 2.100488381228693e-05*cos(45t) - 8.0221615440365608e-06*sin(45t) + 2.6452774849520438e-06*cos(46t) - 2.423939206789358e-06*sin(46t) + 1.2216651530275036e-05*cos(47t) - 2.9953103575256196e-06*sin(47t) + 2.024829438303505e-06*cos(48t) + 7.2991958445281025e-07*sin(48t) + 6.7593523869492596e-06*cos(49t) - 6.5201197387685696e-07*sin(49t) + 1.1386945585309039e-06*cos(50t) + 1.485631162344657e-06*sin(50t) + 3.4618674916459594e-06*cos(51t) + 1.506061253390019e-07*sin(51t) + 5.2483926924238216e-07*cos(52t) + 1.3868131783522217e-06*sin(52t) + 1.6886914110850344e-06*cos(53t) + 3.3195509729465096e-07*sin(53t) + 1.6404845979585213e-07*cos(54t) + 1.0310592029672839e-06*sin(54t) + 7.4359366164733894e-07*cos(55t) + 2.9604490034032093e-07*sin(55t) - 8.2382611766817136e-09*cos(56t) + 6.8180030433472754e-07*sin(56t) + 2.8905510266614201e-07*cos(57t) + 1.9408692609123808e-07*sin(57t) - 6.8720946268144002e-08*cos(58t) + 4.1162265091069314e-07*sin(58t) + 8.6463340059752166e-08*cos(59t) + 1.1084859499987456e-07*sin(59t) - 7.4053324655353288e-08*cos(60t) + 2.3383976693527179e-07*sin(60t)


Create matrix and vector
Linear solver Check || I - RA || < 1: 2.8499911153201855e-11 < 1 ?

Compute Mm ( ||Fminv'|| )
Mm = [23.128372808404375,23.128440512666334]
Verification Fourier order m_verify = 181
Linear solver Check || I - RA || < 1: 2.2204460492503131e-16 < 1 ?

Compute K0 ( ||N'[zh]|| )
K0 = [56.349267356072346,56.349267356076368]

Compute KmN ( || C Finv B || )
Linear solver Check || I - RA || < 1: 2.8648419468615748e-11 < 1 ?
KmN = [0.0028121638368666748,0.0028121638368754426]

Compute kappa
sigmam = [0.016393442622950817,0.016393442622950821]
sigmam*K0 = [0.92375848124708748,0.92375848124715366]
kappa = [0.92657064508395414,0.9265706450840292]
(Old) kappa = [1204.8275764057323,1204.8311006235461]
|| Sinv ||  = [13.618531732211621,13.618531732225544]

Compute CFinv ( || C Finv || )
Linear solver Check || I - RA || < 1: 2.8648419468615748e-11 < 1 ?
|| C Finv || = [0.003974160981827038,0.003974160981846637]

Compute FinvB ( || Finv B || )
Linear solver Check || I - RA || < 1: 2.8648419468615748e-11 < 1 ?
|| Finv B || = [0.25141662604895587,0.2514166260491666]

Compute Bnorm ( || B || )
|| B || = [13.953876233877261,13.953876233887753]

========================================================
Compute Residual norms || F(zh) ||_Z, || (I - Pm)F(zh) ||_Z, || Dinv F(zh) ||_Z, || C Dinv F(zh) ||_Z 
|| F(zh) ||_Z <= [1.9376570813327047e-05,1.9376570813328817e-05]
|| (I - Pm)F(zh) ||_Z <= [1.9376570813327047e-05,1.9376570813328719e-05]
|| DFinv F(zh) ||_Z <= [0,1.0584976909426675e-11]
Linear solver Check || I - RA || < 1: 2.2204460492503131e-16 < 1 ?
|| C DFinv F(zh) ||_Z <= [0,1.3178098389955971e-17]

========================================================
Compute Newton term norms || F'[zh]^-1 F(zh) ||_Z
|| F'[zh]^-1 F(zh) ||_Z <= [4.4605351248358485e-06,4.4605377059565423e-06]
|| F'[zh]^-1 F(zh) ||_D <= [0.00027076120115923315,0.0002707613466262969]
|| DFinv ||_{B(Z)} <= [23.142112592546663,23.142180461401097]
|| DFinv ||_{B(Z, D)} <= [1305.246261469746,1305.2500864322315]

========================================================
Compute r0 = 2*eta
r0 = [0.00054152240231846631,0.0005415226932525938]
Compute b(r0)
tilde_b(r0) = [0.016066071857464298,0.016066080489580311]
b(r0) = [20.970180228459572,20.97025294765189]
10561 [msec]
Verification Failure...

========================================================
