Create an approximate solution
Approximate Fourier order m_app = 70
alpha = 1
beta = 5
tilde{omega} = 1
omega = tilde{omega}/n = [0.5,0.5]
tau = 0.1
gamma = 1
mu = 0.1
k = 0.1
n = 2
xh = 
-0.47774278935593201
-0.0081370115117902226
-0.11971581532179038
0.49278440134620966
1.8350720000984755
0.15808412731422933
-0.064500708811348617
0.53317431208748189
0.59922509933395884
0.54600798879236268
-0.14974383768187557
0.0035424470562290689
0.24645463516311433
-0.0060804576466267088
-0.080901631700664348
0.14014202332322667
0.10307586987669962
0.10789464657862152
-0.056675278159343701
0.038412604447235349
0.033653762529269438
0.033070812780829843
-0.072133058717313403
0.014061463781271606
0.0018973195280181235
0.014785221485881626
-0.020128315419498576
0.0038420366345540378
0.0026164130128581873
0.0078222774861315993
-0.019462702614632496
0.001220541110986036
-0.0017331278508203535
0.0013143710058806381
-0.0088210904152340348
-0.0025768864050558465
-0.00086970455568852341
0.00053598754746637858
-0.0043304000118214829
-0.0010463820479049576
-0.00022414401677144324
-0.00019525135943367243
-0.0020628688446298641
-0.0011065743288576958
-0.00027383093019707055
-0.00026787701712943797
-0.00092021398389563849
-0.0006322635845833677
8.8685582154197524e-05
-0.00023755465783838027
-0.00031127942763496897
-0.00030635788457043068
6.2172262599881632e-05
-0.00015605642874776926
-0.0001371119690257364
-0.00014411900108160224
0.00010560356404081038
-0.00012492322606584252
-6.1744427187789547e-05
-4.0991605413618571e-05
0.00010949286121711924
-7.1271062639849243e-05
-5.4343432526896438e-05
-3.7823783527951808e-06
0.00011049913187653014
-3.8825672939405407e-05
-6.9709678381602716e-05
-1.5592625671933784e-06
0.00010773948434300878
-4.3382047870465825e-06
-7.7907015475240594e-05
-1.7863357303872495e-05
0.00010097484542224436
2.7202670965701038e-05
-7.9306134676509761e-05
-4.1047392361301132e-05
8.6470028373845012e-05
5.4320262892987343e-05
-6.8695659232049827e-05
-6.3957655247044826e-05
6.5275808412405432e-05
7.5169972208011563e-05
-4.8381572401131061e-05
-8.0532558276274067e-05
3.7968660429798516e-05
8.7149711561614347e-05
-2.1094081699066591e-05
-8.8008082954144857e-05
7.0054120660497346e-06
8.8807950894809052e-05
9.3792319827736309e-06
-8.4795698139553143e-05
-2.4242200997342481e-05
7.9829508743374912e-05
3.9020698034391555e-05
-7.1146280184166991e-05
-5.2273067275485657e-05
6.1208617803041107e-05
6.3977653817876237e-05
-4.8689238663360668e-05
-7.3734509561987897e-05
3.5152177867909107e-05
8.1089265371222537e-05
-2.0187501474357799e-05
-8.6045199561617116e-05
4.8309835153663219e-06
8.819142007888434e-05
1.0826347296340625e-05
-8.7706517914877167e-05
-2.6044773036914236e-05
8.4386980220753119e-05
4.0509028540079969e-05
-7.8521059414980534e-05
-5.3674566768227051e-05
7.0140788969069251e-05
6.5183142157756164e-05
-5.9625906428466721e-05
-7.465150755485207e-05
4.7213226450568072e-05
8.1792796007948431e-05
-3.3357934782265963e-05
-8.6385869862664179e-05
1.8441718175284198e-05
8.8281264449753847e-05
-2.9657108587711007e-06
-8.74284429947044e-05
-1.2612991613351695e-05
8.3845196706226321e-05
2.779127385622635e-05
-7.765152056747024e-05
-4.2107552107170605e-05
6.903336935839714e-05
5.5107953977687725e-05
-5.8265465077042577e-05
-6.6391826011725783e-05
4.5678721541602202e-05
7.5604617291776454e-05
-3.1669379210119284e-05
-8.2460552703176337e-05
1.6671353460664031e-05
8.674522404521345e-05

yh = 
0
0.11971581532179038
-0.0081370115117902226
-3.670144000196951
0.98556880269241931
0.19350212643404585
0.47425238194268798
-2.3969003973358354
2.1326972483499276
0.7487191884093779
2.7300399439618133
-1.4787278109786861
0.021254682337374414
0.56631142190465045
-0.042563203526386963
-0.82460695901359693
1.1211361865858134
0.5100775034340933
0.97105181920759365
-0.33653762529269438
0.38412604447235349
0.79346364589044738
0.3637789405891283
-0.022767834336217482
0.16873756537525927
0.26166810045348149
0.19220787931646113
-0.036629782180014621
0.05378851288375653
0.29194053921948743
0.11733416229197399
0.027730045613125656
0.019528657775776576
0.1499585370589786
0.022344307099970848
0.015654682002393422
-0.046383955291005238
0.082277600224608172
0.010183763401861192
0.0044828803354288651
-0.020927640958099153
0.043320245737227148
-0.0041002785481071211
0.0060242804643355517
-0.024344635234869308
0.021164921629599685
-0.0061611713939770732
-0.0021284539717007405
-0.015174326030000825
0.0077819856908742241
-0.0059388664459595064
-0.0016164788275969224
-0.0079653049988311977
0.0037020231636948828
-0.0042135235761897698
-0.0029568997931426907
-0.0040353320302848623
0.0017905883884458968
-0.0036227735559094328
-0.0032847858365135773
-0.0012297481624085572
0.0016846464083337897
-0.0022094029418353264
-0.0035359722200489644
-0.00012103610728944579
0.0023004193865928898
-0.0012812472070003783
-0.0036631424676622985
-5.3014927284574868e-05
0.0027267455416334209
-0.0001518371675466304
-0.003635094435200797
-0.00064308086293940979
0.0029343269830308613
0.0010064988257309385
-0.0032858610782061106
-0.0015598009097294431
0.0026791307100499434
0.0021184902528265065
-0.0026110323364962173
-0.0025583062098817931
0.0019836444684463734
0.003081968860528474
-0.0015946837380515376
-0.003382367447603511
0.00090704551305986346
0.0037474375971494169
-0.0003082381309061883
-0.0038723556499823735
-0.00042206543922481337
0.0039963577902664077
0.0011151412458777542
-0.0039006021144194448
-0.0018339728076164031
0.0037519869109386211
0.0025091072292233113
-0.0034150214488400154
-0.0031349050370759355
0.0029992222723490142
0.0036867254780993948
-0.0024344619331680335
-0.0041355525339323495
0.0017927610712633645
0.0044743503772040902
-0.0010497500766666055
-0.0046741452641808701
0.00025604212631441504
0.0047361519674033667
0.00058462275400239375
-0.0046412839121414218
-0.001432462517030283
0.0043971793272389098
0.0022685055982444783
-0.003998024971236947
-0.0030594503057889419
0.0034583025728510699
0.0037806222451498574
-0.0027855803605835163
-0.0044044389457362724
0.0020014760869359579
0.0049075677604769061
-0.0011249448086923361
-0.0052695380616225151
0.00018387407324380826
0.0054734383958847388
0.00079461847164115677
-0.0055079919086663768
-0.0017786415267984864
0.0053660925891984845
0.0027369908869660895
-0.0050473488368855653
-0.0036371249625273896
0.0045562023776542114
0.0044482523427856278
-0.0039037861601618528
-0.0051411139758407989
0.0031061530648289499
0.005689778136519167
-0.0021851871654982305
-0.0060721656831649413
0.0011669947422464821

i = 0, 0.51743394008648724 <= 7.1054273576010019e-15
i = 1, 0.25416556620531211 <= 7.1054273576010019e-15
i = 2, 0.1962474705434846 <= 7.1054273576010019e-15
i = 3, 0.047688626881617631 <= 7.1054273576010019e-15
i = 4, 0.0044740097117618675 <= 7.1054273576010019e-15
i = 5, 0.00036241642180878311 <= 7.1054273576010019e-15
i = 6, 2.3521452295613219e-07 <= 7.1054273576010019e-15
i = 7, 7.3649754992883573e-14 <= 7.1054273576010019e-15
Convergence : i = 8, 1.7910607291120036e-15 <= 7.1054273576010019e-15
zh:
-0.955737767287407
-0.0082421287226810882
-0.11949488910835314
0.49325418092601636
1.8352083557594527
0.15764721113007199
-0.064246104719657207
0.53372340916891581
0.59921143133524857
0.54456256890585908
-0.14925747058206149
0.0035830749915542167
0.24684548293101943
-0.0062203203284280015
-0.080716477800445746
0.14054322011631673
0.10323131452672213
0.10757784172207795
-0.05655126156693574
0.038622688414869578
0.033702135374660297
0.032905240712891144
-0.07206423623604355
0.014285726187496788
0.0020884653879903251
0.01470125704829252
-0.020156716646584003
0.0039878947910256951
0.0026997782756852757
0.0077795633319551463
-0.019535102024896597
0.0012943821684150677
-0.0016263087771471727
0.0012967372323000098
-0.0089089254310269501
-0.0025428359827903814
-0.00077537220851987593
0.00055978618796185707
-0.0044236234667045958
-0.0010639033022989929
-0.00014212523714549031
-0.00014838616751295601
-0.0021448941818965734
-0.0011573594855201438
-0.00020964651891859973
-0.00019738367538318962
-0.00097764501521561097
-0.00070666691895549482
0.00012777762025163332
-0.0001534650960736658
-0.00034069500242554199
-0.00039224568148367277
7.1548509733833552e-05
-6.8649491795169461e-05
-0.0001337937210110369
-0.00022939942686198657
8.438615377550176e-05
-4.4587797270077592e-05
-2.7423107639311484e-05
-0.00011411702302817285
6.0036802315036869e-05
-8.193419979629237e-06
6.3516614814486683e-06
-5.5556403153883671e-05
3.881909848361747e-05
-7.8945267776824712e-07
9.5292590409311662e-06
-2.5346699949465973e-05
2.2674756177813606e-05
3.8678194506947827e-06
9.8604646204367936e-06
-1.0707878205547801e-05
1.2970929203981928e-05
4.5119918593134941e-06
6.012980199206763e-06
-3.8330284947950198e-06
6.4218378896714606e-06
3.4996720428753185e-06
3.5627627574320413e-06
-1.2936847491636599e-06
3.0778723157952863e-06
2.4864576159046413e-06
1.8427605421758686e-06
-1.8567808167972656e-07
1.3214897060471928e-06
1.5799716728192982e-06
8.6796701554564749e-07
7.2849675592190147e-08
4.4798649699646689e-07
9.335495994652362e-07
3.5654322548491497e-07
1.1501096514063818e-07
1.053900178670746e-07
5.1985705294092702e-07
1.2746432081818481e-07
8.4367173332148878e-08
-3.0409898222251817e-08
2.7589304783580744e-07
2.6621147751661466e-08
4.5551296383280176e-08
-5.9421920321074107e-08
1.3576511731980422e-07
-5.8972950786208665e-09
2.0192244952796583e-08
-5.3335508729145738e-08
6.3730615804388713e-08
-1.2515189783818355e-08
6.0875346337688447e-09
-3.8183556240231213e-08
2.7063044128106662e-08
-1.074629277970851e-08
-2.6780565166230308e-10
-2.4356575078981956e-08
1.015678493680491e-08
-6.8073561019817886e-09
-2.3459823212725928e-09
-1.4212974352459159e-08
2.9420550793202685e-09
-3.7539848195241774e-09
-2.4546188421964182e-09
-7.8039737907663349e-09
2.2022109072165259e-10
-1.7455357328003583e-09
-1.9389949605754939e-09
-4.0144223242799085e-09
-5.5247759399303124e-10
-6.4461696150788914e-10
-1.3033665679400947e-09
-1.9357047069957519e-09
-6.0412419830802023e-10
-1.1953927687538134e-10
-7.9915670177355944e-10
-8.699837465099918e-10
-4.5013755132401962e-10
8.287715515922359e-11
-4.5064110147458385e-10
-3.5259562066813997e-10
-2.8507801501672839e-10
1.3201039457898507e-10
-2.3509475659521574e-10
-1.2280775466804553e-10
0
0.059747444554176569
-0.0041210643613405441
-1.8352083557594527
0.49325418092601636
0.096369157079485818
0.23647081669510803
-1.1984228626704971
1.0674468183378316
0.37314367645515373
1.3614064222646476
-0.74053644879305824
0.010749224974662651
0.28250767230156004
-0.021771121149498005
-0.41292525810688852
0.56217288046526692
0.25448067705121086
0.48410028774935077
-0.16851067687330146
0.19311344207434791
0.39635329929823954
0.18097882392090128
-0.012530792327941949
0.085714357124980739
0.13101865820279601
0.095558170813901375
-0.018898447929796929
0.027915263537179869
0.14651326518672447
0.05834672498966359
0.013010470217177382
0.010355057347320541
0.075725866163729075
0.011022266474550083
0.0069783498766788831
-0.022885523845113432
0.042024422933693656
0.0053179687856376411
0.0014212523714549031
-0.010639033022989929
0.022521388909914022
-0.0015580547588860379
0.0023061117081045971
-0.012730954340721582
0.011242917674979525
-0.0022699122669066806
-0.0015333314430195997
-0.0084800030274659374
0.0042586875303192752
-0.0019183137009208225
-0.00093013062653983622
-0.0050991938592877461
0.0018062152336489981
-0.00092676813923478767
-0.0011814061528570249
-0.0032115919760678118
0.00039763506077001654
-0.0006465230604161251
-0.00090055203472555316
-0.0017117553454225928
-9.8450752962454357e-05
-0.00012699800968425317
-0.00062110557573787951
-0.00088890245046213874
-0.00015723277417536424
-1.3025969183176078e-05
-0.0003854708550228313
-0.00043089389914092156
-0.0001725581308576439
6.7686840387158696e-05
-0.0002334767256716747
-0.00019274180769986041
-0.00011124013368532512
8.3471849397299635e-05
-0.00012201491990375776
-7.282754140110537e-05
-6.9473873769924799e-05
6.8243604836068711e-05
-6.1557446315905736e-05
-2.5873694983273199e-05
-3.7776591114605301e-05
5.0972381126045145e-05
-2.775128382699105e-05
-3.8992397152742575e-06
-1.8661290834231423e-05
3.396939096561491e-05
-9.8557029339222714e-06
1.6026928630281831e-06
-8.0222225734105862e-06
2.1004865987967815e-05
-2.4239704109427159e-06
2.645252198234678e-06
-2.9954115392273434e-06
1.2216640744111785e-05
7.298375573340436e-07
2.0248121599715733e-06
-6.5221811991570599e-07
6.7593796719772826e-06
1.4855480080268527e-06
1.1387824095820044e-06
1.503810245048321e-07
3.4620104916550077e-06
1.3867232269577892e-06
5.2499836877271116e-07
3.3165252927118644e-07
1.688861318816301e-06
1.0309560184862429e-06
1.6436343511175879e-07
2.9552305144198406e-07
7.4423371352293327e-07
6.8198410221149473e-07
-7.4985582465444866e-09
1.94009648906481e-07
2.8946837069893996e-07
4.1217625622131557e-07
-6.8033487316905192e-08
1.1074255217596322e-07
8.6790624839947926e-08
2.3411921372299007e-07
-7.3638565265892548e-08
5.3238839850410931e-08
6.7167432670104042e-09
1.2444709205267713e-07
-6.0108843777840307e-08
2.0305434287498508e-08
-1.7403044210780484e-08
6.1942550623864061e-08
-4.1707730174083031e-08
3.885026498449894e-09
-1.963403644501066e-08
2.8709463634829731e-08
-2.6372171158527461e-08
-2.7763846978339901e-09
-1.5079607969354656e-08
1.1988251102716759e-08
-1.5321797450135852e-08
-4.5543586129749846e-09
-9.8351915180771289e-09
4.2982714133815939e-09
-8.2283164808325519e-09


========================================================
Approximation: 
x = 
-0.4778688836437035 - 0.11949488910835314*cos(1t) - 0.0082421287226810882*sin(1t) + 1.8352083557594527*cos(2t) + 0.49325418092601636*sin(2t) - 0.064246104719657207*cos(3t) + 0.15764721113007199*sin(3t) + 0.59921143133524857*cos(4t) + 0.53372340916891581*sin(4t) - 0.14925747058206149*cos(5t) + 0.54456256890585908*sin(5t) + 0.24684548293101943*cos(6t) + 0.0035830749915542167*sin(6t) - 0.080716477800445746*cos(7t) - 0.0062203203284280015*sin(7t) + 0.10323131452672213*cos(8t) + 0.14054322011631673*sin(8t) - 0.05655126156693574*cos(9t) + 0.10757784172207795*sin(9t) + 0.033702135374660297*cos(10t) + 0.038622688414869578*sin(10t) - 0.07206423623604355*cos(11t) + 0.032905240712891144*sin(11t) + 0.0020884653879903251*cos(12t) + 0.014285726187496788*sin(12t) - 0.020156716646584003*cos(13t) + 0.01470125704829252*sin(13t) + 0.0026997782756852757*cos(14t) + 0.0039878947910256951*sin(14t) - 0.019535102024896597*cos(15t) + 0.0077795633319551463*sin(15t) - 0.0016263087771471727*cos(16t) + 0.0012943821684150677*sin(16t) - 0.0089089254310269501*cos(17t) + 0.0012967372323000098*sin(17t) - 0.00077537220851987593*cos(18t) - 0.0025428359827903814*sin(18t) - 0.0044236234667045958*cos(19t) + 0.00055978618796185707*sin(19t) - 0.00014212523714549031*cos(20t) - 0.0010639033022989929*sin(20t) - 0.0021448941818965734*cos(21t) - 0.00014838616751295601*sin(21t) - 0.00020964651891859973*cos(22t) - 0.0011573594855201438*sin(22t) - 0.00097764501521561097*cos(23t) - 0.00019738367538318962*sin(23t) + 0.00012777762025163332*cos(24t) - 0.00070666691895549482*sin(24t) - 0.00034069500242554199*cos(25t) - 0.0001534650960736658*sin(25t) + 7.1548509733833552e-05*cos(26t) - 0.00039224568148367277*sin(26t) - 0.0001337937210110369*cos(27t) - 6.8649491795169461e-05*sin(27t) + 8.438615377550176e-05*cos(28t) - 0.00022939942686198657*sin(28t) - 2.7423107639311484e-05*cos(29t) - 4.4587797270077592e-05*sin(29t) + 6.0036802315036869e-05*cos(30t) - 0.00011411702302817285*sin(30t) + 6.3516614814486683e-06*cos(31t) - 8.193419979629237e-06*sin(31t) + 3.881909848361747e-05*cos(32t) - 5.5556403153883671e-05*sin(32t) + 9.5292590409311662e-06*cos(33t) - 7.8945267776824712e-07*sin(33t) + 2.2674756177813606e-05*cos(34t) - 2.5346699949465973e-05*sin(34t) + 9.8604646204367936e-06*cos(35t) + 3.8678194506947827e-06*sin(35t) + 1.2970929203981928e-05*cos(36t) - 1.0707878205547801e-05*sin(36t) + 6.012980199206763e-06*cos(37t) + 4.5119918593134941e-06*sin(37t) + 6.4218378896714606e-06*cos(38t) - 3.8330284947950198e-06*sin(38t) + 3.5627627574320413e-06*cos(39t) + 3.4996720428753185e-06*sin(39t) + 3.0778723157952863e-06*cos(40t) - 1.2936847491636599e-06*sin(40t) + 1.8427605421758686e-06*cos(41t) + 2.4864576159046413e-06*sin(41t) + 1.3214897060471928e-06*cos(42t) - 1.8567808167972656e-07*sin(42t) + 8.6796701554564749e-07*cos(43t) + 1.5799716728192982e-06*sin(43t) + 4.4798649699646689e-07*cos(44t) + 7.2849675592190147e-08*sin(44t) + 3.5654322548491497e-07*cos(45t) + 9.335495994652362e-07*sin(45t) + 1.053900178670746e-07*cos(46t) + 1.1501096514063818e-07*sin(46t) + 1.2746432081818481e-07*cos(47t) + 5.1985705294092702e-07*sin(47t) - 3.0409898222251817e-08*cos(48t) + 8.4367173332148878e-08*sin(48t) + 2.6621147751661466e-08*cos(49t) + 2.7589304783580744e-07*sin(49t) - 5.9421920321074107e-08*cos(50t) + 4.5551296383280176e-08*sin(50t) - 5.8972950786208665e-09*cos(51t) + 1.3576511731980422e-07*sin(51t) - 5.3335508729145738e-08*cos(52t) + 2.0192244952796583e-08*sin(52t) - 1.2515189783818355e-08*cos(53t) + 6.3730615804388713e-08*sin(53t) - 3.8183556240231213e-08*cos(54t) + 6.0875346337688447e-09*sin(54t) - 1.074629277970851e-08*cos(55t) + 2.7063044128106662e-08*sin(55t) - 2.4356575078981956e-08*cos(56t) - 2.6780565166230308e-10*sin(56t) - 6.8073561019817886e-09*cos(57t) + 1.015678493680491e-08*sin(57t) - 1.4212974352459159e-08*cos(58t) - 2.3459823212725928e-09*sin(58t) - 3.7539848195241774e-09*cos(59t) + 2.9420550793202685e-09*sin(59t) - 7.8039737907663349e-09*cos(60t) - 2.4546188421964182e-09*sin(60t) - 1.7455357328003583e-09*cos(61t) + 2.2022109072165259e-10*sin(61t) - 4.0144223242799085e-09*cos(62t) - 1.9389949605754939e-09*sin(62t) - 6.4461696150788914e-10*cos(63t) - 5.5247759399303124e-10*sin(63t) - 1.9357047069957519e-09*cos(64t) - 1.3033665679400947e-09*sin(64t) - 1.1953927687538134e-10*cos(65t) - 6.0412419830802023e-10*sin(65t) - 8.699837465099918e-10*cos(66t) - 7.9915670177355944e-10*sin(66t) + 8.287715515922359e-11*cos(67t) - 4.5013755132401962e-10*sin(67t) - 3.5259562066813997e-10*cos(68t) - 4.5064110147458385e-10*sin(68t) + 1.3201039457898507e-10*cos(69t) - 2.8507801501672839e-10*sin(69t) - 1.2280775466804553e-10*cos(70t) - 2.3509475659521574e-10*sin(70t)


y = 
0 - 0.0041210643613405441*cos(1t) + 0.059747444554176569*sin(1t) + 0.49325418092601636*cos(2t) - 1.8352083557594527*sin(2t) + 0.23647081669510803*cos(3t) + 0.096369157079485818*sin(3t) + 1.0674468183378316*cos(4t) - 1.1984228626704971*sin(4t) + 1.3614064222646476*cos(5t) + 0.37314367645515373*sin(5t) + 0.010749224974662651*cos(6t) - 0.74053644879305824*sin(6t) - 0.021771121149498005*cos(7t) + 0.28250767230156004*sin(7t) + 0.56217288046526692*cos(8t) - 0.41292525810688852*sin(8t) + 0.48410028774935077*cos(9t) + 0.25448067705121086*sin(9t) + 0.19311344207434791*cos(10t) - 0.16851067687330146*sin(10t) + 0.18097882392090128*cos(11t) + 0.39635329929823954*sin(11t) + 0.085714357124980739*cos(12t) - 0.012530792327941949*sin(12t) + 0.095558170813901375*cos(13t) + 0.13101865820279601*sin(13t) + 0.027915263537179869*cos(14t) - 0.018898447929796929*sin(14t) + 0.05834672498966359*cos(15t) + 0.14651326518672447*sin(15t) + 0.010355057347320541*cos(16t) + 0.013010470217177382*sin(16t) + 0.011022266474550083*cos(17t) + 0.075725866163729075*sin(17t) - 0.022885523845113432*cos(18t) + 0.0069783498766788831*sin(18t) + 0.0053179687856376411*cos(19t) + 0.042024422933693656*sin(19t) - 0.010639033022989929*cos(20t) + 0.0014212523714549031*sin(20t) - 0.0015580547588860379*cos(21t) + 0.022521388909914022*sin(21t) - 0.012730954340721582*cos(22t) + 0.0023061117081045971*sin(22t) - 0.0022699122669066806*cos(23t) + 0.011242917674979525*sin(23t) - 0.0084800030274659374*cos(24t) - 0.0015333314430195997*sin(24t) - 0.0019183137009208225*cos(25t) + 0.0042586875303192752*sin(25t) - 0.0050991938592877461*cos(26t) - 0.00093013062653983622*sin(26t) - 0.00092676813923478767*cos(27t) + 0.0018062152336489981*sin(27t) - 0.0032115919760678118*cos(28t) - 0.0011814061528570249*sin(28t) - 0.0006465230604161251*cos(29t) + 0.00039763506077001654*sin(29t) - 0.0017117553454225928*cos(30t) - 0.00090055203472555316*sin(30t) - 0.00012699800968425317*cos(31t) - 9.8450752962454357e-05*sin(31t) - 0.00088890245046213874*cos(32t) - 0.00062110557573787951*sin(32t) - 1.3025969183176078e-05*cos(33t) - 0.00015723277417536424*sin(33t) - 0.00043089389914092156*cos(34t) - 0.0003854708550228313*sin(34t) + 6.7686840387158696e-05*cos(35t) - 0.0001725581308576439*sin(35t) - 0.00019274180769986041*cos(36t) - 0.0002334767256716747*sin(36t) + 8.3471849397299635e-05*cos(37t) - 0.00011124013368532512*sin(37t) - 7.282754140110537e-05*cos(38t) - 0.00012201491990375776*sin(38t) + 6.8243604836068711e-05*cos(39t) - 6.9473873769924799e-05*sin(39t) - 2.5873694983273199e-05*cos(40t) - 6.1557446315905736e-05*sin(40t) + 5.0972381126045145e-05*cos(41t) - 3.7776591114605301e-05*sin(41t) - 3.8992397152742575e-06*cos(42t) - 2.775128382699105e-05*sin(42t) + 3.396939096561491e-05*cos(43t) - 1.8661290834231423e-05*sin(43t) + 1.6026928630281831e-06*cos(44t) - 9.8557029339222714e-06*sin(44t) + 2.1004865987967815e-05*cos(45t) - 8.0222225734105862e-06*sin(45t) + 2.645252198234678e-06*cos(46t) - 2.4239704109427159e-06*sin(46t) + 1.2216640744111785e-05*cos(47t) - 2.9954115392273434e-06*sin(47t) + 2.0248121599715733e-06*cos(48t) + 7.298375573340436e-07*sin(48t) + 6.7593796719772826e-06*cos(49t) - 6.5221811991570599e-07*sin(49t) + 1.1387824095820044e-06*cos(50t) + 1.4855480080268527e-06*sin(50t) + 3.4620104916550077e-06*cos(51t) + 1.503810245048321e-07*sin(51t) + 5.2499836877271116e-07*cos(52t) + 1.3867232269577892e-06*sin(52t) + 1.688861318816301e-06*cos(53t) + 3.3165252927118644e-07*sin(53t) + 1.6436343511175879e-07*cos(54t) + 1.0309560184862429e-06*sin(54t) + 7.4423371352293327e-07*cos(55t) + 2.9552305144198406e-07*sin(55t) - 7.4985582465444866e-09*cos(56t) + 6.8198410221149473e-07*sin(56t) + 2.8946837069893996e-07*cos(57t) + 1.94009648906481e-07*sin(57t) - 6.8033487316905192e-08*cos(58t) + 4.1217625622131557e-07*sin(58t) + 8.6790624839947926e-08*cos(59t) + 1.1074255217596322e-07*sin(59t) - 7.3638565265892548e-08*cos(60t) + 2.3411921372299007e-07*sin(60t) + 6.7167432670104042e-09*cos(61t) + 5.3238839850410931e-08*sin(61t) - 6.0108843777840307e-08*cos(62t) + 1.2444709205267713e-07*sin(62t) - 1.7403044210780484e-08*cos(63t) + 2.0305434287498508e-08*sin(63t) - 4.1707730174083031e-08*cos(64t) + 6.1942550623864061e-08*sin(64t) - 1.963403644501066e-08*cos(65t) + 3.885026498449894e-09*sin(65t) - 2.6372171158527461e-08*cos(66t) + 2.8709463634829731e-08*sin(66t) - 1.5079607969354656e-08*cos(67t) - 2.7763846978339901e-09*sin(67t) - 1.5321797450135852e-08*cos(68t) + 1.1988251102716759e-08*sin(68t) - 9.8351915180771289e-09*cos(69t) - 4.5543586129749846e-09*sin(69t) - 8.2283164808325519e-09*cos(70t) + 4.2982714133815939e-09*sin(70t)


Create matrix and vector
Linear solver Check || I - RA || < 1: 3.3514171793096118e-11 < 1 ?

Compute Mm ( ||Fminv'|| )
Mm = [23.128366611648679,23.128446717450903]
Verification Fourier order m_verify = 211
Linear solver Check || I - RA || < 1: 2.2204460492503131e-16 < 1 ?

Compute K0 ( ||N'[zh]|| )
K0 = [56.34926694679968,56.349266946804413]

Compute KmN ( || C Finv B || )
Linear solver Check || I - RA || < 1: 3.318756258128456e-11 < 1 ?
KmN = [0.0018917365186318167,0.0018917365186390545]

Compute kappa
sigmam = [0.014084507042253519,0.014084507042253522]
sigmam*K0 = [0.79365164713802349,0.79365164713809045]
kappa = [0.79554338365665522,0.79554338365672961]
(Old) kappa = [1035.1332593995994,1035.1368418665102]
|| Sinv ||  = [4.8910131542072283,4.8910131542090092]

Compute CFinv ( || C Finv || )
Linear solver Check || I - RA || < 1: 3.318756258128456e-11 < 1 ?
|| C Finv || = [0.0028953405100674471,0.0028953405100795231]

Compute FinvB ( || Finv B || )
Linear solver Check || I - RA || < 1: 3.318756258128456e-11 < 1 ?
|| Finv B || = [0.21226828977411563,0.2122682897743225]

Compute Bnorm ( || B || )
|| B || = [13.953876233875412,13.953876233887967]

========================================================
Compute Residual norms || F(zh) ||_Z, || (I - Pm)F(zh) ||_Z, || Dinv F(zh) ||_Z, || C Dinv F(zh) ||_Z 
|| F(zh) ||_Z <= [1.2761120958070776e-06,1.2761120958094121e-06]
|| (I - Pm)F(zh) ||_Z <= [1.2761120958070776e-06,1.2761120958072067e-06]
|| DFinv F(zh) ||_Z <= [0,1.2584491591392535e-11]
Linear solver Check || I - RA || < 1: 2.2204460492503131e-16 < 1 ?
|| C DFinv F(zh) ||_Z <= [0,8.7088428929516111e-19]

========================================================
Compute Newton term norms || F'[zh]^-1 F(zh) ||_Z
|| F'[zh]^-1 F(zh) ||_Z <= [8.9866839509916578e-08,8.9869453424973196e-08]
|| F'[zh]^-1 F(zh) ||_D <= [6.3406795011158302e-06,6.3408268155686437e-06]
|| DFinv ||_{B(Z)} <= [23.131381532396108,23.131461688945067]
|| DFinv ||_{B(Z, D)} <= [1304.6414694151426,1304.6459868892189]

========================================================
Compute r0 = 2*eta
r0 = [1.268135900223166e-05,1.2681653631137288e-05]
Compute b(r0)
tilde_b(r0) = [0.00037621010204013765,0.00037621884262905437]
b(r0) = [0.49081930033446591,0.4908324032281024]
11794 [msec]
Verification Success!!

|| u* - u^ || <= [1.2452709824392079e-05,1.2453319605900366e-05]

Check minimal period
q = 2 : || zh(.+2pi/q) - zh ||_Z >= 6.2224132551745122 , 2*rho <= 2.490663921180073e-05
  -> z* is not (2pi/2)-periodic
Minimal period of z* is 2*pi (1/2 subharmonic of (1.2))

========================================================
